<html>
<body>
<pre>
<h1>µVision Build Log</h1>
<h2>Project:</h2>
T:\MYS_Projects\15SS_Team_BOLTZ\ECU-MMI\2 Code\CANReceiveMotBMS_F107_V1.31_150820\CANReceiveMotBMS.uvproj
Project File Date:  08/20/2015

<h2>Output:</h2>
Build target 'MCBSTM32'
linking...
Program Size: Code=13648 RO-data=1076 RW-data=108 ZI-data=5764  
".\obj\CANReceiveMotBMS.axf" - 0 Error(s), 0 Warning(s).
</pre>
</body>
</html>
os_core.c...
compiling os_flag.c...
compiling os_q.c...
compiling os_sem.c...
compiling os_task.c...
compiling os_time.c...
compiling stm32f10x_rcc.c...
compiling misc.c...
compiling core_cm3.c...
compiling system_stm32f10x.c...
compiling stm32f10x_can.c...
compiling stm32f10x_gpio.c...
compiling stm32f10x_usart.c...
compiling BasicIO.c...
compiling bsp.c...
compiling os_dbg.c...
compiling os_cpu_c.c...
assembling os_cpu_a.asm...
linking...
Program Size: Code=13648 RO-data=1076 RW-data=108 ZI-data=5764  
".\obj\CANReceiveMotBMS.axf" - 0 Error(s), 0 Warning(s).
