Product: MDK-ARM Standard 5.10
Component: ARM Compiler 5.04 update 1 (build 49)
Tool: armlink [5040049]

==============================================================================

Section Cross References

    startup_stm32f10x_cl.o(RESET) refers to startup_stm32f10x_cl.o(STACK) for __initial_sp
    startup_stm32f10x_cl.o(RESET) refers to startup_stm32f10x_cl.o(.text) for Reset_Handler
    startup_stm32f10x_cl.o(RESET) refers to os_cpu_a.o(.text) for OS_CPU_PendSVHandler
    startup_stm32f10x_cl.o(RESET) refers to os_cpu_c.o(i.OS_CPU_SysTickHandler) for OS_CPU_SysTickHandler
    startup_stm32f10x_cl.o(RESET) refers to boltz_mmi_f1.o(i.EXTI9_5_IRQHandler) for EXTI9_5_IRQHandler
    startup_stm32f10x_cl.o(.text) refers to system_stm32f10x.o(i.SystemInit) for SystemInit
    startup_stm32f10x_cl.o(.text) refers to entry.o(.ARM.Collect$$$$00000000) for __main
    boltz_mmi_f1.o(i.EXTI9_5_IRQHandler) refers to stm32f10x_exti.o(i.EXTI_GetITStatus) for EXTI_GetITStatus
    boltz_mmi_f1.o(i.EXTI9_5_IRQHandler) refers to basicio.o(i.Set_GPIO_on) for Set_GPIO_on
    boltz_mmi_f1.o(i.EXTI9_5_IRQHandler) refers to basicio.o(i.LED_on) for LED_on
    boltz_mmi_f1.o(i.EXTI9_5_IRQHandler) refers to stm32f10x_exti.o(i.EXTI_ClearITPendingBit) for EXTI_ClearITPendingBit
    boltz_mmi_f1.o(i.PrintOSerr) refers to basicio.o(i.print_string) for print_string
    boltz_mmi_f1.o(i.PrintOSerr) refers to basicio.o(i.print_hexbyte) for print_hexbyte
    boltz_mmi_f1.o(i.PrintOSerr) refers to basicio.o(i._getch) for _getch
    boltz_mmi_f1.o(i.StartUpTask) refers to os_cpu_c.o(i.OS_CPU_SysTickInit) for OS_CPU_SysTickInit
    boltz_mmi_f1.o(i.StartUpTask) refers to os_core.o(i.OSStatInit) for OSStatInit
    boltz_mmi_f1.o(i.StartUpTask) refers to os_task.o(i.OSTaskCreate) for OSTaskCreate
    boltz_mmi_f1.o(i.StartUpTask) refers to os_task.o(i.OSTaskNameSet) for OSTaskNameSet
    boltz_mmi_f1.o(i.StartUpTask) refers to os_time.o(i.OSTimeDly) for OSTimeDly
    boltz_mmi_f1.o(i.StartUpTask) refers to os_core.o(.data) for OSIdleCtr
    boltz_mmi_f1.o(i.StartUpTask) refers to boltz_mmi_f1.o(.data) for .data
    boltz_mmi_f1.o(i.StartUpTask) refers to boltz_mmi_f1.o(.bss) for .bss
    boltz_mmi_f1.o(i.StartUpTask) refers to boltz_mmi_f1.o(i.UserTask_CANMsgSend) for UserTask_CANMsgSend
    boltz_mmi_f1.o(i.StartUpTask) refers to boltz_mmi_f1.o(i.UserTask_CANMsgRec) for UserTask_CANMsgRec
    boltz_mmi_f1.o(i.StartUpTask) refers to boltz_mmi_f1.o(i.UserTask_LCDOutput) for UserTask_LCDOutput
    boltz_mmi_f1.o(i.StartUpTask) refers to boltz_mmi_f1.o(i.UserTask_SDwrite) for UserTask_SDwrite
    boltz_mmi_f1.o(i.StartUpTask) refers to boltz_mmi_f1.o(i.UserTask_TerminalOutput) for UserTask_TerminalOutput
    boltz_mmi_f1.o(i.UserTask_CANMsgRec) refers to canlib.o(i.CAN_ReceiveMessage) for CAN_ReceiveMessage
    boltz_mmi_f1.o(i.UserTask_CANMsgRec) refers to canlib.o(i.CAN_ReceiveMotorParameters) for CAN_ReceiveMotorParameters
    boltz_mmi_f1.o(i.UserTask_CANMsgRec) refers to canlib.o(i.CAN_ReceiveBatteryParameters) for CAN_ReceiveBatteryParameters
    boltz_mmi_f1.o(i.UserTask_CANMsgRec) refers to os_time.o(i.OSTimeDly) for OSTimeDly
    boltz_mmi_f1.o(i.UserTask_CANMsgRec) refers to canlib.o(.bss) for CanRecMsg
    boltz_mmi_f1.o(i.UserTask_CANMsgRec) refers to boltz_mmi_f1.o(.bss) for .bss
    boltz_mmi_f1.o(i.UserTask_CANMsgSend) refers to basicio.o(i.LED_on) for LED_on
    boltz_mmi_f1.o(i.UserTask_CANMsgSend) refers to basicio.o(i.LED_off) for LED_off
    boltz_mmi_f1.o(i.UserTask_CANMsgSend) refers to adclib.o(i.Get_Potvalue) for Get_Potvalue
    boltz_mmi_f1.o(i.UserTask_CANMsgSend) refers to basicio.o(i.uint2str) for uint2str
    boltz_mmi_f1.o(i.UserTask_CANMsgSend) refers to canlib.o(i.CAN_FillThrottlemsg) for CAN_FillThrottlemsg
    boltz_mmi_f1.o(i.UserTask_CANMsgSend) refers to os_time.o(i.OSTimeDly) for OSTimeDly
    boltz_mmi_f1.o(i.UserTask_CANMsgSend) refers to boltz_mmi_f1.o(.data) for .data
    boltz_mmi_f1.o(i.UserTask_CANMsgSend) refers to canlib.o(.bss) for CanSendMsg
    boltz_mmi_f1.o(i.UserTask_LCDOutput) refers to lcdlib.o(i.LCD_Display_Parameters) for LCD_Display_Parameters
    boltz_mmi_f1.o(i.UserTask_LCDOutput) refers to lcdlib.o(i.LCD_Display_Measured_Values) for LCD_Display_Measured_Values
    boltz_mmi_f1.o(i.UserTask_LCDOutput) refers to os_time.o(i.OSTimeDly) for OSTimeDly
    boltz_mmi_f1.o(i.UserTask_SDwrite) refers to ff.o(i.f_mount) for f_mount
    boltz_mmi_f1.o(i.UserTask_SDwrite) refers to ff.o(i.f_open) for f_open
    boltz_mmi_f1.o(i.UserTask_SDwrite) refers to ff.o(i.f_puts) for f_puts
    boltz_mmi_f1.o(i.UserTask_SDwrite) refers to ff.o(i.f_lseek) for f_lseek
    boltz_mmi_f1.o(i.UserTask_SDwrite) refers to ff.o(i.f_printf) for f_printf
    boltz_mmi_f1.o(i.UserTask_SDwrite) refers to ff.o(i.f_close) for f_close
    boltz_mmi_f1.o(i.UserTask_SDwrite) refers to os_time.o(i.OSTimeDly) for OSTimeDly
[...]
    i.ADC_ResetCalibration                   0x08000930   Section        0  stm32f10x_adc.o(i.ADC_ResetCalibration)
    i.ADC_SoftwareStartConvCmd               0x0800093a   Section        0  stm32f10x_adc.o(i.ADC_SoftwareStartConvCmd)
    i.ADC_StartCalibration                   0x0800094e   Section        0  stm32f10x_adc.o(i.ADC_StartCalibration)
    i.ADC_StructInit                         0x08000958   Section        0  stm32f10x_adc.o(i.ADC_StructInit)
    i.BSP_CPU_ClkFreq                        0x0800096a   Section        0  bsp.o(i.BSP_CPU_ClkFreq)
    i.CAN_Configuration                      0x0800097c   Section        0  peripheral_init.o(i.CAN_Configuration)
    i.CAN_DeInit                             0x08000a28   Section        0  stm32f10x_can.o(i.CAN_DeInit)
    i.CAN_FIFORelease                        0x08000a54   Section        0  stm32f10x_can.o(i.CAN_FIFORelease)
    i.CAN_FillThrottlemsg                    0x08000a6c   Section        0  canlib.o(i.CAN_FillThrottlemsg)
    i.CAN_FilterInit                         0x08000ac4   Section        0  stm32f10x_can.o(i.CAN_FilterInit)
    i.CAN_Init                               0x08000b90   Section        0  stm32f10x_can.o(i.CAN_Init)
    i.CAN_Receive                            0x08000c78   Section        0  stm32f10x_can.o(i.CAN_Receive)
    i.CAN_ReceiveBatteryParameters           0x08000cf8   Section        0  canlib.o(i.CAN_ReceiveBatteryParameters)
    i.CAN_ReceiveMessage                     0x08000df0   Section        0  canlib.o(i.CAN_ReceiveMessage)
    i.CAN_ReceiveMotorParameters             0x08000df8   Section        0  canlib.o(i.CAN_ReceiveMotorParameters)
    i.CAN_StructInit                         0x08000f18   Section        0  stm32f10x_can.o(i.CAN_StructInit)
    i.CAN_Transmit                           0x08000f38   Section        0  stm32f10x_can.o(i.CAN_Transmit)
    i.EXTI9_5_IRQHandler                     0x08000fdc   Section        0  boltz_mmi_f1.o(i.EXTI9_5_IRQHandler)
    i.EXTI_ClearITPendingBit                 0x0800100c   Section        0  stm32f10x_exti.o(i.EXTI_ClearITPendingBit)
    i.EXTI_GetITStatus                       0x08001018   Section        0  stm32f10x_exti.o(i.EXTI_GetITStatus)
    i.EXTI_Init                              0x08001038   Section        0  stm32f10x_exti.o(i.EXTI_Init)
    i.GLCD_BargraphWithCorlorLineX           0x080010a8   Section        0  glcd_spi_stm32.o(i.GLCD_BargraphWithCorlorLineX)
    i.GLCD_Clear                             0x08001124   Section        0  glcd_spi_stm32.o(i.GLCD_Clear)
    i.GLCD_DisplayCharWithColor              0x08001158   Section        0  glcd_spi_stm32.o(i.GLCD_DisplayCharWithColor)
    i.GLCD_DisplayStringWithColor            0x080011d8   Section        0  glcd_spi_stm32.o(i.GLCD_DisplayStringWithColor)
    i.GLCD_DrawCharWithColor                 0x08001208   Section        0  glcd_spi_stm32.o(i.GLCD_DrawCharWithColor)
    i.GLCD_Init                              0x080012a4   Section        0  glcd_spi_stm32.o(i.GLCD_Init)
    i.GLCD_SetWindow                         0x08001878   Section        0  glcd_spi_stm32.o(i.GLCD_SetWindow)
    i.GLCD_WindowMax                         0x08001910   Section        0  glcd_spi_stm32.o(i.GLCD_WindowMax)
    i.GPIO_EXTILineConfig                    0x08001920   Section        0  stm32f10x_gpio.o(i.GPIO_EXTILineConfig)
    i.GPIO_Init                              0x08001948   Section        0  stm32f10x_gpio.o(i.GPIO_Init)
    i.GPIO_PinRemapConfig                    0x080019ec   Section        0  stm32f10x_gpio.o(i.GPIO_PinRemapConfig)
    i.GPIO_ResetBits                         0x08001a44   Section        0  stm32f10x_gpio.o(i.GPIO_ResetBits)
    i.GPIO_SetBits                           0x08001a48   Section        0  stm32f10x_gpio.o(i.GPIO_SetBits)
    i.GPIO_StructInit                        0x08001a4c   Section        0  stm32f10x_gpio.o(i.GPIO_StructInit)
    i.Get_Potvalue                           0x08001a5c   Section        0  adclib.o(i.Get_Potvalue)
    i.LCD_Display_Measured_Values            0x08001a84   Section        0  lcdlib.o(i.LCD_Display_Measured_Values)
    i.LCD_Display_Parameters                 0x08001d24   Section        0  lcdlib.o(i.LCD_Display_Parameters)
    i.LCD_Init                               0x08001ec0   Section        0  lcdlib.o(i.LCD_Init)
    i.LED_Configuration                      0x08001ed0   Section        0  peripheral_init.o(i.LED_Configuration)
    i.LED_off                                0x08001f04   Section        0  basicio.o(i.LED_off)
    i.LED_on                                 0x08001f10   Section        0  basicio.o(i.LED_on)
    i.NVIC_Init                              0x08001f1c   Section        0  misc.o(i.NVIC_Init)
    i.OSInit                                 0x08001f80   Section        0  os_core.o(i.OSInit)
    i.OSInitHookBegin                        0x08002060   Section        0  os_cpu_c.o(i.OSInitHookBegin)
    i.OSInitHookEnd                          0x08002062   Section        0  os_cpu_c.o(i.OSInitHookEnd)
    i.OSIntExit                              0x08002064   Section        0  os_core.o(i.OSIntExit)
    i.OSStart                                0x080020b8   Section        0  os_core.o(i.OSStart)
    i.OSStatInit                             0x080020e8   Section        0  os_core.o(i.OSStatInit)
    i.OSTCBInitHook                          0x0800211c   Section        0  os_cpu_c.o(i.OSTCBInitHook)
    i.OSTaskCreate                           0x08002120   Section        0  os_task.o(i.OSTaskCreate)
    i.OSTaskCreateHook                       0x080021a8   Section        0  os_cpu_c.o(i.OSTaskCreateHook)
    i.OSTaskIdleHook                         0x080021aa   Section        0  os_cpu_c.o(i.OSTaskIdleHook)
    i.OSTaskNameSet                          0x080021ac   Section        0  os_task.o(i.OSTaskNameSet)
    i.OSTaskStatHook                         0x08002224   Section        0  os_cpu_c.o(i.OSTaskStatHook)
    i.OSTaskStkInit                          0x08002226   Section        0  os_cpu_c.o(i.OSTaskStkInit)
    i.OSTaskSuspend                          0x0800229c   Section        0  os_task.o(i.OSTaskSuspend)
    i.OSTaskSwHook                           0x08002320   Section        0  os_cpu_c.o(i.OSTaskSwHook)
    i.OSTimeDly                              0x08002324   Section        0  os_time.o(i.OSTimeDly)
    i.OSTimeTick                             0x08002378   Section        0  os_core.o(i.OSTimeTick)
    i.OSVersion                              0x080023e0   Section        0  os_core.o(i.OSVersion)
    i.OS_CPU_SysTickClkFreq                  0x080023e6   Section        0  bsp.o(i.OS_CPU_SysTickClkFreq)
    i.OS_CPU_SysTickHandler                  0x080023ec   Section        0  os_cpu_c.o(i.OS_CPU_SysTickHandler)
    i.OS_CPU_SysTickInit                     0x08002410   Section        0  os_cpu_c.o(i.OS_CPU_SysTickInit)
    i.OS_MemClr                              0x08002436   Section        0  os_core.o(i.OS_MemClr)
    i.OS_Sched                               0x08002448   Section        0  os_core.o(i.OS_Sched)
    i.OS_SchedNew                            0x0800248c   Section        0  os_core.o(i.OS_SchedNew)
    OS_SchedNew                              0x0800248d   Thumb Code    24  os_core.o(i.OS_SchedNew)
    i.OS_StrCopy                             0x080024ac   Section        0  os_core.o(i.OS_StrCopy)
    i.OS_StrLen                              0x080024ca   Section        0  os_core.o(i.OS_StrLen)
    i.OS_TCBInit                             0x080024e0   Section        0  os_core.o(i.OS_TCBInit)
    i.OS_TaskIdle                            0x08002580   Section        0  os_core.o(i.OS_TaskIdle)
    i.OS_TaskStat                            0x0800259c   Section        0  os_core.o(i.OS_TaskStat)
    i.Periph_Init                            0x080025f0   Section        0  peripheral_init.o(i.Periph_Init)
    i.RCC_ADCCLKConfig                       0x0800261c   Section        0  stm32f10x_rcc.o(i.RCC_ADCCLKConfig)
    i.RCC_APB1PeriphClockCmd                 0x08002630   Section        0  stm32f10x_rcc.o(i.RCC_APB1PeriphClockCmd)
    i.RCC_APB1PeriphResetCmd                 0x08002648   Section        0  stm32f10x_rcc.o(i.RCC_APB1PeriphResetCmd)
    i.RCC_APB2PeriphClockCmd                 0x08002660   Section        0  stm32f10x_rcc.o(i.RCC_APB2PeriphClockCmd)
    i.RCC_APB2PeriphResetCmd                 0x08002678   Section        0  stm32f10x_rcc.o(i.RCC_APB2PeriphResetCmd)
    i.RCC_Configuration                      0x08002690   Section        0  peripheral_init.o(i.RCC_Configuration)
    i.RCC_DeInit                             0x08002748   Section        0  stm32f10x_rcc.o(i.RCC_DeInit)
    i.RCC_GetClocksFreq                      0x08002794   Section        0  stm32f10x_rcc.o(i.RCC_GetClocksFreq)
    i.RCC_GetFlagStatus                      0x0800285c   Section        0  stm32f10x_rcc.o(i.RCC_GetFlagStatus)
    i.RCC_GetSYSCLKSource                    0x0800288c   Section        0  stm32f10x_rcc.o(i.RCC_GetSYSCLKSource)
    i.RCC_HCLKConfig                         0x0800289c   Section        0  stm32f10x_rcc.o(i.RCC_HCLKConfig)
    i.RCC_HSEConfig                          0x080028b0   Section        0  stm32f10x_rcc.o(i.RCC_HSEConfig)
    i.RCC_I2S2CLKConfig                      0x080028e4   Section        0  stm32f10x_rcc.o(i.RCC_I2S2CLKConfig)
    i.RCC_PCLK1Config                        0x080028f0   Section        0  stm32f10x_rcc.o(i.RCC_PCLK1Config)
    i.RCC_PCLK2Config                        0x08002904   Section        0  stm32f10x_rcc.o(i.RCC_PCLK2Config)
    i.RCC_PLL2Cmd                            0x08002918   Section        0  stm32f10x_rcc.o(i.RCC_PLL2Cmd)
    i.RCC_PLL2Config                         0x08002924   Section        0  stm32f10x_rcc.o(i.RCC_PLL2Config)
    i.RCC_PLL3Cmd                            0x08002938   Section        0  stm32f10x_rcc.o(i.RCC_PLL3Cmd)
    i.RCC_PLL3Config                         0x08002944   Section        0  stm32f10x_rcc.o(i.RCC_PLL3Config)
    i.RCC_PLLCmd                             0x08002958   Section        0  stm32f10x_rcc.o(i.RCC_PLLCmd)
    i.RCC_PLLConfig                          0x08002964   Section        0  stm32f10x_rcc.o(i.RCC_PLLConfig)
    i.RCC_PREDIV1Config                      0x08002978   Section        0  stm32f10x_rcc.o(i.RCC_PREDIV1Config)
    i.RCC_PREDIV2Config                      0x08002994   Section        0  stm32f10x_rcc.o(i.RCC_PREDIV2Config)
    i.RCC_SYSCLKConfig                       0x080029a8   Section        0  stm32f10x_rcc.o(i.RCC_SYSCLKConfig)
    i.RCC_WaitForHSEStartUp                  0x080029bc   Section        0  stm32f10x_rcc.o(i.RCC_WaitForHSEStartUp)
    i.SD_Configuration                       0x080029e8   Section        0  peripheral_init.o(i.SD_Configuration)
    i.SPI_CalculateCRC                       0x08002a98   Section        0  stm32f10x_spi.o(i.SPI_CalculateCRC)
    i.SPI_Cmd                                0x08002aac   Section        0  stm32f10x_spi.o(i.SPI_Cmd)
    i.SPI_I2S_GetFlagStatus                  0x08002ac0   Section        0  stm32f10x_spi.o(i.SPI_I2S_GetFlagStatus)
    i.SPI_Init                               0x08002ace   Section        0  stm32f10x_spi.o(i.SPI_Init)
    i.SetSysClockTo72                        0x08002b08   Section        0  system_stm32f10x.o(i.SetSysClockTo72)
    SetSysClockTo72                          0x08002b09   Thumb Code   190  system_stm32f10x.o(i.SetSysClockTo72)
    i.Set_GPIO_off                           0x08002bd8   Section        0  basicio.o(i.Set_GPIO_off)
    i.Set_GPIO_on                            0x08002bdc   Section        0  basicio.o(i.Set_GPIO_on)
    i.StartUpTask                            0x08002be0   Section        0  boltz_mmi_f1.o(i.StartUpTask)
    i.SystemInit                             0x08002d58   Section        0  system_stm32f10x.o(i.SystemInit)
    i.TIM_Cmd                                0x08002db4   Section        0  stm32f10x_tim.o(i.TIM_Cmd)
    i.TIM_GetCounter                         0x08002dc8   Section        0  stm32f10x_tim.o(i.TIM_GetCounter)
    i.TIM_SelectOnePulseMode                 0x08002dcc   Section        0  stm32f10x_tim.o(i.TIM_SelectOnePulseMode)
    i.TIM_SetCounter                         0x08002ddc   Section        0  stm32f10x_tim.o(i.TIM_SetCounter)
    i.TIM_TimeBaseInit                       0x08002de0   Section        0  stm32f10x_tim.o(i.TIM_TimeBaseInit)
    i.TM_FATFS_SD_disk_initialize            0x08002e7c   Section        0  fatfs_sd.o(i.TM_FATFS_SD_disk_initialize)
    i.TM_FATFS_SD_disk_ioctl                 0x08002f58   Section        0  fatfs_sd.o(i.TM_FATFS_SD_disk_ioctl)
    i.TM_FATFS_SD_disk_read                  0x08003114   Section        0  fatfs_sd.o(i.TM_FATFS_SD_disk_read)
    i.TM_FATFS_SD_disk_status                0x0800318c   Section        0  fatfs_sd.o(i.TM_FATFS_SD_disk_status)
    i.TM_FATFS_SD_disk_write                 0x080031a0   Section        0  fatfs_sd.o(i.TM_FATFS_SD_disk_write)
    i.TM_SPI_ReadMulti                       0x08003234   Section        0  sdlib.o(i.TM_SPI_ReadMulti)
    i.TM_SPI_Send                            0x0800325a   Section        0  sdlib.o(i.TM_SPI_Send)
    i.TM_SPI_WriteMulti                      0x0800328a   Section        0  sdlib.o(i.TM_SPI_WriteMulti)
    i.Timer_Configuration                    0x080032ac   Section        0  peripheral_init.o(i.Timer_Configuration)
    i.UI_Configuration                       0x080032ec   Section        0  peripheral_init.o(i.UI_Configuration)
    i.USART_Cmd                              0x0800337c   Section        0  stm32f10x_usart.o(i.USART_Cmd)
    i.USART_Configuration                    0x08003390   Section        0  peripheral_init.o(i.USART_Configuration)
    i.USART_Init                             0x08003420   Section        0  stm32f10x_usart.o(i.USART_Init)
    i.USART_StructInit                       0x080034cc   Section        0  stm32f10x_usart.o(i.USART_StructInit)
    i.UserTask_CANMsgRec                     0x080034e4   Section        0  boltz_mmi_f1.o(i.UserTask_CANMsgRec)
    i.UserTask_CANMsgSend                    0x08003514   Section        0  boltz_mmi_f1.o(i.UserTask_CANMsgSend)
    i.UserTask_LCDOutput                     0x08003584   Section        0  boltz_mmi_f1.o(i.UserTask_LCDOutput)
    i.UserTask_SDwrite                       0x08003594   Section        0  boltz_mmi_f1.o(i.UserTask_SDwrite)
    i.UserTask_TerminalOutput                0x080037e4   Section        0  boltz_mmi_f1.o(i.UserTask_TerminalOutput)
    i.__scatterload_copy                     0x08003ad4   Section       14  handlers.o(i.__scatterload_copy)
    i.__scatterload_null                     0x08003ae2   Section        2  handlers.o(i.__scatterload_null)
    i.__scatterload_zeroinit                 0x08003ae4   Section       14  handlers.o(i.__scatterload_zeroinit)
    i._putch                                 0x08003af4   Section        0  basicio.o(i._putch)
    i.bin2ascii                              0x08003b0c   Section        0  basicio.o(i.bin2ascii)
    i.check_fs                               0x08003b1c   Section        0  ff.o(i.check_fs)
    check_fs                                 0x08003b1d   Thumb Code    86  ff.o(i.check_fs)
    i.chk_chr                                0x08003b78   Section        0  ff.o(i.chk_chr)
    chk_chr                                  0x08003b79   Thumb Code    16  ff.o(i.chk_chr)
    i.clust2sect                             0x08003b88   Section        0  ff.o(i.clust2sect)
    i.create_chain                           0x08003ba0   Section        0  ff.o(i.create_chain)
    create_chain                             0x08003ba1   Thumb Code   158  ff.o(i.create_chain)
    i.create_name                            0x08003c40   Section        0  ff.o(i.create_name)
    create_name                              0x08003c41   Thumb Code   244  ff.o(i.create_name)
    i.delay                                  0x08003d48   Section        0  glcd_spi_stm32.o(i.delay)
    delay                                    0x08003d49   Thumb Code     8  glcd_spi_stm32.o(i.delay)
    i.deselect                               0x08003d50   Section        0  fatfs_sd.o(i.deselect)
    deselect                                 0x08003d51   Thumb Code    20  fatfs_sd.o(i.deselect)
    i.dir_alloc                              0x08003d68   Section        0  ff.o(i.dir_alloc)
    dir_alloc                                0x08003d69   Thumb Code    66  ff.o(i.dir_alloc)
    i.dir_next                               0x08003daa   Section        0  ff.o(i.dir_next)
    dir_next                                 0x08003dab   Thumb Code   230  ff.o(i.dir_next)
    i.dir_register                           0x08003e90   Section        0  ff.o(i.dir_register)
    dir_register                             0x08003e91   Thumb Code    56  ff.o(i.dir_register)
    i.dir_sdi                                0x08003ec8   Section        0  ff.o(i.dir_sdi)
    dir_sdi                                  0x08003ec9   Thumb Code   126  ff.o(i.dir_sdi)
    i.disk_initialize                        0x08003f46   Section        0  diskio.o(i.disk_initialize)
    i.disk_ioctl                             0x08003f54   Section        0  diskio.o(i.disk_ioctl)
    i.disk_read                              0x08003f68   Section        0  diskio.o(i.disk_read)
    i.disk_status                            0x08003f86   Section        0  diskio.o(i.disk_status)
    i.disk_write                             0x08003f94   Section        0  diskio.o(i.disk_write)
    i.f_close                                0x08003fb6   Section        0  ff.o(i.f_close)
    i.f_lseek                                0x08003fd2   Section        0  ff.o(i.f_lseek)
    i.f_mount                                0x08004100   Section        0  ff.o(i.f_mount)
    i.f_open                                 0x0800414c   Section        0  ff.o(i.f_open)
    i.f_printf                               0x08004284   Section        0  ff.o(i.f_printf)
    i.f_puts                                 0x0800446c   Section        0  ff.o(i.f_puts)
    i.f_sync                                 0x080044b2   Section        0  ff.o(i.f_sync)
    i.f_write                                0x0800454a   Section        0  ff.o(i.f_write)
    i.find_volume                            0x080046c8   Section        0  ff.o(i.find_volume)
    find_volume                              0x080046c9   Thumb Code   554  ff.o(i.find_volume)
    i.fixedpoint                             0x08004900   Section        0  basicio.o(i.fixedpoint)
    i.follow_path                            0x0800496c   Section        0  ff.o(i.follow_path)
    follow_path                              0x0800496d   Thumb Code   170  ff.o(i.follow_path)
    i.ftostr                                 0x08004a18   Section        0  basicio.o(i.ftostr)
    i.get_fat                                0x08004a98   Section        0  ff.o(i.get_fat)
    i.get_fattime                            0x08004b50   Section        0  diskio.o(i.get_fattime)
    i.get_ldnumber                           0x08004b58   Section        0  ff.o(i.get_ldnumber)
    get_ldnumber                             0x08004b59   Thumb Code    60  ff.o(i.get_ldnumber)
    i.ld_clust                               0x08004b94   Section        0  ff.o(i.ld_clust)
    ld_clust                                 0x08004b95   Thumb Code    18  ff.o(i.ld_clust)
    i.main                                   0x08004ba8   Section        0  boltz_mmi_f1.o(i.main)
    i.mem_cpy                                0x08004c58   Section        0  ff.o(i.mem_cpy)
    mem_cpy                                  0x08004c59   Thumb Code    18  ff.o(i.mem_cpy)
    i.mem_set                                0x08004c6a   Section        0  ff.o(i.mem_set)
    mem_set                                  0x08004c6b   Thumb Code    14  ff.o(i.mem_set)
    i.move_window                            0x08004c78   Section        0  ff.o(i.move_window)
    move_window                              0x08004c79   Thumb Code    46  ff.o(i.move_window)
    i.print_hex16                            0x08004ca8   Section        0  basicio.o(i.print_hex16)
    i.print_hexbyte                          0x08004cc8   Section        0  basicio.o(i.print_hexbyte)
    i.print_int                              0x08004ce6   Section        0  basicio.o(i.print_int)
    i.print_string                           0x08004d04   Section        0  basicio.o(i.print_string)
    i.print_uint                             0x08004d1c   Section        0  basicio.o(i.print_uint)
    i.put_fat                                0x08004d68   Section        0  ff.o(i.put_fat)
    i.putc_bfd                               0x08004e62   Section        0  ff.o(i.putc_bfd)
    putc_bfd                                 0x08004e63   Thumb Code    70  ff.o(i.putc_bfd)
    i.rcvr_datablock                         0x08004ea8   Section        0  fatfs_sd.o(i.rcvr_datablock)
    rcvr_datablock                           0x08004ea9   Thumb Code    52  fatfs_sd.o(i.rcvr_datablock)
    i.rd_id_man                              0x08004ee0   Section        0  glcd_spi_stm32.o(i.rd_id_man)
    rd_id_man                                0x08004ee1   Thumb Code    96  glcd_spi_stm32.o(i.rd_id_man)
    i.remove_chain                           0x08004f54   Section        0  ff.o(i.remove_chain)
    remove_chain                             0x08004f55   Thumb Code    98  ff.o(i.remove_chain)
    i.select                                 0x08004fb8   Section        0  fatfs_sd.o(i.select)
    select                                   0x08004fb9   Thumb Code    38  fatfs_sd.o(i.select)
    i.send_cmd                               0x08004fe4   Section        0  fatfs_sd.o(i.send_cmd)
    send_cmd                                 0x08004fe5   Thumb Code   134  fatfs_sd.o(i.send_cmd)
    i.spi_tran                               0x0800506c   Section        0  glcd_spi_stm32.o(i.spi_tran)
    spi_tran                                 0x0800506d   Thumb Code    18  glcd_spi_stm32.o(i.spi_tran)
    i.spi_tran_man                           0x08005084   Section        0  glcd_spi_stm32.o(i.spi_tran_man)
    spi_tran_man                             0x08005085   Thumb Code   112  glcd_spi_stm32.o(i.spi_tran_man)
    i.st_clust                               0x080050f8   Section        0  ff.o(i.st_clust)
    st_clust                                 0x080050f9   Thumb Code    16  ff.o(i.st_clust)
    i.sync_fs                                0x08005108   Section        0  ff.o(i.sync_fs)
    sync_fs                                  0x08005109   Thumb Code   176  ff.o(i.sync_fs)
    i.sync_window                            0x080051b8   Section        0  ff.o(i.sync_window)
    sync_window                              0x080051b9   Thumb Code    80  ff.o(i.sync_window)
    i.uint2str                               0x08005208   Section        0  basicio.o(i.uint2str)
    i.validate                               0x08005268   Section        0  ff.o(i.validate)
    validate                                 0x08005269   Thumb Code    38  ff.o(i.validate)
    i.wait_ready                             0x08005290   Section        0  fatfs_sd.o(i.wait_ready)
    wait_ready                               0x08005291   Thumb Code    58  fatfs_sd.o(i.wait_ready)
    i.wr_cmd                                 0x080052d0   Section        0  glcd_spi_stm32.o(i.wr_cmd)
    wr_cmd                                   0x080052d1   Thumb Code    38  glcd_spi_stm32.o(i.wr_cmd)
    i.wr_dat                                 0x080052fc   Section        0  glcd_spi_stm32.o(i.wr_dat)
    wr_dat                                   0x080052fd   Thumb Code    38  glcd_spi_stm32.o(i.wr_dat)
    i.wr_dat_only                            0x08005328   Section        0  glcd_spi_stm32.o(i.wr_dat_only)
    wr_dat_only                              0x08005329   Thumb Code    20  glcd_spi_stm32.o(i.wr_dat_only)
    i.wr_dat_start                           0x0800533c   Section        0  glcd_spi_stm32.o(i.wr_dat_start)
    wr_dat_start                             0x0800533d   Thumb Code    14  glcd_spi_stm32.o(i.wr_dat_start)
    i.wr_reg                                 0x08005350   Section        0  glcd_spi_stm32.o(i.wr_reg)
    wr_reg                                   0x08005351   Thumb Code    18  glcd_spi_stm32.o(i.wr_reg)
    i.xchg_spi                               0x08005364   Section        0  fatfs_sd.o(i.xchg_spi)
    xchg_spi                                 0x08005365   Thumb Code     8  fatfs_sd.o(i.xchg_spi)
    i.xmit_datablock                         0x08005370   Section        0  fatfs_sd.o(i.xmit_datablock)
    xmit_datablock                           0x08005371   Thumb Code    74  fatfs_sd.o(i.xmit_datablock)
    .constdata                               0x080053c0   Section      256  os_core.o(.constdata)
    .constdata                               0x080054c0   Section       80  basicio.o(.constdata)
    .constdata                               0x08005510   Section    17792  glcd_spi_stm32.o(.constdata)
    .constdata                               0x08009a90   Section      128  ff.o(.constdata)
    ExCvt                                    0x08009a90   Data         128  ff.o(.constdata)
    .conststring                             0x08009b10   Section      791  boltz_mmi_f1.o(.conststring)
    .data                                    0x20000000   Section       21  boltz_mmi_f1.o(.data)
    .data                                    0x20000018   Section       48  os_core.o(.data)
    .data                                    0x20000048   Section       20  stm32f10x_rcc.o(.data)
    ADCPrescTable                            0x20000048   Data           4  stm32f10x_rcc.o(.data)
    APBAHBPrescTable                         0x2000004c   Data          16  stm32f10x_rcc.o(.data)
    .data                                    0x2000005c   Section        2  lcdlib.o(.data)
    .data                                    0x2000005e   Section        6  glcd_spi_stm32.o(.data)
    Himax                                    0x2000005e   Data           1  glcd_spi_stm32.o(.data)
    Color                                    0x20000060   Data           4  glcd_spi_stm32.o(.data)
    .data                                    0x20000064   Section       12  ff.o(.data)
    Fsid                                     0x20000064   Data           2  ff.o(.data)
    FatFs                                    0x20000068   Data           8  ff.o(.data)
    .data                                    0x20000070   Section        3  fatfs_sd.o(.data)
    TM_FATFS_SD_Stat                         0x20000070   Data           1  fatfs_sd.o(.data)
    TM_FATFS_SD_CardType                     0x20000071   Data           1  fatfs_sd.o(.data)
    .bss                                     0x20000074   Section     4232  boltz_mmi_f1.o(.bss)
    .bss                                     0x200010fc   Section     1632  os_core.o(.bss)
    .bss                                     0x2000175c   Section       20  canlib.o(.bss)
    .bss                                     0x20001770   Section       20  canlib.o(.bss)
    .bss                                     0x20001784   Section      142  canlib.o(.bss)
    STACK                                    0x20001818   Section     1024  startup_stm32f10x_cl.o(STACK)

    Global Symbols

    Symbol Name                              Value     Ov Type        Size  Object(Section)

    BuildAttributes$$THM_ISAv4$P$D$K$B$S$PE$A:L22UL41UL21$X:L11$S22US41US21$IEEE1$IW$USESV6$~STKCKD$USESV7$~SHL$OTIME$ROPI$EBA8$MICROLIB$REQ8$PRES8$EABIv2 0x00000000   Number         0  anon$$obj.o ABSOLUTE
    __ARM_use_no_argv                        0x00000000   Number         0  boltz_mmi_f1.o ABSOLUTE
    __cpp_initialize__aeabi_                  - Undefined Weak Reference
    __cxa_finalize                            - Undefined Weak Reference
    __decompress                              - Undefined Weak Reference
    _clock_init                               - Undefined Weak Reference
    _microlib_exit                            - Undefined Weak Reference
    __Vectors_Size                           0x00000150   Number         0  startup_stm32f10x_cl.o ABSOLUTE
    __Vectors                                0x08000000   Data           4  startup_stm32f10x_cl.o(RESET)
    __Vectors_End                            0x08000150   Data           0  startup_stm32f10x_cl.o(RESET)
    __main                                   0x08000151   Thumb Code     0  entry.o(.ARM.Collect$$$$00000000)
    _main_stk                                0x08000151   Thumb Code     0  entry2.o(.ARM.Collect$$$$00000001)
    _main_scatterload                        0x08000155   Thumb Code     0  entry5.o(.ARM.Collect$$$$00000004)
    __main_after_scatterload                 0x08000159   Thumb Code     0  entry5.o(.ARM.Collect$$$$00000004)
    _main_clock                              0x08000159   Thumb Code     0  entry7b.o(.ARM.Collect$$$$00000008)
    _main_cpp_init                           0x08000159   Thumb Code     0  entry8b.o(.ARM.Collect$$$$0000000A)
    _main_init                               0x08000159   Thumb Code     0  entry9a.o(.ARM.Collect$$$$0000000B)
    __rt_final_cpp                           0x08000161   Thumb Code     0  entry10a.o(.ARM.Collect$$$$0000000D)
    __rt_final_exit                          0x08000161   Thumb Code     0  entry11a.o(.ARM.Collect$$$$0000000F)
    Reset_Handler                            0x08000165   Thumb Code     8  startup_stm32f10x_cl.o(.text)
    NMI_Handler                              0x0800016d   Thumb Code     2  startup_stm32f10x_cl.o(.text)
    HardFault_Handler                        0x0800016f   Thumb Code     2  startup_stm32f10x_cl.o(.text)
    MemManage_Handler                        0x08000171   Thumb Code     2  startup_stm32f10x_cl.o(.text)
    BusFault_Handler                         0x08000173   Thumb Code     2  startup_stm32f10x_cl.o(.text)
    UsageFault_Handler                       0x08000175   Thumb Code     2  startup_stm32f10x_cl.o(.text)
    SVC_Handler                              0x08000177   Thumb Code     2  startup_stm32f10x_cl.o(.text)
    DebugMon_Handler                         0x08000179   Thumb Code     2  startup_stm32f10x_cl.o(.text)
    ADC1_2_IRQHandler                        0x0800017f   Thumb Code     0  startup_stm32f10x_cl.o(.text)
    CAN1_RX0_IRQHandler                      0x0800017f   Thumb Code     0  startup_stm32f10x_cl.o(.text)
    CAN1_RX1_IRQHandler                      0x0800017f   Thumb Code     0  startup_stm32f10x_cl.o(.text)
    CAN1_SCE_IRQHandler                      0x0800017f   Thumb Code     0  startup_stm32f10x_cl.o(.text)
    CAN1_TX_IRQHandler                       0x0800017f   Thumb Code     0  startup_stm32f10x_cl.o(.text)
    CAN2_RX0_IRQHandler                      0x0800017f   Thumb Code     0  startup_stm32f10x_cl.o(.text)
    CAN2_RX1_IRQHandler                      0x0800017f   Thumb Code     0  startup_stm32f10x_cl.o(.text)
    CAN2_SCE_IRQHandler                      0x0800017f   Thumb Code     0  startup_stm32f10x_cl.o(.text)
    CAN2_TX_IRQHandler                       0x0800017f   Thumb Code     0  startup_stm32f10x_cl.o(.text)
    DMA1_Channel1_IRQHandler                 0x0800017f   Thumb Code     0  startup_stm32f10x_cl.o(.text)
    DMA1_Channel2_IRQHandler                 0x0800017f   Thumb Code     0  startup_stm32f10x_cl.o(.text)
    DMA1_Channel3_IRQHandler                 0x0800017f   Thumb Code     0  startup_stm32f10x_cl.o(.text)
    DMA1_Channel4_IRQHandler                 0x0800017f   Thumb Code     0  startup_stm32f10x_cl.o(.text)
    DMA1_Channel5_IRQHandler                 0x0800017f   Thumb Code     0  startup_stm32f10x_cl.o(.text)
    DMA1_Channel6_IRQHandler                 0x0800017f   Thumb Code     0  startup_stm32f10x_cl.o(.text)
    DMA1_Channel7_IRQHandler                 0x0800017f   Thumb Code     0  startup_stm32f10x_cl.o(.text)
    DMA2_Channel1_IRQHandler                 0x0800017f   Thumb Code     0  startup_stm32f10x_cl.o(.text)
    DMA2_Channel2_IRQHandler                 0x0800017f   Thumb Code     0  startup_stm32f10x_cl.o(.text)
    DMA2_Channel3_IRQHandler                 0x0800017f   Thumb Code     0  startup_stm32f10x_cl.o(.text)
    DMA2_Channel4_IRQHandler                 0x0800017f   Thumb Code     0  startup_stm32f10x_cl.o(.text)
    DMA2_Channel5_IRQHandler                 0x0800017f   Thumb Code     0  startup_stm32f10x_cl.o(.text)
    ETH_IRQHandler                           0x0800017f   Thumb Code     0  startup_stm32f10x_cl.o(.text)
    ETH_WKUP_IRQHandler                      0x0800017f   Thumb Code     0  startup_stm32f10x_cl.o(.text)
    EXTI0_IRQHandler                         0x0800017f   Thumb Code     0  startup_stm32f10x_cl.o(.text)
    EXTI15_10_IRQHandler                     0x0800017f   Thumb Code     0  startup_stm32f10x_cl.o(.text)
    EXTI1_IRQHandler                         0x0800017f   Thumb Code     0  startup_stm32f10x_cl.o(.text)
    EXTI2_IRQHandler                         0x0800017f   Thumb Code     0  startup_stm32f10x_cl.o(.text)
    EXTI3_IRQHandler                         0x0800017f   Thumb Code     0  startup_stm32f10x_cl.o(.text)
    EXTI4_IRQHandler                         0x0800017f   Thumb Code     0  startup_stm32f10x_cl.o(.text)
    FLASH_IRQHandler                         0x0800017f   Thumb Code     0  startup_stm32f10x_cl.o(.text)
    I2C1_ER_IRQHandler                       0x0800017f   Thumb Code     0  startup_stm32f10x_cl.o(.text)
    I2C1_EV_IRQHandler                       0x0800017f   Thumb Code     0  startup_stm32f10x_cl.o(.text)
    I2C2_ER_IRQHandler                       0x0800017f   Thumb Code     0  startup_stm32f10x_cl.o(.text)
    I2C2_EV_IRQHandler                       0x0800017f   Thumb Code     0  startup_stm32f10x_cl.o(.text)
    OTG_FS_IRQHandler                        0x0800017f   Thumb Code     0  startup_stm32f10x_cl.o(.text)
    OTG_FS_WKUP_IRQHandler                   0x0800017f   Thumb Code     0  startup_stm32f10x_cl.o(.text)
    PVD_IRQHandler                           0x0800017f   Thumb Code     0  startup_stm32f10x_cl.o(.text)
    RCC_IRQHandler                           0x0800017f   Thumb Code     0  startup_stm32f10x_cl.o(.text)
    RTCAlarm_IRQHandler                      0x0800017f   Thumb Code     0  startup_stm32f10x_cl.o(.text)
    RTC_IRQHandler                           0x0800017f   Thumb Code     0  startup_stm32f10x_cl.o(.text)
    SPI1_IRQHandler                          0x0800017f   Thumb Code     0  startup_stm32f10x_cl.o(.text)
    SPI2_IRQHandler                          0x0800017f   Thumb Code     0  startup_stm32f10x_cl.o(.text)
    SPI3_IRQHandler                          0x0800017f   Thumb Code     0  startup_stm32f10x_cl.o(.text)
    TAMPER_IRQHandler                        0x0800017f   Thumb Code     0  startup_stm32f10x_cl.o(.text)
    TIM1_BRK_IRQHandler                      0x0800017f   Thumb Code     0  startup_stm32f10x_cl.o(.text)
    TIM1_CC_IRQHandler                       0x0800017f   Thumb Code     0  startup_stm32f10x_cl.o(.text)
    TIM1_TRG_COM_IRQHandler                  0x0800017f   Thumb Code     0  startup_stm32f10x_cl.o(.text)
    TIM1_UP_IRQHandler                       0x0800017f   Thumb Code     0  startup_stm32f10x_cl.o(.text)
    TIM2_IRQHandler                          0x0800017f   Thumb Code     0  startup_stm32f10x_cl.o(.text)
    TIM3_IRQHandler                          0x0800017f   Thumb Code     0  startup_stm32f10x_cl.o(.text)
    TIM4_IRQHandler                          0x0800017f   Thumb Code     0  startup_stm32f10x_cl.o(.text)
    TIM5_IRQHandler                          0x0800017f   Thumb Code     0  startup_stm32f10x_cl.o(.text)
    TIM6_IRQHandler                          0x0800017f   Thumb Code     0  startup_stm32f10x_cl.o(.text)
    TIM7_IRQHandler                          0x0800017f   Thumb Code     0  startup_stm32f10x_cl.o(.text)
    UART4_IRQHandler                         0x0800017f   Thumb Code     0  startup_stm32f10x_cl.o(.text)
    UART5_IRQHandler                         0x0800017f   Thumb Code     0  startup_stm32f10x_cl.o(.text)
    USART1_IRQHandler                        0x0800017f   Thumb Code     0  startup_stm32f10x_cl.o(.text)
    USART2_IRQHandler                        0x0800017f   Thumb Code     0  startup_stm32f10x_cl.o(.text)
    USART3_IRQHandler                        0x0800017f   Thumb Code     0  startup_stm32f10x_cl.o(.text)
    WWDG_IRQHandler                          0x0800017f   Thumb Code     0  startup_stm32f10x_cl.o(.text)
    OS_CPU_SR_Save                           0x08000189   Thumb Code     0  os_cpu_a.o(.text)
    OS_CPU_SR_Restore                        0x08000191   Thumb Code     0  os_cpu_a.o(.text)
    OSStartHighRdy                           0x08000197   Thumb Code     0  os_cpu_a.o(.text)
    OSCtxSw                                  0x080001b7   Thumb Code     0  os_cpu_a.o(.text)
    OSIntCtxSw                               0x080001c1   Thumb Code     0  os_cpu_a.o(.text)
    OS_CPU_PendSVHandler                     0x080001cb   Thumb Code     0  os_cpu_a.o(.text)
    __aeabi_memcpy                           0x0800022d   Thumb Code    36  memcpya.o(.text)
    __aeabi_memcpy4                          0x0800022d   Thumb Code     0  memcpya.o(.text)
    __aeabi_memcpy8                          0x0800022d   Thumb Code     0  memcpya.o(.text)
    __aeabi_fmul                             0x08000251   Thumb Code   100  fmul.o(.text)
    __aeabi_fdiv                             0x080002b5   Thumb Code   124  fdiv.o(.text)
    __ARM_scalbnf                            0x08000331   Thumb Code    24  fscalb.o(.text)
    scalbnf                                  0x08000331   Thumb Code     0  fscalb.o(.text)
    __aeabi_dmul                             0x08000349   Thumb Code   228  dmul.o(.text)
    __aeabi_ddiv                             0x0800042d   Thumb Code   222  ddiv.o(.text)
    __aeabi_ui2f                             0x0800050b   Thumb Code    10  ffltui.o(.text)
    __aeabi_ui2d                             0x08000515   Thumb Code    26  dfltui.o(.text)
    __aeabi_d2iz                             0x0800052f   Thumb Code    62  dfixi.o(.text)
    __aeabi_f2d                              0x0800056d   Thumb Code    38  f2d.o(.text)
    __aeabi_d2f                              0x08000593   Thumb Code    56  d2f.o(.text)
    __aeabi_llsr                             0x080005cb   Thumb Code    32  llushr.o(.text)
    _ll_ushift_r                             0x080005cb   Thumb Code     0  llushr.o(.text)
    __I$use$fp                               0x080005eb   Thumb Code     0  iusefp.o(.text)
    _float_round                             0x080005eb   Thumb Code    18  fepilogue.o(.text)
    _float_epilogue                          0x080005fd   Thumb Code    92  fepilogue.o(.text)
    _double_round                            0x08000659   Thumb Code    26  depilogue.o(.text)
    _double_epilogue                         0x08000673   Thumb Code   156  depilogue.o(.text)
    __scatterload                            0x08000711   Thumb Code    28  init.o(.text)
    __scatterload_rt2                        0x08000711   Thumb Code     0  init.o(.text)
    __aeabi_llsl                             0x08000735   Thumb Code    30  llshl.o(.text)
    _ll_shift_l                              0x08000735   Thumb Code     0  llshl.o(.text)
    ADC_Cmd                                  0x08000753   Thumb Code    20  stm32f10x_adc.o(i.ADC_Cmd)
    ADC_Configuration                        0x08000769   Thumb Code   144  peripheral_init.o(i.ADC_Configuration)
    ADC_DeInit                               0x08000801   Thumb Code    56  stm32f10x_adc.o(i.ADC_DeInit)
    ADC_GetCalibrationStatus                 0x08000845   Thumb Code    14  stm32f10x_adc.o(i.ADC_GetCalibrationStatus)
    ADC_GetConversionValue                   0x08000853   Thumb Code     6  stm32f10x_adc.o(i.ADC_GetConversionValue)
    ADC_GetFlagStatus                        0x08000859   Thumb Code    14  stm32f10x_adc.o(i.ADC_GetFlagStatus)
    ADC_GetResetCalibrationStatus            0x08000867   Thumb Code    14  stm32f10x_adc.o(i.ADC_GetResetCalibrationStatus)
    ADC_Init                                 0x08000875   Thumb Code    62  stm32f10x_adc.o(i.ADC_Init)
    ADC_RegularChannelConfig                 0x080008bd   Thumb Code   116  stm32f10x_adc.o(i.ADC_RegularChannelConfig)
    ADC_ResetCalibration                     0x08000931   Thumb Code    10  stm32f10x_adc.o(i.ADC_ResetCalibration)
    ADC_SoftwareStartConvCmd                 0x0800093b   Thumb Code    20  stm32f10x_adc.o(i.ADC_SoftwareStartConvCmd)
    ADC_StartCalibration                     0x0800094f   Thumb Code    10  stm32f10x_adc.o(i.ADC_StartCalibration)
    ADC_StructInit                           0x08000959   Thumb Code    18  stm32f10x_adc.o(i.ADC_StructInit)
    BSP_CPU_ClkFreq                          0x0800096b   Thumb Code    16  bsp.o(i.BSP_CPU_ClkFreq)
    CAN_Configuration                        0x0800097d   Thumb Code   164  peripheral_init.o(i.CAN_Configuration)
    CAN_DeInit                               0x08000a29   Thumb Code    38  stm32f10x_can.o(i.CAN_DeInit)
    CAN_FIFORelease                          0x08000a55   Thumb Code    22  stm32f10x_can.o(i.CAN_FIFORelease)
    CAN_FillThrottlemsg                      0x08000a6d   Thumb Code    78  canlib.o(i.CAN_FillThrottlemsg)
    CAN_FilterInit                           0x08000ac5   Thumb Code   194  stm32f10x_can.o(i.CAN_FilterInit)
    CAN_Init                                 0x08000b91   Thumb Code   232  stm32f10x_can.o(i.CAN_Init)
    CAN_Receive                              0x08000c79   Thumb Code   128  stm32f10x_can.o(i.CAN_Receive)
    CAN_ReceiveBatteryParameters             0x08000cf9   Thumb Code   234  canlib.o(i.CAN_ReceiveBatteryParameters)
    CAN_ReceiveMessage                       0x08000df1   Thumb Code     8  canlib.o(i.CAN_ReceiveMessage)
    CAN_ReceiveMotorParameters               0x08000df9   Thumb Code   268  canlib.o(i.CAN_ReceiveMotorParameters)
    CAN_StructInit                           0x08000f19   Thumb Code    32  stm32f10x_can.o(i.CAN_StructInit)
    CAN_Transmit                             0x08000f39   Thumb Code   164  stm32f10x_can.o(i.CAN_Transmit)
    EXTI9_5_IRQHandler                       0x08000fdd   Thumb Code    42  boltz_mmi_f1.o(i.EXTI9_5_IRQHandler)
    EXTI_ClearITPendingBit                   0x0800100d   Thumb Code     6  stm32f10x_exti.o(i.EXTI_ClearITPendingBit)
    EXTI_GetITStatus                         0x08001019   Thumb Code    28  stm32f10x_exti.o(i.EXTI_GetITStatus)
    EXTI_Init                                0x08001039   Thumb Code   108  stm32f10x_exti.o(i.EXTI_Init)
    GLCD_BargraphWithCorlorLineX             0x080010a9   Thumb Code   118  glcd_spi_stm32.o(i.GLCD_BargraphWithCorlorLineX)
    GLCD_Clear                               0x08001125   Thumb Code    46  glcd_spi_stm32.o(i.GLCD_Clear)
    GLCD_DisplayCharWithColor                0x08001159   Thumb Code   116  glcd_spi_stm32.o(i.GLCD_DisplayCharWithColor)
    GLCD_DisplayStringWithColor              0x080011d9   Thumb Code    46  glcd_spi_stm32.o(i.GLCD_DisplayStringWithColor)
    GLCD_DrawCharWithColor                   0x08001209   Thumb Code   148  glcd_spi_stm32.o(i.GLCD_DrawCharWithColor)
    GLCD_Init                                0x080012a5   Thumb Code  1490  glcd_spi_stm32.o(i.GLCD_Init)
    GLCD_SetWindow                           0x08001879   Thumb Code   148  glcd_spi_stm32.o(i.GLCD_SetWindow)
    GLCD_WindowMax                           0x08001911   Thumb Code    14  glcd_spi_stm32.o(i.GLCD_WindowMax)
    GPIO_EXTILineConfig                      0x08001921   Thumb Code    34  stm32f10x_gpio.o(i.GPIO_EXTILineConfig)
    GPIO_Init                                0x08001949   Thumb Code   162  stm32f10x_gpio.o(i.GPIO_Init)
    GPIO_PinRemapConfig                      0x080019ed   Thumb Code    82  stm32f10x_gpio.o(i.GPIO_PinRemapConfig)
    GPIO_ResetBits                           0x08001a45   Thumb Code     4  stm32f10x_gpio.o(i.GPIO_ResetBits)
    GPIO_SetBits                             0x08001a49   Thumb Code     4  stm32f10x_gpio.o(i.GPIO_SetBits)
    GPIO_StructInit                          0x08001a4d   Thumb Code    16  stm32f10x_gpio.o(i.GPIO_StructInit)
    Get_Potvalue                             0x08001a5d   Thumb Code    34  adclib.o(i.Get_Potvalue)
    LCD_Display_Measured_Values              0x08001a85   Thumb Code   626  lcdlib.o(i.LCD_Display_Measured_Values)
    LCD_Display_Parameters                   0x08001d25   Thumb Code   310  lcdlib.o(i.LCD_Display_Parameters)
    LCD_Init                                 0x08001ec1   Thumb Code    16  lcdlib.o(i.LCD_Init)
    LED_Configuration                        0x08001ed1   Thumb Code    46  peripheral_init.o(i.LED_Configuration)
    LED_off                                  0x08001f05   Thumb Code     8  basicio.o(i.LED_off)
    LED_on                                   0x08001f11   Thumb Code     8  basicio.o(i.LED_on)
    NVIC_Init                                0x08001f1d   Thumb Code    94  misc.o(i.NVIC_Init)
    OSInit                                   0x08001f81   Thumb Code   170  os_core.o(i.OSInit)
    OSInitHookBegin                          0x08002061   Thumb Code     2  os_cpu_c.o(i.OSInitHookBegin)
    OSInitHookEnd                            0x08002063   Thumb Code     2  os_cpu_c.o(i.OSInitHookEnd)
    OSIntExit                                0x08002065   Thumb Code    76  os_core.o(i.OSIntExit)
    OSStart                                  0x080020b9   Thumb Code    38  os_core.o(i.OSStart)
    OSStatInit                               0x080020e9   Thumb Code    48  os_core.o(i.OSStatInit)
    OSTCBInitHook                            0x0800211d   Thumb Code     2  os_cpu_c.o(i.OSTCBInitHook)
    OSTaskCreate                             0x08002121   Thumb Code   124  os_task.o(i.OSTaskCreate)
    OSTaskCreateHook                         0x080021a9   Thumb Code     2  os_cpu_c.o(i.OSTaskCreateHook)
    OSTaskIdleHook                           0x080021ab   Thumb Code     2  os_cpu_c.o(i.OSTaskIdleHook)
    OSTaskNameSet                            0x080021ad   Thumb Code   106  os_task.o(i.OSTaskNameSet)
    OSTaskStatHook                           0x08002225   Thumb Code     2  os_cpu_c.o(i.OSTaskStatHook)
    OSTaskStkInit                            0x08002227   Thumb Code   116  os_cpu_c.o(i.OSTaskStkInit)
    OSTaskSuspend                            0x0800229d   Thumb Code   116  os_task.o(i.OSTaskSuspend)
    OSTaskSwHook                             0x08002321   Thumb Code     2  os_cpu_c.o(i.OSTaskSwHook)
    OSTimeDly                                0x08002325   Thumb Code    68  os_time.o(i.OSTimeDly)
    OSTimeTick                               0x08002379   Thumb Code    98  os_core.o(i.OSTimeTick)
    OSVersion                                0x080023e1   Thumb Code     6  os_core.o(i.OSVersion)
    OS_CPU_SysTickClkFreq                    0x080023e7   Thumb Code     4  bsp.o(i.OS_CPU_SysTickClkFreq)
    OS_CPU_SysTickHandler                    0x080023ed   Thumb Code    30  os_cpu_c.o(i.OS_CPU_SysTickHandler)
    OS_CPU_SysTickInit                       0x08002411   Thumb Code    38  os_cpu_c.o(i.OS_CPU_SysTickInit)
    OS_MemClr                                0x08002437   Thumb Code    18  os_core.o(i.OS_MemClr)
    OS_Sched                                 0x08002449   Thumb Code    58  os_core.o(i.OS_Sched)
    OS_StrCopy                               0x080024ad   Thumb Code    30  os_core.o(i.OS_StrCopy)
    OS_StrLen                                0x080024cb   Thumb Code    20  os_core.o(i.OS_StrLen)
    OS_TCBInit                               0x080024e1   Thumb Code   152  os_core.o(i.OS_TCBInit)
    OS_TaskIdle                              0x08002581   Thumb Code    24  os_core.o(i.OS_TaskIdle)
    OS_TaskStat                              0x0800259d   Thumb Code    78  os_core.o(i.OS_TaskStat)
    Periph_Init                              0x080025f1   Thumb Code    42  peripheral_init.o(i.Periph_Init)
    RCC_ADCCLKConfig                         0x0800261d   Thumb Code    14  stm32f10x_rcc.o(i.RCC_ADCCLKConfig)
    RCC_APB1PeriphClockCmd                   0x08002631   Thumb Code    18  stm32f10x_rcc.o(i.RCC_APB1PeriphClockCmd)
    RCC_APB1PeriphResetCmd                   0x08002649   Thumb Code    18  stm32f10x_rcc.o(i.RCC_APB1PeriphResetCmd)
    RCC_APB2PeriphClockCmd                   0x08002661   Thumb Code    18  stm32f10x_rcc.o(i.RCC_APB2PeriphClockCmd)
    RCC_APB2PeriphResetCmd                   0x08002679   Thumb Code    18  stm32f10x_rcc.o(i.RCC_APB2PeriphResetCmd)
    RCC_Configuration                        0x08002691   Thumb Code   184  peripheral_init.o(i.RCC_Configuration)
    RCC_DeInit                               0x08002749   Thumb Code    62  stm32f10x_rcc.o(i.RCC_DeInit)
    RCC_GetClocksFreq                        0x08002795   Thumb Code   178  stm32f10x_rcc.o(i.RCC_GetClocksFreq)
    RCC_GetFlagStatus                        0x0800285d   Thumb Code    44  stm32f10x_rcc.o(i.RCC_GetFlagStatus)
    RCC_GetSYSCLKSource                      0x0800288d   Thumb Code    10  stm32f10x_rcc.o(i.RCC_GetSYSCLKSource)
    RCC_HCLKConfig                           0x0800289d   Thumb Code    14  stm32f10x_rcc.o(i.RCC_HCLKConfig)
    RCC_HSEConfig                            0x080028b1   Thumb Code    48  stm32f10x_rcc.o(i.RCC_HSEConfig)
    RCC_I2S2CLKConfig                        0x080028e5   Thumb Code     6  stm32f10x_rcc.o(i.RCC_I2S2CLKConfig)
    RCC_PCLK1Config                          0x080028f1   Thumb Code    14  stm32f10x_rcc.o(i.RCC_PCLK1Config)
    RCC_PCLK2Config                          0x08002905   Thumb Code    16  stm32f10x_rcc.o(i.RCC_PCLK2Config)
    RCC_PLL2Cmd                              0x08002919   Thumb Code     6  stm32f10x_rcc.o(i.RCC_PLL2Cmd)
    RCC_PLL2Config                           0x08002925   Thumb Code    14  stm32f10x_rcc.o(i.RCC_PLL2Config)
    RCC_PLL3Cmd                              0x08002939   Thumb Code     6  stm32f10x_rcc.o(i.RCC_PLL3Cmd)
    RCC_PLL3Config                           0x08002945   Thumb Code    14  stm32f10x_rcc.o(i.RCC_PLL3Config)
    RCC_PLLCmd                               0x08002959   Thumb Code     6  stm32f10x_rcc.o(i.RCC_PLLCmd)
    RCC_PLLConfig                            0x08002965   Thumb Code    16  stm32f10x_rcc.o(i.RCC_PLLConfig)
    RCC_PREDIV1Config                        0x08002979   Thumb Code    18  stm32f10x_rcc.o(i.RCC_PREDIV1Config)
    RCC_PREDIV2Config                        0x08002995   Thumb Code    14  stm32f10x_rcc.o(i.RCC_PREDIV2Config)
    RCC_SYSCLKConfig                         0x080029a9   Thumb Code    14  stm32f10x_rcc.o(i.RCC_SYSCLKConfig)
    RCC_WaitForHSEStartUp                    0x080029bd   Thumb Code    44  stm32f10x_rcc.o(i.RCC_WaitForHSEStartUp)
    SD_Configuration                         0x080029e9   Thumb Code   166  peripheral_init.o(i.SD_Configuration)
    SPI_CalculateCRC                         0x08002a99   Thumb Code    20  stm32f10x_spi.o(i.SPI_CalculateCRC)
    SPI_Cmd                                  0x08002aad   Thumb Code    20  stm32f10x_spi.o(i.SPI_Cmd)
    SPI_I2S_GetFlagStatus                    0x08002ac1   Thumb Code    14  stm32f10x_spi.o(i.SPI_I2S_GetFlagStatus)
    SPI_Init                                 0x08002acf   Thumb Code    56  stm32f10x_spi.o(i.SPI_Init)
    Set_GPIO_off                             0x08002bd9   Thumb Code     4  basicio.o(i.Set_GPIO_off)
    Set_GPIO_on                              0x08002bdd   Thumb Code     4  basicio.o(i.Set_GPIO_on)
    StartUpTask                              0x08002be1   Thumb Code   164  boltz_mmi_f1.o(i.StartUpTask)
    SystemInit                               0x08002d59   Thumb Code    76  system_stm32f10x.o(i.SystemInit)
    TIM_Cmd                                  0x08002db5   Thumb Code    20  stm32f10x_tim.o(i.TIM_Cmd)
    TIM_GetCounter                           0x08002dc9   Thumb Code     4  stm32f10x_tim.o(i.TIM_GetCounter)
    TIM_SelectOnePulseMode                   0x08002dcd   Thumb Code    16  stm32f10x_tim.o(i.TIM_SelectOnePulseMode)
    TIM_SetCounter                           0x08002ddd   Thumb Code     4  stm32f10x_tim.o(i.TIM_SetCounter)
    TIM_TimeBaseInit                         0x08002de1   Thumb Code   114  stm32f10x_tim.o(i.TIM_TimeBaseInit)
    TM_FATFS_SD_disk_initialize              0x08002e7d   Thumb Code   214  fatfs_sd.o(i.TM_FATFS_SD_disk_initialize)
    TM_FATFS_SD_disk_ioctl                   0x08002f59   Thumb Code   438  fatfs_sd.o(i.TM_FATFS_SD_disk_ioctl)
    TM_FATFS_SD_disk_read                    0x08003115   Thumb Code   114  fatfs_sd.o(i.TM_FATFS_SD_disk_read)
    TM_FATFS_SD_disk_status                  0x0800318d   Thumb Code    14  fatfs_sd.o(i.TM_FATFS_SD_disk_status)
    TM_FATFS_SD_disk_write                   0x080031a1   Thumb Code   142  fatfs_sd.o(i.TM_FATFS_SD_disk_write)
    TM_SPI_ReadMulti                         0x08003235   Thumb Code    38  sdlib.o(i.TM_SPI_ReadMulti)
    TM_SPI_Send                              0x0800325b   Thumb Code    48  sdlib.o(i.TM_SPI_Send)
    TM_SPI_WriteMulti                        0x0800328b   Thumb Code    34  sdlib.o(i.TM_SPI_WriteMulti)
    Timer_Configuration                      0x080032ad   Thumb Code    62  peripheral_init.o(i.Timer_Configuration)
    UI_Configuration                         0x080032ed   Thumb Code   138  peripheral_init.o(i.UI_Configuration)
    USART_Cmd                                0x0800337d   Thumb Code    20  stm32f10x_usart.o(i.USART_Cmd)
    USART_Configuration                      0x08003391   Thumb Code   134  peripheral_init.o(i.USART_Configuration)
    USART_Init                               0x08003421   Thumb Code   166  stm32f10x_usart.o(i.USART_Init)
    USART_StructInit                         0x080034cd   Thumb Code    22  stm32f10x_usart.o(i.USART_StructInit)
    UserTask_CANMsgRec                       0x080034e5   Thumb Code    36  boltz_mmi_f1.o(i.UserTask_CANMsgRec)
    UserTask_CANMsgSend                      0x08003515   Thumb Code    98  boltz_mmi_f1.o(i.UserTask_CANMsgSend)
    UserTask_LCDOutput                       0x08003585   Thumb Code    16  boltz_mmi_f1.o(i.UserTask_LCDOutput)
    UserTask_SDwrite                         0x08003595   Thumb Code   522  boltz_mmi_f1.o(i.UserTask_SDwrite)
    UserTask_TerminalOutput                  0x080037e5   Thumb Code   430  boltz_mmi_f1.o(i.UserTask_TerminalOutput)
    __scatterload_copy                       0x08003ad5   Thumb Code    14  handlers.o(i.__scatterload_copy)
    __scatterload_null                       0x08003ae3   Thumb Code     2  handlers.o(i.__scatterload_null)
    __scatterload_zeroinit                   0x08003ae5   Thumb Code    14  handlers.o(i.__scatterload_zeroinit)
    _putch                                   0x08003af5   Thumb Code    18  basicio.o(i._putch)
    bin2ascii                                0x08003b0d   Thumb Code    16  basicio.o(i.bin2ascii)
    clust2sect                               0x08003b89   Thumb Code    24  ff.o(i.clust2sect)
    disk_initialize                          0x08003f47   Thumb Code    14  diskio.o(i.disk_initialize)
    disk_ioctl                               0x08003f55   Thumb Code    20  diskio.o(i.disk_ioctl)
    disk_read                                0x08003f69   Thumb Code    30  diskio.o(i.disk_read)
    disk_status                              0x08003f87   Thumb Code    14  diskio.o(i.disk_status)
    disk_write                               0x08003f95   Thumb Code    34  diskio.o(i.disk_write)
    f_close                                  0x08003fb7   Thumb Code    28  ff.o(i.f_close)
    f_lseek                                  0x08003fd3   Thumb Code   302  ff.o(i.f_lseek)
    f_mount                                  0x08004101   Thumb Code    72  ff.o(i.f_mount)
    f_open                                   0x0800414d   Thumb Code   312  ff.o(i.f_open)
    f_printf                                 0x08004285   Thumb Code   488  ff.o(i.f_printf)
    f_puts                                   0x0800446d   Thumb Code    70  ff.o(i.f_puts)
    f_sync                                   0x080044b3   Thumb Code   152  ff.o(i.f_sync)
    f_write                                  0x0800454b   Thumb Code   382  ff.o(i.f_write)
    fixedpoint                               0x08004901   Thumb Code   108  basicio.o(i.fixedpoint)
    ftostr                                   0x08004a19   Thumb Code   124  basicio.o(i.ftostr)
    get_fat                                  0x08004a99   Thumb Code   182  ff.o(i.get_fat)
    get_fattime                              0x08004b51   Thumb Code     4  diskio.o(i.get_fattime)
    main                                     0x08004ba9   Thumb Code    66  boltz_mmi_f1.o(i.main)
    print_hex16                              0x08004ca9   Thumb Code    26  basicio.o(i.print_hex16)
    print_hexbyte                            0x08004cc9   Thumb Code    30  basicio.o(i.print_hexbyte)
    print_int                                0x08004ce7   Thumb Code    30  basicio.o(i.print_int)
    print_string                             0x08004d05   Thumb Code    22  basicio.o(i.print_string)
    print_uint                               0x08004d1d   Thumb Code    70  basicio.o(i.print_uint)
    put_fat                                  0x08004d69   Thumb Code   250  ff.o(i.put_fat)
    uint2str                                 0x08005209   Thumb Code    90  basicio.o(i.uint2str)
    OSUnMapTbl                               0x080053c0   Data         256  os_core.o(.constdata)
    Font_6x8_h                               0x08005510   Data         896  glcd_spi_stm32.o(.constdata)
    Font_16x24_h                             0x08005890   Data        5376  glcd_spi_stm32.o(.constdata)
    Font_20x40_h                             0x08006d90   Data       11520  glcd_spi_stm32.o(.constdata)
    Region$$Table$$Base                      0x08009e28   Number         0  anon$$obj.o(Region$$Table)
    Region$$Table$$Limit                     0x08009e48   Number         0  anon$$obj.o(Region$$Table)
    res                                      0x20000000   Data           1  boltz_mmi_f1.o(.data)
    Potivalue                                0x20000002   Data           2  boltz_mmi_f1.o(.data)
    MaxIdleCount                             0x20000004   Data           4  boltz_mmi_f1.o(.data)
    myCPUUsage                               0x20000008   Data           4  boltz_mmi_f1.o(.data)
    ThrottleCmdNew                           0x2000000c   Data           4  boltz_mmi_f1.o(.data)
    ThrottleCmdNew_str                       0x20000010   Data           5  boltz_mmi_f1.o(.data)
    OSCPUUsage                               0x20000018   Data           1  os_core.o(.data)
    OSStatRdy                                0x20000019   Data           1  os_core.o(.data)
    OSIntNesting                             0x2000001a   Data           1  os_core.o(.data)
    OSLockNesting                            0x2000001b   Data           1  os_core.o(.data)
    OSPrioCur                                0x2000001c   Data           1  os_core.o(.data)
    OSPrioHighRdy                            0x2000001d   Data           1  os_core.o(.data)
    OSRdyGrp                                 0x2000001e   Data           1  os_core.o(.data)
    OSRunning                                0x2000001f   Data           1  os_core.o(.data)
    OSTaskCtr                                0x20000020   Data           1  os_core.o(.data)
    OSCtxSwCtr                               0x20000024   Data           4  os_core.o(.data)
    OSIdleCtrMax                             0x20000028   Data           4  os_core.o(.data)
    OSIdleCtrRun                             0x2000002c   Data           4  os_core.o(.data)
    OSRdyTbl                                 0x20000030   Data           4  os_core.o(.data)
    OSIdleCtr                                0x20000034   Data           4  os_core.o(.data)
    OSTCBCur                                 0x20000038   Data           4  os_core.o(.data)
    OSTCBFreeList                            0x2000003c   Data           4  os_core.o(.data)
    OSTCBHighRdy                             0x20000040   Data           4  os_core.o(.data)
    OSTCBList                                0x20000044   Data           4  os_core.o(.data)
    LCD_Update_FLAG                          0x2000005c   Data           1  lcdlib.o(.data)
    LCD_state                                0x2000005d   Data           1  lcdlib.o(.data)
    d                                        0x20000072   Data           1  fatfs_sd.o(.data)
    UserTaskStk                              0x20000074   Data        2560  boltz_mmi_f1.o(.bss)
    StartUpTaskStk                           0x20000a74   Data         512  boltz_mmi_f1.o(.bss)
    MotorParam                               0x20000c74   Data          32  boltz_mmi_f1.o(.bss)
    BatteryParam                             0x20000c94   Data          18  boltz_mmi_f1.o(.bss)
    FatFs                                    0x20000ca8   Data         560  boltz_mmi_f1.o(.bss)
    fil                                      0x20000ed8   Data         548  boltz_mmi_f1.o(.bss)
    OSTaskStatStk                            0x200010fc   Data         512  os_core.o(.bss)
    OSTaskIdleStk                            0x200012fc   Data         512  os_core.o(.bss)
    OSTCBPrioTbl                             0x200014fc   Data         128  os_core.o(.bss)
    OSTCBTbl                                 0x2000157c   Data         480  os_core.o(.bss)
    CanRecMsg                                0x2000175c   Data          20  canlib.o(.bss)
    CanSendMsg                               0x20001770   Data          20  canlib.o(.bss)
    LCDParam                                 0x20001784   Data          92  canlib.o(.bss)
    MotorParamsCondition                     0x200017e0   Data          32  canlib.o(.bss)
    BatteryParamsCondition                   0x20001800   Data          18  canlib.o(.bss)
    __initial_sp                             0x20001c18   Data           0  startup_stm32f10x_cl.o(STACK)



==============================================================================

Memory Map of the image

  Image Entry point : 0x08000151

  Load Region LR_IROM1 (Base: 0x08000000, Size: 0x00009ebc, Max: 0x00040000, ABSOLUTE)

    Execution Region ER_IROM1 (Base: 0x08000000, Size: 0x00009e48, Max: 0x00040000, ABSOLUTE)

    Base Addr    Size         Type   Attr      Idx    E Section Name        Object

    0x08000000   0x00000150   Data   RO            3    RESET               startup_stm32f10x_cl.o
    0x08000150   0x00000000   Code   RO         3462  * .ARM.Collect$$$$00000000  mc_w.l(entry.o)
    0x08000150   0x00000004   Code   RO         3489    .ARM.Collect$$$$00000001  mc_w.l(entry2.o)
    0x08000154   0x00000004   Code   RO         3492    .ARM.Collect$$$$00000004  mc_w.l(entry5.o)
    0x08000158   0x00000000   Code   RO         3494    .ARM.Collect$$$$00000008  mc_w.l(entry7b.o)
    0x08000158   0x00000000   Code   RO         3496    .ARM.Collect$$$$0000000A  mc_w.l(entry8b.o)
    0x08000158   0x00000008   Code   RO         3497    .ARM.Collect$$$$0000000B  mc_w.l(entry9a.o)
    0x08000160   0x00000000   Code   RO         3499    .ARM.Collect$$$$0000000D  mc_w.l(entry10a.o)
    0x08000160   0x00000000   Code   RO         3501    .ARM.Collect$$$$0000000F  mc_w.l(entry11a.o)
    0x08000160   0x00000004   Code   RO         3490    .ARM.Collect$$$$00002712  mc_w.l(entry2.o)
    0x08000164   0x00000024   Code   RO            4    .text               startup_stm32f10x_cl.o
    0x08000188   0x000000a4   Code   RO          288    .text               os_cpu_a.o
    0x0800022c   0x00000024   Code   RO         3465    .text               mc_w.l(memcpya.o)
    0x08000250   0x00000064   Code   RO         3469    .text               mf_w.l(fmul.o)
    0x080002b4   0x0000007c   Code   RO         3471    .text               mf_w.l(fdiv.o)
    0x08000330   0x00000018   Code   RO         3473    .text               mf_w.l(fscalb.o)
    0x08000348   0x000000e4   Code   RO         3475    .text               mf_w.l(dmul.o)
    0x0800042c   0x000000de   Code   RO         3477    .text               mf_w.l(ddiv.o)
    0x0800050a   0x0000000a   Code   RO         3479    .text               mf_w.l(ffltui.o)
    0x08000514   0x0000001a   Code   RO         3481    .text               mf_w.l(dfltui.o)
    0x0800052e   0x0000003e   Code   RO         3483    .text               mf_w.l(dfixi.o)
    0x0800056c   0x00000026   Code   RO         3485    .text               mf_w.l(f2d.o)
    0x08000592   0x00000038   Code   RO         3487    .text               mf_w.l(d2f.o)
    0x080005ca   0x00000020   Code   RO         3503    .text               mc_w.l(llushr.o)
    0x080005ea   0x00000000   Code   RO         3505    .text               mc_w.l(iusefp.o)
    0x080005ea   0x0000006e   Code   RO         3506    .text               mf_w.l(fepilogue.o)
    0x08000658   0x000000b6   Code   RO         3508    .text               mf_w.l(depilogue.o)
    0x0800070e   0x00000002   PAD
    0x08000710   0x00000024   Code   RO         3510    .text               mc_w.l(init.o)
    0x08000734   0x0000001e   Code   RO         3512    .text               mc_w.l(llshl.o)
    0x08000752   0x00000014   Code   RO          585    i.ADC_Cmd           stm32f10x_adc.o
    0x08000766   0x00000002   PAD
    0x08000768   0x00000098   Code   RO         2471    i.ADC_Configuration  peripheral_init.o
    0x08000800   0x00000044   Code   RO          587    i.ADC_DeInit        stm32f10x_adc.o
    0x08000844   0x0000000e   Code   RO          593    i.ADC_GetCalibrationStatus  stm32f10x_adc.o
    0x08000852   0x00000006   Code   RO          594    i.ADC_GetConversionValue  stm32f10x_adc.o
    0x08000858   0x0000000e   Code   RO          596    i.ADC_GetFlagStatus  stm32f10x_adc.o
    0x08000866   0x0000000e   Code   RO          599    i.ADC_GetResetCalibrationStatus  stm32f10x_adc.o
    0x08000874   0x00000048   Code   RO          603    i.ADC_Init          stm32f10x_adc.o
    0x080008bc   0x00000074   Code   RO          607    i.ADC_RegularChannelConfig  stm32f10x_adc.o
    0x08000930   0x0000000a   Code   RO          608    i.ADC_ResetCalibration  stm32f10x_adc.o
    0x0800093a   0x00000014   Code   RO          610    i.ADC_SoftwareStartConvCmd  stm32f10x_adc.o
    0x0800094e   0x0000000a   Code   RO          612    i.ADC_StartCalibration  stm32f10x_adc.o
    0x08000958   0x00000012   Code   RO          613    i.ADC_StructInit    stm32f10x_adc.o
    0x0800096a   0x00000010   Code   RO         2555    i.BSP_CPU_ClkFreq   bsp.o
    0x0800097a   0x00000002   PAD
    0x0800097c   0x000000ac   Code   RO         2472    i.CAN_Configuration  peripheral_init.o
    0x08000a28   0x0000002c   Code   RO          813    i.CAN_DeInit        stm32f10x_can.o
    0x08000a54   0x00000016   Code   RO          814    i.CAN_FIFORelease   stm32f10x_can.o
    0x08000a6a   0x00000002   PAD
    0x08000a6c   0x00000058   Code   RO         2599    i.CAN_FillThrottlemsg  canlib.o
    0x08000ac4   0x000000cc   Code   RO          815    i.CAN_FilterInit    stm32f10x_can.o
    0x08000b90   0x000000e8   Code   RO          819    i.CAN_Init          stm32f10x_can.o
    0x08000c78   0x00000080   Code   RO          821    i.CAN_Receive       stm32f10x_can.o
    0x08000cf8   0x000000f8   Code   RO         2601    i.CAN_ReceiveBatteryParameters  canlib.o
    0x08000df0   0x00000008   Code   RO         2602    i.CAN_ReceiveMessage  canlib.o
    0x08000df8   0x00000120   Code   RO         2603    i.CAN_ReceiveMotorParameters  canlib.o
    0x08000f18   0x00000020   Code   RO          824    i.CAN_StructInit    stm32f10x_can.o
    0x08000f38   0x000000a4   Code   RO          825    i.CAN_Transmit      stm32f10x_can.o
    0x08000fdc   0x00000030   Code   RO           12    i.EXTI9_5_IRQHandler  boltz_mmi_f1.o
    0x0800100c   0x0000000c   Code   RO          943    i.EXTI_ClearITPendingBit  stm32f10x_exti.o
    0x08001018   0x00000020   Code   RO          947    i.EXTI_GetITStatus  stm32f10x_exti.o
    0x08001038   0x00000070   Code   RO          948    i.EXTI_Init         stm32f10x_exti.o
    0x080010a8   0x0000007c   Code   RO         2742    i.GLCD_BargraphWithCorlorLineX  glcd_spi_stm32.o
    0x08001124   0x00000034   Code   RO         2745    i.GLCD_Clear        glcd_spi_stm32.o
    0x08001158   0x00000080   Code   RO         2749    i.GLCD_DisplayCharWithColor  glcd_spi_stm32.o
    0x080011d8   0x0000002e   Code   RO         2751    i.GLCD_DisplayStringWithColor  glcd_spi_stm32.o
    0x08001206   0x00000002   PAD
    0x08001208   0x0000009c   Code   RO         2753    i.GLCD_DrawCharWithColor  glcd_spi_stm32.o
    0x080012a4   0x000005d2   Code   RO         2754    i.GLCD_Init         glcd_spi_stm32.o
    0x08001876   0x00000002   PAD
    0x08001878   0x00000098   Code   RO         2759    i.GLCD_SetWindow    glcd_spi_stm32.o
    0x08001910   0x0000000e   Code   RO         2760    i.GLCD_WindowMax    glcd_spi_stm32.o
    0x0800191e   0x00000002   PAD
    0x08001920   0x00000028   Code   RO         1007    i.GPIO_EXTILineConfig  stm32f10x_gpio.o
    0x08001948   0x000000a2   Code   RO         1010    i.GPIO_Init         stm32f10x_gpio.o
    0x080019ea   0x00000002   PAD
    0x080019ec   0x00000058   Code   RO         1012    i.GPIO_PinRemapConfig  stm32f10x_gpio.o
    0x08001a44   0x00000004   Code   RO         1017    i.GPIO_ResetBits    stm32f10x_gpio.o
    0x08001a48   0x00000004   Code   RO         1018    i.GPIO_SetBits      stm32f10x_gpio.o
    0x08001a4c   0x00000010   Code   RO         1019    i.GPIO_StructInit   stm32f10x_gpio.o
    0x08001a5c   0x00000028   Code   RO         2659    i.Get_Potvalue      adclib.o
    0x08001a84   0x000002a0   Code   RO         2680    i.LCD_Display_Measured_Values  lcdlib.o
    0x08001d24   0x0000019c   Code   RO         2681    i.LCD_Display_Parameters  lcdlib.o
    0x08001ec0   0x00000010   Code   RO         2682    i.LCD_Init          lcdlib.o
    0x08001ed0   0x00000034   Code   RO         2473    i.LED_Configuration  peripheral_init.o
    0x08001f04   0x0000000c   Code   RO         2306    i.LED_off           basicio.o
    0x08001f10   0x0000000c   Code   RO         2307    i.LED_on            basicio.o
    0x08001f1c   0x00000064   Code   RO          516    i.NVIC_Init         misc.o
    0x08001f80   0x000000e0   Code   RO          339    i.OSInit            os_core.o
    0x08002060   0x00000002   Code   RO          200    i.OSInitHookBegin   os_cpu_c.o
    0x08002062   0x00000002   Code   RO          201    i.OSInitHookEnd     os_cpu_c.o
    0x08002064   0x00000054   Code   RO          341    i.OSIntExit         os_core.o
    0x080020b8   0x00000030   Code   RO          342    i.OSStart           os_core.o
    0x080020e8   0x00000034   Code   RO          343    i.OSStatInit        os_core.o
    0x0800211c   0x00000002   Code   RO          202    i.OSTCBInitHook     os_cpu_c.o
    0x0800211e   0x00000002   PAD
    0x08002120   0x00000088   Code   RO          466    i.OSTaskCreate      os_task.o
    0x080021a8   0x00000002   Code   RO          203    i.OSTaskCreateHook  os_cpu_c.o
    0x080021aa   0x00000002   Code   RO          205    i.OSTaskIdleHook    os_cpu_c.o
    0x080021ac   0x00000078   Code   RO          468    i.OSTaskNameSet     os_task.o
    0x08002224   0x00000002   Code   RO          206    i.OSTaskStatHook    os_cpu_c.o
    0x08002226   0x00000074   Code   RO          207    i.OSTaskStkInit     os_cpu_c.o
    0x0800229a   0x00000002   PAD
    0x0800229c   0x00000084   Code   RO          470    i.OSTaskSuspend     os_task.o
    0x08002320   0x00000002   Code   RO          208    i.OSTaskSwHook      os_cpu_c.o
    0x08002322   0x00000002   PAD
    0x08002324   0x00000054   Code   RO          502    i.OSTimeDly         os_time.o
    0x08002378   0x00000068   Code   RO          344    i.OSTimeTick        os_core.o
    0x080023e0   0x00000006   Code   RO          345    i.OSVersion         os_core.o
    0x080023e6   0x00000004   Code   RO         2558    i.OS_CPU_SysTickClkFreq  bsp.o
    0x080023ea   0x00000002   PAD
    0x080023ec   0x00000024   Code   RO          209    i.OS_CPU_SysTickHandler  os_cpu_c.o
    0x08002410   0x00000026   Code   RO          210    i.OS_CPU_SysTickInit  os_cpu_c.o
    0x08002436   0x00000012   Code   RO          346    i.OS_MemClr         os_core.o
    0x08002448   0x00000044   Code   RO          348    i.OS_Sched          os_core.o
    0x0800248c   0x00000020   Code   RO          349    i.OS_SchedNew       os_core.o
    0x080024ac   0x0000001e   Code   RO          350    i.OS_StrCopy        os_core.o
    0x080024ca   0x00000014   Code   RO          351    i.OS_StrLen         os_core.o
    0x080024de   0x00000002   PAD
    0x080024e0   0x000000a0   Code   RO          352    i.OS_TCBInit        os_core.o
    0x08002580   0x0000001c   Code   RO          353    i.OS_TaskIdle       os_core.o
    0x0800259c   0x00000054   Code   RO          354    i.OS_TaskStat       os_core.o
    0x080025f0   0x0000002a   Code   RO         2474    i.Periph_Init       peripheral_init.o
    0x0800261a   0x00000002   PAD
    0x0800261c   0x00000014   Code   RO         1126    i.RCC_ADCCLKConfig  stm32f10x_rcc.o
    0x08002630   0x00000018   Code   RO         1129    i.RCC_APB1PeriphClockCmd  stm32f10x_rcc.o
    0x08002648   0x00000018   Code   RO         1130    i.RCC_APB1PeriphResetCmd  stm32f10x_rcc.o
    0x08002660   0x00000018   Code   RO         1131    i.RCC_APB2PeriphClockCmd  stm32f10x_rcc.o
    0x08002678   0x00000018   Code   RO         1132    i.RCC_APB2PeriphResetCmd  stm32f10x_rcc.o
    0x08002690   0x000000b8   Code   RO         2475    i.RCC_Configuration  peripheral_init.o
    0x08002748   0x0000004c   Code   RO         1138    i.RCC_DeInit        stm32f10x_rcc.o
    0x08002794   0x000000c8   Code   RO         1139    i.RCC_GetClocksFreq  stm32f10x_rcc.o
    0x0800285c   0x00000030   Code   RO         1140    i.RCC_GetFlagStatus  stm32f10x_rcc.o
    0x0800288c   0x00000010   Code   RO         1142    i.RCC_GetSYSCLKSource  stm32f10x_rcc.o
    0x0800289c   0x00000014   Code   RO         1143    i.RCC_HCLKConfig    stm32f10x_rcc.o
    0x080028b0   0x00000034   Code   RO         1144    i.RCC_HSEConfig     stm32f10x_rcc.o
    0x080028e4   0x0000000c   Code   RO         1146    i.RCC_I2S2CLKConfig  stm32f10x_rcc.o
    0x080028f0   0x00000014   Code   RO         1153    i.RCC_PCLK1Config   stm32f10x_rcc.o
    0x08002904   0x00000014   Code   RO         1154    i.RCC_PCLK2Config   stm32f10x_rcc.o
    0x08002918   0x0000000c   Code   RO         1155    i.RCC_PLL2Cmd       stm32f10x_rcc.o
    0x08002924   0x00000014   Code   RO         1156    i.RCC_PLL2Config    stm32f10x_rcc.o
    0x08002938   0x0000000c   Code   RO         1157    i.RCC_PLL3Cmd       stm32f10x_rcc.o
    0x08002944   0x00000014   Code   RO         1158    i.RCC_PLL3Config    stm32f10x_rcc.o
    0x08002958   0x0000000c   Code   RO         1159    i.RCC_PLLCmd        stm32f10x_rcc.o
    0x08002964   0x00000014   Code   RO         1160    i.RCC_PLLConfig     stm32f10x_rcc.o
    0x08002978   0x0000001c   Code   RO         1161    i.RCC_PREDIV1Config  stm32f10x_rcc.o
    0x08002994   0x00000014   Code   RO         1162    i.RCC_PREDIV2Config  stm32f10x_rcc.o
    0x080029a8   0x00000014   Code   RO         1165    i.RCC_SYSCLKConfig  stm32f10x_rcc.o
    0x080029bc   0x0000002c   Code   RO         1166    i.RCC_WaitForHSEStartUp  stm32f10x_rcc.o
    0x080029e8   0x000000b0   Code   RO         2476    i.SD_Configuration  peripheral_init.o
    0x08002a98   0x00000014   Code   RO         1392    i.SPI_CalculateCRC  stm32f10x_spi.o
    0x08002aac   0x00000014   Code   RO         1393    i.SPI_Cmd           stm32f10x_spi.o
    0x08002ac0   0x0000000e   Code   RO         1401    i.SPI_I2S_GetFlagStatus  stm32f10x_spi.o
    0x08002ace   0x00000038   Code   RO         1406    i.SPI_Init          stm32f10x_spi.o
    0x08002b06   0x00000002   PAD
    0x08002b08   0x000000d0   Code   RO         2269    i.SetSysClockTo72   system_stm32f10x.o
    0x08002bd8   0x00000004   Code   RO         2308    i.Set_GPIO_off      basicio.o
    0x08002bdc   0x00000004   Code   RO         2309    i.Set_GPIO_on       basicio.o
    0x08002be0   0x00000178   Code   RO           14    i.StartUpTask       boltz_mmi_f1.o
    0x08002d58   0x0000005c   Code   RO         2271    i.SystemInit        system_stm32f10x.o
    0x08002db4   0x00000014   Code   RO         1554    i.TIM_Cmd           stm32f10x_tim.o
    0x08002dc8   0x00000004   Code   RO         1573    i.TIM_GetCounter    stm32f10x_tim.o
    0x08002dcc   0x00000010   Code   RO         1610    i.TIM_SelectOnePulseMode  stm32f10x_tim.o
    0x08002ddc   0x00000004   Code   RO         1619    i.TIM_SetCounter    stm32f10x_tim.o
    0x08002de0   0x0000009c   Code   RO         1625    i.TIM_TimeBaseInit  stm32f10x_tim.o
    0x08002e7c   0x000000dc   Code   RO         3362    i.TM_FATFS_SD_disk_initialize  fatfs_sd.o
    0x08002f58   0x000001bc   Code   RO         3363    i.TM_FATFS_SD_disk_ioctl  fatfs_sd.o
    0x08003114   0x00000078   Code   RO         3364    i.TM_FATFS_SD_disk_read  fatfs_sd.o
    0x0800318c   0x00000014   Code   RO         3365    i.TM_FATFS_SD_disk_status  fatfs_sd.o
    0x080031a0   0x00000094   Code   RO         3366    i.TM_FATFS_SD_disk_write  fatfs_sd.o
    0x08003234   0x00000026   Code   RO         2960    i.TM_SPI_ReadMulti  sdlib.o
    0x0800325a   0x00000030   Code   RO         2961    i.TM_SPI_Send       sdlib.o
    0x0800328a   0x00000022   Code   RO         2963    i.TM_SPI_WriteMulti  sdlib.o
    0x080032ac   0x0000003e   Code   RO         2477    i.Timer_Configuration  peripheral_init.o
    0x080032ea   0x00000002   PAD
    0x080032ec   0x00000090   Code   RO         2478    i.UI_Configuration  peripheral_init.o
    0x0800337c   0x00000014   Code   RO         2085    i.USART_Cmd         stm32f10x_usart.o
    0x08003390   0x00000090   Code   RO         2479    i.USART_Configuration  peripheral_init.o
    0x08003420   0x000000ac   Code   RO         2092    i.USART_Init        stm32f10x_usart.o
    0x080034cc   0x00000016   Code   RO         2108    i.USART_StructInit  stm32f10x_usart.o
    0x080034e2   0x00000002   PAD
    0x080034e4   0x00000030   Code   RO           15    i.UserTask_CANMsgRec  boltz_mmi_f1.o
    0x08003514   0x00000070   Code   RO           16    i.UserTask_CANMsgSend  boltz_mmi_f1.o
    0x08003584   0x00000010   Code   RO           17    i.UserTask_LCDOutput  boltz_mmi_f1.o
    0x08003594   0x00000250   Code   RO           18    i.UserTask_SDwrite  boltz_mmi_f1.o
    0x080037e4   0x000002f0   Code   RO           19    i.UserTask_TerminalOutput  boltz_mmi_f1.o
    0x08003ad4   0x0000000e   Code   RO         3516    i.__scatterload_copy  mc_w.l(handlers.o)
    0x08003ae2   0x00000002   Code   RO         3517    i.__scatterload_null  mc_w.l(handlers.o)
    0x08003ae4   0x0000000e   Code   RO         3518    i.__scatterload_zeroinit  mc_w.l(handlers.o)
    0x08003af2   0x00000002   PAD
    0x08003af4   0x00000018   Code   RO         2312    i._putch            basicio.o
    0x08003b0c   0x00000010   Code   RO         2315    i.bin2ascii         basicio.o
    0x08003b1c   0x0000005c   Code   RO         3065    i.check_fs          ff.o
    0x08003b78   0x00000010   Code   RO         3066    i.chk_chr           ff.o
    0x08003b88   0x00000018   Code   RO         3067    i.clust2sect        ff.o
    0x08003ba0   0x0000009e   Code   RO         3068    i.create_chain      ff.o
    0x08003c3e   0x00000002   PAD
    0x08003c40   0x00000108   Code   RO         3069    i.create_name       ff.o
    0x08003d48   0x00000008   Code   RO         2763    i.delay             glcd_spi_stm32.o
    0x08003d50   0x00000018   Code   RO         3368    i.deselect          fatfs_sd.o
    0x08003d68   0x00000042   Code   RO         3070    i.dir_alloc         ff.o
    0x08003daa   0x000000e6   Code   RO         3071    i.dir_next          ff.o
    0x08003e90   0x00000038   Code   RO         3073    i.dir_register      ff.o
    0x08003ec8   0x0000007e   Code   RO         3075    i.dir_sdi           ff.o
    0x08003f46   0x0000000e   Code   RO         3011    i.disk_initialize   diskio.o
    0x08003f54   0x00000014   Code   RO         3012    i.disk_ioctl        diskio.o
    0x08003f68   0x0000001e   Code   RO         3013    i.disk_read         diskio.o
    0x08003f86   0x0000000e   Code   RO         3014    i.disk_status       diskio.o
    0x08003f94   0x00000022   Code   RO         3015    i.disk_write        diskio.o
    0x08003fb6   0x0000001c   Code   RO         3077    i.f_close           ff.o
    0x08003fd2   0x0000012e   Code   RO         3082    i.f_lseek           ff.o
    0x08004100   0x0000004c   Code   RO         3084    i.f_mount           ff.o
    0x0800414c   0x00000138   Code   RO         3085    i.f_open            ff.o
    0x08004284   0x000001e8   Code   RO         3087    i.f_printf          ff.o
    0x0800446c   0x00000046   Code   RO         3089    i.f_puts            ff.o
    0x080044b2   0x00000098   Code   RO         3095    i.f_sync            ff.o
    0x0800454a   0x0000017e   Code   RO         3099    i.f_write           ff.o
    0x080046c8   0x00000238   Code   RO         3100    i.find_volume       ff.o
    0x08004900   0x0000006c   Code   RO         2318    i.fixedpoint        basicio.o
    0x0800496c   0x000000aa   Code   RO         3101    i.follow_path       ff.o
    0x08004a16   0x00000002   PAD
    0x08004a18   0x00000080   Code   RO         2320    i.ftostr            basicio.o
    0x08004a98   0x000000b6   Code   RO         3102    i.get_fat           ff.o
    0x08004b4e   0x00000002   PAD
    0x08004b50   0x00000008   Code   RO         3016    i.get_fattime       diskio.o
    0x08004b58   0x0000003c   Code   RO         3104    i.get_ldnumber      ff.o
    0x08004b94   0x00000012   Code   RO         3105    i.ld_clust          ff.o
    0x08004ba6   0x00000002   PAD
    0x08004ba8   0x000000b0   Code   RO           20    i.main              boltz_mmi_f1.o
    0x08004c58   0x00000012   Code   RO         3106    i.mem_cpy           ff.o
    0x08004c6a   0x0000000e   Code   RO         3107    i.mem_set           ff.o
    0x08004c78   0x0000002e   Code   RO         3108    i.move_window       ff.o
    0x08004ca6   0x00000002   PAD
    0x08004ca8   0x00000020   Code   RO         2323    i.print_hex16       basicio.o
    0x08004cc8   0x0000001e   Code   RO         2325    i.print_hexbyte     basicio.o
    0x08004ce6   0x0000001e   Code   RO         2327    i.print_int         basicio.o
    0x08004d04   0x00000016   Code   RO         2328    i.print_string      basicio.o
    0x08004d1a   0x00000002   PAD
    0x08004d1c   0x0000004c   Code   RO         2329    i.print_uint        basicio.o
    0x08004d68   0x000000fa   Code   RO         3109    i.put_fat           ff.o
    0x08004e62   0x00000046   Code   RO         3110    i.putc_bfd          ff.o
    0x08004ea8   0x00000038   Code   RO         3369    i.rcvr_datablock    fatfs_sd.o
    0x08004ee0   0x00000074   Code   RO         2764    i.rd_id_man         glcd_spi_stm32.o
    0x08004f54   0x00000062   Code   RO         3111    i.remove_chain      ff.o
    0x08004fb6   0x00000002   PAD
    0x08004fb8   0x0000002c   Code   RO         3370    i.select            fatfs_sd.o
    0x08004fe4   0x00000086   Code   RO         3371    i.send_cmd          fatfs_sd.o
    0x0800506a   0x00000002   PAD
    0x0800506c   0x00000018   Code   RO         2765    i.spi_tran          glcd_spi_stm32.o
    0x08005084   0x00000074   Code   RO         2766    i.spi_tran_man      glcd_spi_stm32.o
    0x080050f8   0x00000010   Code   RO         3112    i.st_clust          ff.o
    0x08005108   0x000000b0   Code   RO         3113    i.sync_fs           ff.o
    0x080051b8   0x00000050   Code   RO         3114    i.sync_window       ff.o
    0x08005208   0x00000060   Code   RO         2331    i.uint2str          basicio.o
    0x08005268   0x00000026   Code   RO         3115    i.validate          ff.o
    0x0800528e   0x00000002   PAD
    0x08005290   0x00000040   Code   RO         3372    i.wait_ready        fatfs_sd.o
    0x080052d0   0x0000002c   Code   RO         2767    i.wr_cmd            glcd_spi_stm32.o
    0x080052fc   0x0000002c   Code   RO         2768    i.wr_dat            glcd_spi_stm32.o
    0x08005328   0x00000014   Code   RO         2769    i.wr_dat_only       glcd_spi_stm32.o
    0x0800533c   0x00000014   Code   RO         2770    i.wr_dat_start      glcd_spi_stm32.o
    0x08005350   0x00000012   Code   RO         2771    i.wr_reg            glcd_spi_stm32.o
    0x08005362   0x00000002   PAD
    0x08005364   0x0000000c   Code   RO         3373    i.xchg_spi          fatfs_sd.o
    0x08005370   0x00000050   Code   RO         3374    i.xmit_datablock    fatfs_sd.o
    0x080053c0   0x00000100   Data   RO          356    .constdata          os_core.o
    0x080054c0   0x00000050   Data   RO         2332    .constdata          basicio.o
    0x08005510   0x00004580   Data   RO         2772    .constdata          glcd_spi_stm32.o
    0x08009a90   0x00000080   Data   RO         3116    .constdata          ff.o
    0x08009b10   0x00000317   Data   RO           22    .conststring        boltz_mmi_f1.o
    0x08009e27   0x00000001   PAD
    0x08009e28   0x00000020   Data   RO         3514    Region$$Table       anon$$obj.o


    Execution Region RW_IRAM1 (Base: 0x20000000, Size: 0x00001c18, Max: 0x00010000, ABSOLUTE)

    Base Addr    Size         Type   Attr      Idx    E Section Name        Object

    0x20000000   0x00000015   Data   RW           23    .data               boltz_mmi_f1.o
    0x20000015   0x00000003   PAD
    0x20000018   0x00000030   Data   RW          357    .data               os_core.o
    0x20000048   0x00000014   Data   RW         1167    .data               stm32f10x_rcc.o
    0x2000005c   0x00000002   Data   RW         2685    .data               lcdlib.o
    0x2000005e   0x00000006   Data   RW         2773    .data               glcd_spi_stm32.o
    0x20000064   0x0000000c   Data   RW         3117    .data               ff.o
    0x20000070   0x00000003   Data   RW         3375    .data               fatfs_sd.o
    0x20000073   0x00000001   PAD
    0x20000074   0x00001088   Zero   RW           21    .bss                boltz_mmi_f1.o
    0x200010fc   0x00000660   Zero   RW          355    .bss                os_core.o
    0x2000175c   0x00000014   Zero   RW         2605    .bss                canlib.o
    0x20001770   0x00000014   Zero   RW         2606    .bss                canlib.o
    0x20001784   0x0000008e   Zero   RW         2609    .bss                canlib.o
    0x20001812   0x00000006   PAD
    0x20001818   0x00000400   Zero   RW            1    STACK               startup_stm32f10x_cl.o


==============================================================================

Image component sizes


      Code (inc. data)   RO Data    RW Data    ZI Data      Debug   Object Name

        40          6          0          0          0        539   adclib.o
       594         36         80          0          0       8121   basicio.o
      2120        746        791         21       4232     318515   boltz_mmi_f1.o
        20          0          0          0          0       1478   bsp.o
       632         44          0          0        182       5305   canlib.o
       120          4          0          0          0       4816   diskio.o
      1366         60          0          3          0      10316   fatfs_sd.o
      4646         44        128         12          0      26371   ff.o
      2572        118      17792          6          0      13727   glcd_spi_stm32.o
      1100        148          0          2          0       4997   lcdlib.o
       100          6          0          0          0     241080   misc.o
       958        118        256         48       1632      16620   os_core.o
       164         32          0          0          0        400   os_cpu_a.o
       204          6          0          0          0      14309   os_cpu_c.o
       388         42          0          0          0       2651   os_task.o
        84         16          0          0          0        636   os_time.o
      1128         48          0          0          0       6120   peripheral_init.o
       120          0          0          0          0       4509   sdlib.o
        36          8        336          0       1024        856   startup_stm32f10x_cl.o
       382         22          0          0          0       9539   stm32f10x_adc.o
       826         16          0          0          0       5901   stm32f10x_can.o
       156         14          0          0          0       2396   stm32f10x_exti.o
       314         12          0          0          0       5050   stm32f10x_gpio.o
       788        158          0         20          0      17749   stm32f10x_rcc.o
       110          0          0          0          0       3548   stm32f10x_spi.o
       200         42          0          0          0       4511   stm32f10x_tim.o
       214          6          0          0          0       3572   stm32f10x_usart.o
       300         34          0          0          0       1973   system_stm32f10x.o

    ----------------------------------------------------------------------
     19734       1786      19416        116       7076     735605   Object Totals
         0          0         32          0          0          0   (incl. Generated)
        52          0          1          4          6          0   (incl. Padding)

    ----------------------------------------------------------------------

      Code (inc. data)   RO Data    RW Data    ZI Data      Debug   Library Member Name

         0          0          0          0          0          0   entry.o
         0          0          0          0          0          0   entry10a.o
         0          0          0          0          0          0   entry11a.o
         8          4          0          0          0          0   entry2.o
         4          0          0          0          0          0   entry5.o
         0          0          0          0          0          0   entry7b.o
         0          0          0          0          0          0   entry8b.o
         8          4          0          0          0          0   entry9a.o
        30          0          0          0          0          0   handlers.o
        36          8          0          0          0         68   init.o
         0          0          0          0          0          0   iusefp.o
        30          0          0          0          0         68   llshl.o
        32          0          0          0          0         68   llushr.o
        36          0          0          0          0         68   memcpya.o
        56          0          0          0          0         88   d2f.o
       222          0          0          0          0        100   ddiv.o
       182          0          0          0          0        176   depilogue.o
        62          0          0          0          0         80   dfixi.o
        26          0          0          0          0         76   dfltui.o
       228          0          0          0          0         96   dmul.o
        38          0          0          0          0         68   f2d.o
       124          0          0          0          0         88   fdiv.o
       110          0          0          0          0        168   fepilogue.o
        10          0          0          0          0         68   ffltui.o
       100          0          0          0          0         76   fmul.o
        24          0          0          0          0         68   fscalb.o

    ----------------------------------------------------------------------
      1370         16          0          0          0       1424   Library Totals
         4          0          0          0          0          0   (incl. Padding)

    ----------------------------------------------------------------------

      Code (inc. data)   RO Data    RW Data    ZI Data      Debug   Library Name

       184         16          0          0          0        272   mc_w.l
      1182          0          0          0          0       1152   mf_w.l

    ----------------------------------------------------------------------
      1370         16          0          0          0       1424   Library Totals

    ----------------------------------------------------------------------

==============================================================================


      Code (inc. data)   RO Data    RW Data    ZI Data      Debug   

     21104       1802      19416        116       7076     725897   Grand Totals
     21104       1802      19416        116       7076     725897   ELF Image Totals
     21104       1802      19416        116          0          0   ROM Totals

==============================================================================

    Total RO  Size (Code + RO Data)                40520 (  39.57kB)
    Total RW  Size (RW Data + ZI Data)              7192 (   7.02kB)
    Total ROM Size (Code + RO Data + RW Data)      40636 (  39.68kB)

==============================================================================

