Product: MDK-ARM Standard 5.10
Component: ARM Compiler 5.04 update 1 (build 49)
Tool: armlink [5040049]

==============================================================================

Section Cross References

    startup_stm32f10x_cl.o(STACK) refers (Special) to heapauxi.o(.text) for __use_two_region_memory
    startup_stm32f10x_cl.o(HEAP) refers (Special) to heapauxi.o(.text) for __use_two_region_memory
    startup_stm32f10x_cl.o(RESET) refers (Special) to heapauxi.o(.text) for __use_two_region_memory
    startup_stm32f10x_cl.o(RESET) refers to startup_stm32f10x_cl.o(STACK) for __initial_sp
    startup_stm32f10x_cl.o(RESET) refers to startup_stm32f10x_cl.o(.text) for Reset_Handler
    startup_stm32f10x_cl.o(RESET) refers to bsp.o(.emb_text) for SVC_Handler
    startup_stm32f10x_cl.o(RESET) refers to os_cpu_a.o(.text) for OS_CPU_PendSVHandler
    startup_stm32f10x_cl.o(RESET) refers to os_cpu_c.o(.text) for OS_CPU_SysTickHandler
    startup_stm32f10x_cl.o(.text) refers (Special) to heapauxi.o(.text) for __use_two_region_memory
    startup_stm32f10x_cl.o(.text) refers to system_stm32f10x.o(.text) for SystemInit
    startup_stm32f10x_cl.o(.text) refers to __main.o(!!!main) for __main
    startup_stm32f10x_cl.o(.text) refers to startup_stm32f10x_cl.o(HEAP) for Heap_Mem
    startup_stm32f10x_cl.o(.text) refers to startup_stm32f10x_cl.o(STACK) for Stack_Mem
    canreceivemotbms.o(.text) refers to basicio.o(.text) for print_string
    canreceivemotbms.o(.text) refers to os_time.o(.text) for OSTimeDly
    canreceivemotbms.o(.text) refers to commmotconbms.o(.text) for CAN_ReceiveMessage
    canreceivemotbms.o(.text) refers to bsp.o(.text) for BSP_SetLED
    canreceivemotbms.o(.text) refers to os_cpu_c.o(.text) for OS_CPU_SysTickInit
    canreceivemotbms.o(.text) refers to os_task.o(.text) for OSTaskCreate
    canreceivemotbms.o(.text) refers to os_core.o(.text) for OSInit
    canreceivemotbms.o(.text) refers to canreceivemotbms.o(.conststring) for .conststring
    canreceivemotbms.o(.text) refers to canreceivemotbms.o(.data) for ThrottleCmdLPF
    canreceivemotbms.o(.text) refers to canreceivemotbms.o(.bss) for MotorParam
    canreceivemotbms.o(.text) refers to commmotconbms.o(.bss) for CanRecMsg
    canreceivemotbms.o(.text) refers to os_core.o(.data) for OSCtxSwCtr
    commmotconbms.o(.text) refers to stm32f10x_can.o(.text) for CAN_DeInit
    commmotconbms.o(.text) refers to basicio.o(.text) for print_string
    commmotconbms.o(.text) refers to bsp.o(.text) for _putch
    commmotconbms.o(.text) refers to dflt_clz.o(x$fpl$dflt) for __aeabi_i2d
    commmotconbms.o(.text) refers to ddiv.o(x$fpl$ddiv) for __aeabi_ddiv
    commmotconbms.o(.text) refers to dfixu.o(x$fpl$dfixu) for __aeabi_d2uiz
    commmotconbms.o(.text) refers to commmotconbms.o(.bss) for Can_filter
    cpu_c.o(.text) refers to cpu_a.o(.text) for CPU_SR_Save
    os_core.o(.text) refers to os_time.o(.text) for OSTimeDly
    os_core.o(.text) refers to os_task.o(.text) for OSTaskSuspend
    os_core.o(.text) refers to os_cpu_a.o(.text) for OS_CPU_SR_Save
    os_core.o(.text) refers to os_cpu_c.o(.text) for OSTaskStatHook
    os_core.o(.text) refers to os_core.o(.data) for OSStatRdy
    os_core.o(.text) refers to os_core.o(.bss) for OSTaskStatStk
    os_core.o(.text) refers to os_core.o(.constdata) for OSUnMapTbl
    os_task.o(.text) refers to os_cpu_a.o(.text) for OS_CPU_SR_Save
    os_task.o(.text) refers to os_cpu_c.o(.text) for OSTaskStkInit
    os_task.o(.text) refers to os_core.o(.text) for OS_TCBInit
    os_task.o(.text) refers to os_core.o(.data) for OSIntNesting
    os_task.o(.text) refers to os_core.o(.bss) for OSTCBPrioTbl
    os_time.o(.text) refers to os_cpu_a.o(.text) for OS_CPU_SR_Save
    os_time.o(.text) refers to os_core.o(.text) for OS_Sched
    os_time.o(.text) refers to os_core.o(.data) for OSIntNesting
    stm32f10x_rcc.o(.text) refers to stm32f10x_rcc.o(.data) for APBAHBPrescTable
    system_stm32f10x.o(.text) refers to system_stm32f10x.o(.data) for SystemCoreClock
    stm32f10x_can.o(.text) refers to stm32f10x_rcc.o(.text) for RCC_APB1PeriphResetCmd
    stm32f10x_gpio.o(.text) refers to stm32f10x_rcc.o(.text) for RCC_APB2PeriphResetCmd
    stm32f10x_usart.o(.text) refers to stm32f10x_rcc.o(.text) for RCC_APB2PeriphResetCmd
    basicio.o(.text) refers to bsp.o(.text) for BSP_SetLED
    basicio.o(.text) refers to rt_memcpy_w.o(.text) for __aeabi_memcpy4
    basicio.o(.text) refers to basicio.o(.data) for LED_Status
    basicio.o(.text) refers to basicio.o(.constdata) for .constdata
    bsp.o(.text) refers to stm32f10x_usart.o(.text) for USART_StructInit
    bsp.o(.text) refers to stm32f10x_gpio.o(.text) for GPIO_StructInit
    bsp.o(.text) refers to stm32f10x_rcc.o(.text) for RCC_DeInit
    os_cpu_c.o(.text) refers to os_cpu_a.o(.text) for OS_CPU_SR_Save
    os_cpu_c.o(.text) refers to os_core.o(.text) for OSTimeTick
    os_cpu_c.o(.text) refers to bsp.o(.text) for OS_CPU_SysTickClkFreq
    os_cpu_c.o(.text) refers to os_core.o(.data) for OSIntNesting
    os_cpu_a.o(.text) refers to os_core.o(.data) for OSRunning
    os_cpu_a.o(.text) refers to os_cpu_c.o(.text) for OSTaskSwHook
    __main.o(!!!main) refers to rtentry.o(.ARM.Collect$$rtentry$$00000000) for __rt_entry
    ddiv.o(x$fpl$drdiv) refers (Special) to usenofp.o(x$fpl$usenofp) for __I$use$fp
    ddiv.o(x$fpl$drdiv) refers to ddiv.o(x$fpl$ddiv) for ddiv_entry
    ddiv.o(x$fpl$ddiv) refers (Special) to usenofp.o(x$fpl$usenofp) for __I$use$fp
    ddiv.o(x$fpl$ddiv) refers to dretinf.o(x$fpl$dretinf) for __fpl_dretinf
    ddiv.o(x$fpl$ddiv) refers to dnaninf.o(x$fpl$dnaninf) for __fpl_dnaninf
    dfixu.o(x$fpl$dfixu) refers (Special) to usenofp.o(x$fpl$usenofp) for __I$use$fp
    dfixu.o(x$fpl$dfixu) refers to dnaninf.o(x$fpl$dnaninf) for __fpl_dnaninf
    dfixu.o(x$fpl$dfixur) refers (Special) to usenofp.o(x$fpl$usenofp) for __I$use$fp
    dfixu.o(x$fpl$dfixur) refers to dnaninf.o(x$fpl$dnaninf) for __fpl_dnaninf
    dflt_clz.o(x$fpl$dfltu) refers (Special) to usenofp.o(x$fpl$usenofp) for __I$use$fp
    dflt_clz.o(x$fpl$dflt) refers (Special) to usenofp.o(x$fpl$usenofp) for __I$use$fp
    dflt_clz.o(x$fpl$dfltn) refers (Special) to usenofp.o(x$fpl$usenofp) for __I$use$fp
    rtentry.o(.ARM.Collect$$rtentry$$00000000) refers (Special) to rtentry2.o(.ARM.Collect$$rtentry$$0000000A) for __rt_entry_li
    rtentry.o(.ARM.Collect$$rtentry$$00000000) refers (Special) to rtentry2.o(.ARM.Collect$$rtentry$$0000000D) for __rt_entry_main
    rtentry.o(.ARM.Collect$$rtentry$$00000000) refers (Special) to rtentry2.o(.ARM.Collect$$rtentry$$0000000C) for __rt_entry_postli_1
    rtentry.o(.ARM.Collect$$rtentry$$00000000) refers (Special) to rtentry2.o(.ARM.Collect$$rtentry$$00000009) for __rt_entry_postsh_1
    rtentry.o(.ARM.Collect$$rtentry$$00000000) refers (Special) to rtentry2.o(.ARM.Collect$$rtentry$$00000002) for __rt_entry_presh_1
    rtentry.o(.ARM.Collect$$rtentry$$00000000) refers (Special) to rtentry4.o(.ARM.Collect$$rtentry$$00000004) for __rt_entry_sh
    dnaninf.o(x$fpl$dnaninf) refers (Special) to usenofp.o(x$fpl$usenofp) for __I$use$fp
    dretinf.o(x$fpl$dretinf) refers (Special) to usenofp.o(x$fpl$usenofp) for __I$use$fp
    rtentry2.o(.ARM.Collect$$rtentry$$00000008) refers to boardinit2.o(.text) for _platform_post_stackheap_init
    rtentry2.o(.ARM.Collect$$rtentry$$0000000A) refers to libinit.o(.ARM.Collect$$libinit$$00000000) for __rt_lib_init
    rtentry2.o(.ARM.Collect$$rtentry$$0000000B) refers to boardinit3.o(.text) for _platform_post_lib_init
    rtentry2.o(.ARM.Collect$$rtentry$$0000000D) refers to canreceivemotbms.o(.text) for main
    rtentry2.o(.ARM.Collect$$rtentry$$0000000D) refers to exit.o(.text) for exit
    rtentry2.o(.ARM.exidx) refers to rtentry2.o(.ARM.Collect$$rtentry$$00000001) for .ARM.Collect$$rtentry$$00000001
    rtentry2.o(.ARM.exidx) refers to rtentry2.o(.ARM.Collect$$rtentry$$00000008) for .ARM.Collect$$rtentry$$00000008
    rtentry2.o(.ARM.exidx) refers to rtentry2.o(.ARM.Collect$$rtentry$$0000000A) for .ARM.Collect$$rtentry$$0000000A
    rtentry2.o(.ARM.exidx) refers to rtentry2.o(.ARM.Collect$$rtentry$$0000000B) for .ARM.Collect$$rtentry$$0000000B
    rtentry2.o(.ARM.exidx) refers to rtentry2.o(.ARM.Collect$$rtentry$$0000000D) for .ARM.Collect$$rtentry$$0000000D
    rtentry4.o(.ARM.Collect$$rtentry$$00000004) refers to sys_stackheap_outer.o(.text) for __user_setup_stackheap
    rtentry4.o(.ARM.exidx) refers to rtentry4.o(.ARM.Collect$$rtentry$$00000004) for .ARM.Collect$$rtentry$$00000004
    sys_stackheap_outer.o(.text) refers to libspace.o(.text) for __user_perproc_libspace
    sys_stackheap_outer.o(.text) refers to startup_stm32f10x_cl.o(.text) for __user_initial_stackheap
    exit.o(.text) refers to rtexit.o(.ARM.Collect$$rtexit$$00000000) for __rt_exit
    libinit.o(.ARM.Collect$$libinit$$00000000) refers (Special) to libinit2.o(.ARM.Collect$$libinit$$0000002C) for __rt_lib_init_alloca_1
    libinit.o(.ARM.Collect$$libinit$$00000000) refers (Special) to libinit2.o(.ARM.Collect$$libinit$$0000002A) for __rt_lib_init_argv_1
    libinit.o(.ARM.Collect$$libinit$$00000000) refers (Special) to libinit2.o(.ARM.Collect$$libinit$$00000019) for __rt_lib_init_atexit_1
    libinit.o(.ARM.Collect$$libinit$$00000000) refers (Special) to libinit2.o(.ARM.Collect$$libinit$$0000001F) for __rt_lib_init_clock_1
    libinit.o(.ARM.Collect$$libinit$$00000000) refers (Special) to libinit2.o(.ARM.Collect$$libinit$$00000030) for __rt_lib_init_cpp_1
    libinit.o(.ARM.Collect$$libinit$$00000000) refers (Special) to libinit2.o(.ARM.Collect$$libinit$$0000002E) for __rt_lib_init_exceptions_1
    libinit.o(.ARM.Collect$$libinit$$00000000) refers (Special) to libinit2.o(.ARM.Collect$$libinit$$00000002) for __rt_lib_init_fp_1
    libinit.o(.ARM.Collect$$libinit$$00000000) refers (Special) to libinit2.o(.ARM.Collect$$libinit$$0000001D) for __rt_lib_init_fp_trap_1
    libinit.o(.ARM.Collect$$libinit$$00000000) refers (Special) to libinit2.o(.ARM.Collect$$libinit$$00000021) for __rt_lib_init_getenv_1
    libinit.o(.ARM.Collect$$libinit$$00000000) refers (Special) to libinit2.o(.ARM.Collect$$libinit$$00000008) for __rt_lib_init_heap_1
    libinit.o(.ARM.Collect$$libinit$$00000000) refers (Special) to libinit2.o(.ARM.Collect$$libinit$$0000000F) for __rt_lib_init_lc_collate_1
    libinit.o(.ARM.Collect$$libinit$$00000000) refers (Special) to libinit2.o(.ARM.Collect$$libinit$$00000011) for __rt_lib_init_lc_ctype_1
    libinit.o(.ARM.Collect$$libinit$$00000000) refers (Special) to libinit2.o(.ARM.Collect$$libinit$$00000013) for __rt_lib_init_lc_monetary_1
    libinit.o(.ARM.Collect$$libinit$$00000000) refers (Special) to libinit2.o(.ARM.Collect$$libinit$$00000015) for __rt_lib_init_lc_numeric_1
    libinit.o(.ARM.Collect$$libinit$$00000000) refers (Special) to libinit2.o(.ARM.Collect$$libinit$$00000017) for __rt_lib_init_lc_time_1
    libinit.o(.ARM.Collect$$libinit$$00000000) refers (Special) to libinit2.o(.ARM.Collect$$libinit$$0000000C) for __rt_lib_init_rand_1
    libinit.o(.ARM.Collect$$libinit$$00000000) refers (Special) to libinit2.o(.ARM.Collect$$libinit$$00000031) for __rt_lib_init_return
    libinit.o(.ARM.Collect$$libinit$$00000000) refers (Special) to libinit2.o(.ARM.Collect$$libinit$$0000001B) for __rt_lib_init_signal_1
    libinit.o(.ARM.Collect$$libinit$$00000000) refers (Special) to libinit2.o(.ARM.Collect$$libinit$$00000023) for __rt_lib_init_stdio_1
    libinit.o(.ARM.Collect$$libinit$$00000000) refers (Special) to libinit2.o(.ARM.Collect$$libinit$$0000000A) for __rt_lib_init_user_alloc_1
    libspace.o(.text) refers to libspace.o(.bss) for __libspace_start
    rtexit.o(.ARM.Collect$$rtexit$$00000000) refers (Special) to rtexit2.o(.ARM.Collect$$rtexit$$00000004) for __rt_exit_exit
    rtexit.o(.ARM.Collect$$rtexit$$00000000) refers (Special) to rtexit2.o(.ARM.Collect$$rtexit$$00000003) for __rt_exit_ls
    rtexit.o(.ARM.Collect$$rtexit$$00000000) refers (Special) to rtexit2.o(.ARM.Collect$$rtexit$$00000002) for __rt_exit_prels_1
    rtexit.o(.ARM.exidx) refers (Special) to rtexit2.o(.ARM.Collect$$rtexit$$00000004) for __rt_exit_exit
    rtexit.o(.ARM.exidx) refers (Special) to rtexit2.o(.ARM.Collect$$rtexit$$00000003) for __rt_exit_ls
    rtexit.o(.ARM.exidx) refers (Special) to rtexit2.o(.ARM.Collect$$rtexit$$00000002) for __rt_exit_prels_1
    rtexit.o(.ARM.exidx) refers to rtexit.o(.ARM.Collect$$rtexit$$00000000) for .ARM.Collect$$rtexit$$00000000
    libinit2.o(.ARM.Collect$$libinit$$0000000E) refers to libinit2.o(.ARM.Collect$$libinit$$0000000D) for .ARM.Collect$$libinit$$0000000D
    libinit2.o(.ARM.Collect$$libinit$$00000010) refers to libinit2.o(.ARM.Collect$$libinit$$0000000D) for .ARM.Collect$$libinit$$0000000D
    libinit2.o(.ARM.Collect$$libinit$$00000012) refers to libinit2.o(.ARM.Collect$$libinit$$0000000D) for .ARM.Collect$$libinit$$0000000D
    libinit2.o(.ARM.Collect$$libinit$$00000014) refers to libinit2.o(.ARM.Collect$$libinit$$0000000D) for .ARM.Collect$$libinit$$0000000D
    libinit2.o(.ARM.Collect$$libinit$$00000016) refers to libinit2.o(.ARM.Collect$$libinit$$0000000D) for .ARM.Collect$$libinit$$0000000D
    libinit2.o(.ARM.Collect$$libinit$$00000024) refers to argv_veneer.o(.emb_text) for __ARM_argv_veneer
    libinit2.o(.ARM.Collect$$libinit$$00000025) refers to argv_veneer.o(.emb_text) for __ARM_argv_veneer
    rtexit2.o(.ARM.Collect$$rtexit$$00000003) refers to libshutdown.o(.ARM.Collect$$libshutdown$$00000000) for __rt_lib_shutdown
    rtexit2.o(.ARM.Collect$$rtexit$$00000004) refers to bsp.o(.text) for _sys_exit
    rtexit2.o(.ARM.exidx) refers to rtexit2.o(.ARM.Collect$$rtexit$$00000001) for .ARM.Collect$$rtexit$$00000001
    rtexit2.o(.ARM.exidx) refers to rtexit2.o(.ARM.Collect$$rtexit$$00000003) for .ARM.Collect$$rtexit$$00000003
    rtexit2.o(.ARM.exidx) refers to rtexit2.o(.ARM.Collect$$rtexit$$00000004) for .ARM.Collect$$rtexit$$00000004
    argv_veneer.o(.emb_text) refers to no_argv.o(.text) for __ARM_get_argv
    _get_argv_nomalloc.o(.text) refers (Special) to hrguard.o(.text) for __heap_region$guard
    _get_argv_nomalloc.o(.text) refers to defsig_rtmem_outer.o(.text) for __rt_SIGRTMEM
    _get_argv_nomalloc.o(.text) refers to sys_command.o(.text) for _sys_command_string
    libshutdown.o(.ARM.Collect$$libshutdown$$00000000) refers (Special) to libshutdown2.o(.ARM.Collect$$libshutdown$$00000006) for __rt_lib_shutdown_fp_trap_1
    libshutdown.o(.ARM.Collect$$libshutdown$$00000000) refers (Special) to libshutdown2.o(.ARM.Collect$$libshutdown$$0000000E) for __rt_lib_shutdown_heap_1
    libshutdown.o(.ARM.Collect$$libshutdown$$00000000) refers (Special) to libshutdown2.o(.ARM.Collect$$libshutdown$$0000000F) for __rt_lib_shutdown_return
    libshutdown.o(.ARM.Collect$$libshutdown$$00000000) refers (Special) to libshutdown2.o(.ARM.Collect$$libshutdown$$00000009) for __rt_lib_shutdown_signal_1
    libshutdown.o(.ARM.Collect$$libshutdown$$00000000) refers (Special) to libshutdown2.o(.ARM.Collect$$libshutdown$$00000003) for __rt_lib_shutdown_stdio_1
    libshutdown.o(.ARM.Collect$$libshutdown$$00000000) refers (Special) to libshutdown2.o(.ARM.Collect$$libshutdown$$0000000B) for __rt_lib_shutdown_user_alloc_1
    sys_command.o(.text) refers (Special) to use_no_semi.o(.text) for __I$use$semihosting
    sys_command.o(.text) refers (Special) to indicate_semi.o(.text) for __semihosting_library_function
    defsig_rtmem_outer.o(.text) refers to defsig_rtmem_inner.o(.text) for __rt_SIGRTMEM_inner
    defsig_rtmem_outer.o(.text) refers to defsig_exit.o(.text) for __sig_exit
    defsig_rtmem_formal.o(.text) refers to rt_raise.o(.text) for __rt_raise
    rt_raise.o(.text) refers to __raise.o(.text) for __raise
    rt_raise.o(.text) refers to bsp.o(.text) for _sys_exit
    defsig_exit.o(.text) refers to bsp.o(.text) for _sys_exit
    defsig_rtmem_inner.o(.text) refers to defsig_general.o(.text) for __default_signal_display
    __raise.o(.text) refers to defsig.o(CL$$defsig) for __default_signal_handler
    defsig_general.o(.text) refers to bsp.o(.text) for _ttywrch
    defsig.o(CL$$defsig) refers to defsig_rtmem_inner.o(.text) for __rt_SIGRTMEM_inner
    defsig_abrt_inner.o(.text) refers to defsig_general.o(.text) for __default_signal_display
    defsig_fpe_inner.o(.text) refers to defsig_general.o(.text) for __default_signal_display
    defsig_rtred_inner.o(.text) refers to defsig_general.o(.text) for __default_signal_display
    defsig_stak_inner.o(.text) refers to defsig_general.o(.text) for __default_signal_display
    defsig_pvfn_inner.o(.text) refers to defsig_general.o(.text) for __default_signal_display
    defsig_cppl_inner.o(.text) refers to defsig_general.o(.text) for __default_signal_display
    defsig_segv_inner.o(.text) refers to defsig_general.o(.text) for __default_signal_display
    defsig_other.o(.text) refers to defsig_general.o(.text) for __default_signal_display


==============================================================================

Removing Unused input sections from the image.

    Removing canreceivemotbms.o(.rev16_text), (4 bytes).
    Removing canreceivemotbms.o(.revsh_text), (4 bytes).
    Removing commmotconbms.o(.rev16_text), (4 bytes).
    Removing commmotconbms.o(.revsh_text), (4 bytes).
    Removing cpu_c.o(.text), (1336 bytes).
    Removing cpu_a.o(.text), (42 bytes).
    Removing stm32f10x_rcc.o(.rev16_text), (4 bytes).
    Removing stm32f10x_rcc.o(.revsh_text), (4 bytes).
    Removing misc.o(.rev16_text), (4 bytes).
    Removing misc.o(.revsh_text), (4 bytes).
    Removing misc.o(.text), (220 bytes).
    Removing core_cm3.o(.emb_text), (32 bytes).
    Removing system_stm32f10x.o(.rev16_text), (4 bytes).
    Removing system_stm32f10x.o(.revsh_text), (4 bytes).
    Removing stm32f10x_can.o(.rev16_text), (4 bytes).
    Removing stm32f10x_can.o(.revsh_text), (4 bytes).
    Removing stm32f10x_gpio.o(.rev16_text), (4 bytes).
    Removing stm32f10x_gpio.o(.revsh_text), (4 bytes).
    Removing stm32f10x_usart.o(.rev16_text), (4 bytes).
    Removing stm32f10x_usart.o(.revsh_text), (4 bytes).
    Removing bsp.o(.rev16_text), (4 bytes).
    Removing bsp.o(.revsh_text), (4 bytes).
    Removing os_dbg.o(.constdata), (2 bytes).

23 unused section(s) (total 1704 bytes) removed from the image.

==============================================================================

Image Symbol Table

    Local Symbols

    Symbol Name                              Value     Ov Type        Size  Object(Section)

    ../clib/angel/boardlib.s                 0x00000000   Number         0  boardinit1.o ABSOLUTE
    ../clib/angel/boardlib.s                 0x00000000   Number         0  boardinit3.o ABSOLUTE
    ../clib/angel/boardlib.s                 0x00000000   Number         0  boardinit2.o ABSOLUTE
    ../clib/angel/boardlib.s                 0x00000000   Number         0  boardshut.o ABSOLUTE
    ../clib/angel/handlers.s                 0x00000000   Number         0  __scatter_zi.o ABSOLUTE
    ../clib/angel/handlers.s                 0x00000000   Number         0  __scatter_copy.o ABSOLUTE
    ../clib/angel/kernel.s                   0x00000000   Number         0  rtentry2.o ABSOLUTE
    ../clib/angel/kernel.s                   0x00000000   Number         0  rtentry4.o ABSOLUTE
    ../clib/angel/kernel.s                   0x00000000   Number         0  rtentry.o ABSOLUTE
    ../clib/angel/kernel.s                   0x00000000   Number         0  rtexit.o ABSOLUTE
    ../clib/angel/kernel.s                   0x00000000   Number         0  rtexit2.o ABSOLUTE
    ../clib/angel/rt.s                       0x00000000   Number         0  rt_raise.o ABSOLUTE
    ../clib/angel/scatter.s                  0x00000000   Number         0  __scatter.o ABSOLUTE
    ../clib/angel/startup.s                  0x00000000   Number         0  __main.o ABSOLUTE
    ../clib/angel/sys.s                      0x00000000   Number         0  use_no_semi.o ABSOLUTE
    ../clib/angel/sys.s                      0x00000000   Number         0  sys_stackheap_outer.o ABSOLUTE
    ../clib/angel/sys.s                      0x00000000   Number         0  libspace.o ABSOLUTE
    ../clib/angel/sys.s                      0x00000000   Number         0  indicate_semi.o ABSOLUTE
    ../clib/angel/sysapp.c                   0x00000000   Number         0  sys_command.o ABSOLUTE
    ../clib/armsys.c                         0x00000000   Number         0  no_argv.o ABSOLUTE
    ../clib/armsys.c                         0x00000000   Number         0  argv_veneer.o ABSOLUTE
    ../clib/armsys.c                         0x00000000   Number         0  argv_veneer.o ABSOLUTE
    ../clib/armsys.c                         0x00000000   Number         0  _get_argv_nomalloc.o ABSOLUTE
    ../clib/heapalloc.c                      0x00000000   Number         0  hrguard.o ABSOLUTE
    ../clib/heapaux.c                        0x00000000   Number         0  heapauxi.o ABSOLUTE
    ../clib/libinit.s                        0x00000000   Number         0  libinit.o ABSOLUTE
    ../clib/libinit.s                        0x00000000   Number         0  libshutdown2.o ABSOLUTE
    ../clib/libinit.s                        0x00000000   Number         0  libinit2.o ABSOLUTE
    ../clib/libinit.s                        0x00000000   Number         0  libshutdown.o ABSOLUTE
    ../clib/memcpset.s                       0x00000000   Number         0  rt_memcpy_w.o ABSOLUTE
    ../clib/signal.c                         0x00000000   Number         0  defsig_rtmem_formal.o ABSOLUTE
    ../clib/signal.c                         0x00000000   Number         0  defsig_exit.o ABSOLUTE
    ../clib/signal.c                         0x00000000   Number         0  defsig_rtmem_inner.o ABSOLUTE
    ../clib/signal.c                         0x00000000   Number         0  defsig_fpe_inner.o ABSOLUTE
    ../clib/signal.c                         0x00000000   Number         0  defsig_abrt_inner.o ABSOLUTE
    ../clib/signal.c                         0x00000000   Number         0  defsig_rtmem_outer.o ABSOLUTE
    ../clib/signal.c                         0x00000000   Number         0  defsig_rtred_inner.o ABSOLUTE
    ../clib/signal.c                         0x00000000   Number         0  defsig_other.o ABSOLUTE
    ../clib/signal.c                         0x00000000   Number         0  defsig_segv_inner.o ABSOLUTE
    ../clib/signal.c                         0x00000000   Number         0  defsig_general.o ABSOLUTE
    ../clib/signal.c                         0x00000000   Number         0  __raise.o ABSOLUTE
    ../clib/signal.c                         0x00000000   Number         0  defsig_cppl_inner.o ABSOLUTE
    ../clib/signal.c                         0x00000000   Number         0  defsig_pvfn_inner.o ABSOLUTE
    ../clib/signal.c                         0x00000000   Number         0  defsig_stak_inner.o ABSOLUTE
    ../clib/signal.s                         0x00000000   Number         0  defsig.o ABSOLUTE
    ../clib/stdlib.c                         0x00000000   Number         0  exit.o ABSOLUTE
    ../fplib/ddiv.s                          0x00000000   Number         0  ddiv.o ABSOLUTE
    ../fplib/dfixu.s                         0x00000000   Number         0  dfixu.o ABSOLUTE
    ../fplib/dflt.s                          0x00000000   Number         0  dflt_clz.o ABSOLUTE
    ../fplib/dnaninf.s                       0x00000000   Number         0  dnaninf.o ABSOLUTE
    ../fplib/dretinf.s                       0x00000000   Number         0  dretinf.o ABSOLUTE
    ../fplib/fpinit.s                        0x00000000   Number         0  fpinit.o ABSOLUTE
    ../fplib/usenofp.s                       0x00000000   Number         0  usenofp.o ABSOLUTE
    ..\BasicIO\BasicIO.c                     0x00000000   Number         0  basicio.o ABSOLUTE
    ..\StdPeriph_Lib\CMSIS\CM3\CoreSupport\core_cm3.c 0x00000000   Number         0  core_cm3.o ABSOLUTE
    ..\StdPeriph_Lib\CMSIS\CM3\DeviceSupport\ST\STM32F10x\system_stm32f10x.c 0x00000000   Number         0  system_stm32f10x.o ABSOLUTE
    ..\StdPeriph_Lib\STM32F10x_StdPeriph_Driver\src\misc.c 0x00000000   Number         0  misc.o ABSOLUTE
    ..\StdPeriph_Lib\STM32F10x_StdPeriph_Driver\src\stm32f10x_can.c 0x00000000   Number         0  stm32f10x_can.o ABSOLUTE
    ..\StdPeriph_Lib\STM32F10x_StdPeriph_Driver\src\stm32f10x_gpio.c 0x00000000   Number         0  stm32f10x_gpio.o ABSOLUTE
    ..\StdPeriph_Lib\STM32F10x_StdPeriph_Driver\src\stm32f10x_rcc.c 0x00000000   Number         0  stm32f10x_rcc.o ABSOLUTE
    ..\StdPeriph_Lib\STM32F10x_StdPeriph_Driver\src\stm32f10x_usart.c 0x00000000   Number         0  stm32f10x_usart.o ABSOLUTE
    ..\\StdPeriph_Lib\\CMSIS\\CM3\\CoreSupport\\core_cm3.c 0x00000000   Number         0  core_cm3.o ABSOLUTE
    ..\\StdPeriph_Lib\\CMSIS\\CM3\\DeviceSupport\\ST\\STM32F10x\\system_stm32f10x.c 0x00000000   Number         0  system_stm32f10x.o ABSOLUTE
    ..\\StdPeriph_Lib\\STM32F10x_StdPeriph_Driver\\src\\misc.c 0x00000000   Number         0  misc.o ABSOLUTE
    ..\\StdPeriph_Lib\\STM32F10x_StdPeriph_Driver\\src\\stm32f10x_can.c 0x00000000   Number         0  stm32f10x_can.o ABSOLUTE
    ..\\StdPeriph_Lib\\STM32F10x_StdPeriph_Driver\\src\\stm32f10x_gpio.c 0x00000000   Number         0  stm32f10x_gpio.o ABSOLUTE
    ..\\StdPeriph_Lib\\STM32F10x_StdPeriph_Driver\\src\\stm32f10x_rcc.c 0x00000000   Number         0  stm32f10x_rcc.o ABSOLUTE
    ..\\StdPeriph_Lib\\STM32F10x_StdPeriph_Driver\\src\\stm32f10x_usart.c 0x00000000   Number         0  stm32f10x_usart.o ABSOLUTE
    ..\ucos-ii\core\os_core.c                0x00000000   Number         0  os_core.o ABSOLUTE
    ..\ucos-ii\core\os_flag.c                0x00000000   Number         0  os_flag.o ABSOLUTE
    ..\ucos-ii\core\os_q.c                   0x00000000   Number         0  os_q.o ABSOLUTE
    ..\ucos-ii\core\os_sem.c                 0x00000000   Number         0  os_sem.o ABSOLUTE
    ..\ucos-ii\core\os_task.c                0x00000000   Number         0  os_task.o ABSOLUTE
    ..\ucos-ii\core\os_time.c                0x00000000   Number         0  os_time.o ABSOLUTE
    ..\ucos-ii\cpu\cpu_a.asm                 0x00000000   Number         0  cpu_a.o ABSOLUTE
    ..\ucos-ii\cpu\cpu_c.c                   0x00000000   Number         0  cpu_c.o ABSOLUTE
    ..\ucos-ii\stm32f107vc\os_cpu_a.asm      0x00000000   Number         0  os_cpu_a.o ABSOLUTE
    ..\ucos-ii\stm32f107vc\os_cpu_c.c        0x00000000   Number         0  os_cpu_c.o ABSOLUTE
    ..\ucos-ii\stm32f107vc\os_dbg.c          0x00000000   Number         0  os_dbg.o ABSOLUTE
    app\CANReceiveMotBMS.c                   0x00000000   Number         0  canreceivemotbms.o ABSOLUTE
    app\CommMotConBMS.c                      0x00000000   Number         0  commmotconbms.o ABSOLUTE
    app\\CANReceiveMotBMS.c                  0x00000000   Number         0  canreceivemotbms.o ABSOLUTE
    app\\CommMotConBMS.c                     0x00000000   Number         0  commmotconbms.o ABSOLUTE
    cfg\\bsp.c                               0x00000000   Number         0  bsp.o ABSOLUTE
    cfg\bsp.c                                0x00000000   Number         0  bsp.o ABSOLUTE
    dc.s                                     0x00000000   Number         0  dc.o ABSOLUTE
    init\startup_stm32f10x_cl.asm            0x00000000   Number         0  startup_stm32f10x_cl.o ABSOLUTE
    RESET                                    0x08000000   Section      336  startup_stm32f10x_cl.o(RESET)
    !!!main                                  0x08000150   Section        8  __main.o(!!!main)
    !!!scatter                               0x08000158   Section       52  __scatter.o(!!!scatter)
    !!handler_copy                           0x0800018c   Section       26  __scatter_copy.o(!!handler_copy)
    !!handler_zi                             0x080001a8   Section       28  __scatter_zi.o(!!handler_zi)
    .ARM.Collect$$libinit$$00000000          0x080001c4   Section        2  libinit.o(.ARM.Collect$$libinit$$00000000)
    .ARM.Collect$$libinit$$00000002          0x080001c6   Section        0  libinit2.o(.ARM.Collect$$libinit$$00000002)
    .ARM.Collect$$libinit$$00000008          0x080001c6   Section        0  libinit2.o(.ARM.Collect$$libinit$$00000008)
    .ARM.Collect$$libinit$$0000000A          0x080001c6   Section        0  libinit2.o(.ARM.Collect$$libinit$$0000000A)
    .ARM.Collect$$libinit$$0000000C          0x080001c6   Section        0  libinit2.o(.ARM.Collect$$libinit$$0000000C)
    .ARM.Collect$$libinit$$0000000F          0x080001c6   Section        0  libinit2.o(.ARM.Collect$$libinit$$0000000F)
    .ARM.Collect$$libinit$$00000011          0x080001c6   Section        0  libinit2.o(.ARM.Collect$$libinit$$00000011)
    .ARM.Collect$$libinit$$00000013          0x080001c6   Section        0  libinit2.o(.ARM.Collect$$libinit$$00000013)
    .ARM.Collect$$libinit$$00000015          0x080001c6   Section        0  libinit2.o(.ARM.Collect$$libinit$$00000015)
    .ARM.Collect$$libinit$$00000017          0x080001c6   Section        0  libinit2.o(.ARM.Collect$$libinit$$00000017)
    .ARM.Collect$$libinit$$00000019          0x080001c6   Section        0  libinit2.o(.ARM.Collect$$libinit$$00000019)
    .ARM.Collect$$libinit$$0000001B          0x080001c6   Section        0  libinit2.o(.ARM.Collect$$libinit$$0000001B)
    .ARM.Collect$$libinit$$0000001D          0x080001c6   Section        0  libinit2.o(.ARM.Collect$$libinit$$0000001D)
    .ARM.Collect$$libinit$$0000001F          0x080001c6   Section        0  libinit2.o(.ARM.Collect$$libinit$$0000001F)
    .ARM.Collect$$libinit$$00000021          0x080001c6   Section        0  libinit2.o(.ARM.Collect$$libinit$$00000021)
    .ARM.Collect$$libinit$$00000023          0x080001c6   Section        0  libinit2.o(.ARM.Collect$$libinit$$00000023)
    .ARM.Collect$$libinit$$0000002A          0x080001c6   Section        0  libinit2.o(.ARM.Collect$$libinit$$0000002A)
    .ARM.Collect$$libinit$$0000002C          0x080001c6   Section        0  libinit2.o(.ARM.Collect$$libinit$$0000002C)
    .ARM.Collect$$libinit$$0000002E          0x080001c6   Section        0  libinit2.o(.ARM.Collect$$libinit$$0000002E)
    .ARM.Collect$$libinit$$00000030          0x080001c6   Section        0  libinit2.o(.ARM.Collect$$libinit$$00000030)
    .ARM.Collect$$libinit$$00000031          0x080001c6   Section        2  libinit2.o(.ARM.Collect$$libinit$$00000031)
    .ARM.Collect$$libshutdown$$00000000      0x080001c8   Section        2  libshutdown.o(.ARM.Collect$$libshutdown$$00000000)
    .ARM.Collect$$libshutdown$$00000003      0x080001ca   Section        0  libshutdown2.o(.ARM.Collect$$libshutdown$$00000003)
    .ARM.Collect$$libshutdown$$00000006      0x080001ca   Section        0  libshutdown2.o(.ARM.Collect$$libshutdown$$00000006)
    .ARM.Collect$$libshutdown$$00000009      0x080001ca   Section        0  libshutdown2.o(.ARM.Collect$$libshutdown$$00000009)
    .ARM.Collect$$libshutdown$$0000000B      0x080001ca   Section        0  libshutdown2.o(.ARM.Collect$$libshutdown$$0000000B)
    .ARM.Collect$$libshutdown$$0000000E      0x080001ca   Section        0  libshutdown2.o(.ARM.Collect$$libshutdown$$0000000E)
    .ARM.Collect$$libshutdown$$0000000F      0x080001ca   Section        2  libshutdown2.o(.ARM.Collect$$libshutdown$$0000000F)
    .ARM.Collect$$rtentry$$00000000          0x080001cc   Section        0  rtentry.o(.ARM.Collect$$rtentry$$00000000)
    .ARM.Collect$$rtentry$$00000002          0x080001cc   Section        0  rtentry2.o(.ARM.Collect$$rtentry$$00000002)
    .ARM.Collect$$rtentry$$00000004          0x080001cc   Section        6  rtentry4.o(.ARM.Collect$$rtentry$$00000004)
    .ARM.Collect$$rtentry$$00000009          0x080001d2   Section        0  rtentry2.o(.ARM.Collect$$rtentry$$00000009)
    .ARM.Collect$$rtentry$$0000000A          0x080001d2   Section        4  rtentry2.o(.ARM.Collect$$rtentry$$0000000A)
    .ARM.Collect$$rtentry$$0000000C          0x080001d6   Section        0  rtentry2.o(.ARM.Collect$$rtentry$$0000000C)
    .ARM.Collect$$rtentry$$0000000D          0x080001d6   Section        8  rtentry2.o(.ARM.Collect$$rtentry$$0000000D)
    .ARM.Collect$$rtexit$$00000000           0x080001de   Section        2  rtexit.o(.ARM.Collect$$rtexit$$00000000)
    .ARM.Collect$$rtexit$$00000002           0x080001e0   Section        0  rtexit2.o(.ARM.Collect$$rtexit$$00000002)
    .ARM.Collect$$rtexit$$00000003           0x080001e0   Section        4  rtexit2.o(.ARM.Collect$$rtexit$$00000003)
    .ARM.Collect$$rtexit$$00000004           0x080001e4   Section        6  rtexit2.o(.ARM.Collect$$rtexit$$00000004)
    .emb_text                                0x080001ec   Section      100  bsp.o(.emb_text)
    SVC_Count                                0x08000234   Data           4  bsp.o(.emb_text)
    SVC_Table                                0x08000238   Data           0  bsp.o(.emb_text)
    .text                                    0x08000250   Section       60  startup_stm32f10x_cl.o(.text)
    .text                                    0x0800028c   Section        0  canreceivemotbms.o(.text)
    .text                                    0x08000820   Section        0  commmotconbms.o(.text)
    .text                                    0x08000b94   Section        0  os_core.o(.text)
    OS_InitTaskStat                          0x08000c03   Thumb Code    28  os_core.o(.text)
    OS_InitTaskIdle                          0x08000c3f   Thumb Code    28  os_core.o(.text)
    OS_InitEventList                         0x08000c5b   Thumb Code     2  os_core.o(.text)
    OS_InitTCBList                           0x08000c6f   Thumb Code    78  os_core.o(.text)
    OS_InitRdyList                           0x08000cbd   Thumb Code    46  os_core.o(.text)
    OS_InitMisc                              0x08000ceb   Thumb Code    40  os_core.o(.text)
    OS_SchedNew                              0x08000d53   Thumb Code    26  os_core.o(.text)
    .text                                    0x080010b4   Section        0  os_task.o(.text)
    .text                                    0x08001370   Section        0  os_time.o(.text)
    .text                                    0x080013dc   Section        0  stm32f10x_rcc.o(.text)
    .text                                    0x080018e0   Section        0  system_stm32f10x.o(.text)
    SetSysClockTo72                          0x080018e1   Thumb Code   264  system_stm32f10x.o(.text)
    SetSysClock                              0x080019e9   Thumb Code     8  system_stm32f10x.o(.text)
    .text                                    0x08001b64   Section        0  stm32f10x_can.o(.text)
    CheckITStatus                            0x08002229   Thumb Code    18  stm32f10x_can.o(.text)
    .text                                    0x0800240c   Section        0  stm32f10x_gpio.o(.text)
    .text                                    0x08002768   Section        0  stm32f10x_usart.o(.text)
    .text                                    0x08002b70   Section        0  basicio.o(.text)
    .text                                    0x08002d4c   Section        0  bsp.o(.text)
    .text                                    0x08003058   Section        0  os_cpu_c.o(.text)
    .text                                    0x08003154   Section      164  os_cpu_a.o(.text)
    .text                                    0x080031f8   Section      100  rt_memcpy_w.o(.text)
    .text                                    0x0800325c   Section        0  heapauxi.o(.text)
    .text                                    0x08003262   Section       74  sys_stackheap_outer.o(.text)
    .text                                    0x080032ac   Section        0  exit.o(.text)
    .text                                    0x080032b8   Section        8  libspace.o(.text)
    x$fpl$ddiv                               0x080032c0   Section      688  ddiv.o(x$fpl$ddiv)
    ddiv_entry                               0x080032c7   Thumb Code     0  ddiv.o(x$fpl$ddiv)
    x$fpl$dfixu                              0x08003570   Section       90  dfixu.o(x$fpl$dfixu)
    x$fpl$dflt                               0x080035ca   Section       46  dflt_clz.o(x$fpl$dflt)
    x$fpl$dnaninf                            0x080035f8   Section      156  dnaninf.o(x$fpl$dnaninf)
    x$fpl$dretinf                            0x08003694   Section       12  dretinf.o(x$fpl$dretinf)
    .constdata                               0x080036a0   Section      256  os_core.o(.constdata)
    x$fpl$usenofp                            0x080036a0   Section        0  usenofp.o(x$fpl$usenofp)
    .constdata                               0x080037a0   Section       40  basicio.o(.constdata)
    .conststring                             0x080037c8   Section      412  canreceivemotbms.o(.conststring)
    .data                                    0x20000000   Section       16  canreceivemotbms.o(.data)
    IbatLPF                                  0x2000000c   Data           2  canreceivemotbms.o(.data)
    IbatLPFold                               0x2000000e   Data           2  canreceivemotbms.o(.data)
    .data                                    0x20000010   Section       48  os_core.o(.data)
    .data                                    0x20000040   Section       20  stm32f10x_rcc.o(.data)
    APBAHBPrescTable                         0x20000040   Data          16  stm32f10x_rcc.o(.data)
    ADCPrescTable                            0x20000050   Data           4  stm32f10x_rcc.o(.data)
    .data                                    0x20000054   Section       20  system_stm32f10x.o(.data)
    .data                                    0x20000068   Section        1  basicio.o(.data)
    LED_Status                               0x20000068   Data           1  basicio.o(.data)
    .bss                                     0x2000006c   Section     2906  canreceivemotbms.o(.bss)
    .bss                                     0x20000bc8   Section      102  commmotconbms.o(.bss)
    .bss                                     0x20000c30   Section     1632  os_core.o(.bss)
    .bss                                     0x20001290   Section       96  libspace.o(.bss)
    HEAP                                     0x200012f0   Section        0  startup_stm32f10x_cl.o(HEAP)
    STACK                                    0x200012f0   Section     1024  startup_stm32f10x_cl.o(STACK)
    Heap_Mem                                 0x200012f0   Data           0  startup_stm32f10x_cl.o(HEAP)
    Stack_Mem                                0x200012f0   Data        1024  startup_stm32f10x_cl.o(STACK)
    __initial_sp                             0x200016f0   Data           0  startup_stm32f10x_cl.o(STACK)

    Global Symbols

    Symbol Name                              Value     Ov Type        Size  Object(Section)

    BuildAttributes$$THM_ISAv4$P$D$K$B$S$PE$A:L22UL41UL21$X:L11$S22US41US21$IEEE1$IW$USESV6$~STKCKD$USESV7$~SHL$OSPACE$ROPI$EBA8$UX$STANDARDLIB$REQ8$PRES8$EABIv2 0x00000000   Number         0  anon$$obj.o ABSOLUTE
    __ARM_use_no_argv                        0x00000000   Number         0  canreceivemotbms.o ABSOLUTE
    __ARM_exceptions_init                     - Undefined Weak Reference
    __alloca_initialize                       - Undefined Weak Reference
    __cpp_initialize__aeabi_                  - Undefined Weak Reference
    __cxa_finalize                            - Undefined Weak Reference
    __rt_locale                               - Undefined Weak Reference
    __sigvec_lookup                           - Undefined Weak Reference
    _atexit_init                              - Undefined Weak Reference
    _call_atexit_fns                          - Undefined Weak Reference
    _clock_init                               - Undefined Weak Reference
    _fp_trap_init                             - Undefined Weak Reference
    _fp_trap_shutdown                         - Undefined Weak Reference
    _get_lc_collate                           - Undefined Weak Reference
    _get_lc_ctype                             - Undefined Weak Reference
    _get_lc_monetary                          - Undefined Weak Reference
    _get_lc_numeric                           - Undefined Weak Reference
    _get_lc_time                              - Undefined Weak Reference
    _getenv_init                              - Undefined Weak Reference
    _handle_redirection                       - Undefined Weak Reference
    _init_alloc                               - Undefined Weak Reference
    _init_user_alloc                          - Undefined Weak Reference
    _initio                                   - Undefined Weak Reference
    _rand_init                                - Undefined Weak Reference
    _signal_finish                            - Undefined Weak Reference
    _signal_init                              - Undefined Weak Reference
    _terminate_alloc                          - Undefined Weak Reference
    _terminate_user_alloc                     - Undefined Weak Reference
    _terminateio                              - Undefined Weak Reference
    __Vectors_Size                           0x00000150   Number         0  startup_stm32f10x_cl.o ABSOLUTE
    __Vectors                                0x08000000   Data           4  startup_stm32f10x_cl.o(RESET)
    __Vectors_End                            0x08000150   Data           0  startup_stm32f10x_cl.o(RESET)
    __main                                   0x08000151   Thumb Code     8  __main.o(!!!main)
    __scatterload                            0x08000159   Thumb Code     0  __scatter.o(!!!scatter)
    __scatterload_rt2                        0x08000159   Thumb Code    44  __scatter.o(!!!scatter)
    __scatterload_rt2_thumb_only             0x08000159   Thumb Code     0  __scatter.o(!!!scatter)
    __scatterload_null                       0x08000167   Thumb Code     0  __scatter.o(!!!scatter)
    __scatterload_copy                       0x0800018d   Thumb Code    26  __scatter_copy.o(!!handler_copy)
    __scatterload_zeroinit                   0x080001a9   Thumb Code    28  __scatter_zi.o(!!handler_zi)
    __rt_lib_init                            0x080001c5   Thumb Code     0  libinit.o(.ARM.Collect$$libinit$$00000000)
    __rt_lib_init_alloca_1                   0x080001c7   Thumb Code     0  libinit2.o(.ARM.Collect$$libinit$$0000002C)
    __rt_lib_init_argv_1                     0x080001c7   Thumb Code     0  libinit2.o(.ARM.Collect$$libinit$$0000002A)
    __rt_lib_init_atexit_1                   0x080001c7   Thumb Code     0  libinit2.o(.ARM.Collect$$libinit$$00000019)
    __rt_lib_init_clock_1                    0x080001c7   Thumb Code     0  libinit2.o(.ARM.Collect$$libinit$$0000001F)
    __rt_lib_init_cpp_1                      0x080001c7   Thumb Code     0  libinit2.o(.ARM.Collect$$libinit$$00000030)
    __rt_lib_init_exceptions_1               0x080001c7   Thumb Code     0  libinit2.o(.ARM.Collect$$libinit$$0000002E)
    __rt_lib_init_fp_1                       0x080001c7   Thumb Code     0  libinit2.o(.ARM.Collect$$libinit$$00000002)
    __rt_lib_init_fp_trap_1                  0x080001c7   Thumb Code     0  libinit2.o(.ARM.Collect$$libinit$$0000001D)
    __rt_lib_init_getenv_1                   0x080001c7   Thumb Code     0  libinit2.o(.ARM.Collect$$libinit$$00000021)
    __rt_lib_init_heap_1                     0x080001c7   Thumb Code     0  libinit2.o(.ARM.Collect$$libinit$$00000008)
    __rt_lib_init_lc_collate_1               0x080001c7   Thumb Code     0  libinit2.o(.ARM.Collect$$libinit$$0000000F)
    __rt_lib_init_lc_ctype_1                 0x080001c7   Thumb Code     0  libinit2.o(.ARM.Collect$$libinit$$00000011)
    __rt_lib_init_lc_monetary_1              0x080001c7   Thumb Code     0  libinit2.o(.ARM.Collect$$libinit$$00000013)
    __rt_lib_init_lc_numeric_1               0x080001c7   Thumb Code     0  libinit2.o(.ARM.Collect$$libinit$$00000015)
    __rt_lib_init_lc_time_1                  0x080001c7   Thumb Code     0  libinit2.o(.ARM.Collect$$libinit$$00000017)
    __rt_lib_init_rand_1                     0x080001c7   Thumb Code     0  libinit2.o(.ARM.Collect$$libinit$$0000000C)
    __rt_lib_init_return                     0x080001c7   Thumb Code     0  libinit2.o(.ARM.Collect$$libinit$$00000031)
    __rt_lib_init_signal_1                   0x080001c7   Thumb Code     0  libinit2.o(.ARM.Collect$$libinit$$0000001B)
    __rt_lib_init_stdio_1                    0x080001c7   Thumb Code     0  libinit2.o(.ARM.Collect$$libinit$$00000023)
    __rt_lib_init_user_alloc_1               0x080001c7   Thumb Code     0  libinit2.o(.ARM.Collect$$libinit$$0000000A)
    __rt_lib_shutdown                        0x080001c9   Thumb Code     0  libshutdown.o(.ARM.Collect$$libshutdown$$00000000)
    __rt_lib_shutdown_fp_trap_1              0x080001cb   Thumb Code     0  libshutdown2.o(.ARM.Collect$$libshutdown$$00000006)
    __rt_lib_shutdown_heap_1                 0x080001cb   Thumb Code     0  libshutdown2.o(.ARM.Collect$$libshutdown$$0000000E)
    __rt_lib_shutdown_return                 0x080001cb   Thumb Code     0  libshutdown2.o(.ARM.Collect$$libshutdown$$0000000F)
    __rt_lib_shutdown_signal_1               0x080001cb   Thumb Code     0  libshutdown2.o(.ARM.Collect$$libshutdown$$00000009)
    __rt_lib_shutdown_stdio_1                0x080001cb   Thumb Code     0  libshutdown2.o(.ARM.Collect$$libshutdown$$00000003)
    __rt_lib_shutdown_user_alloc_1           0x080001cb   Thumb Code     0  libshutdown2.o(.ARM.Collect$$libshutdown$$0000000B)
    __rt_entry                               0x080001cd   Thumb Code     0  rtentry.o(.ARM.Collect$$rtentry$$00000000)
    __rt_entry_presh_1                       0x080001cd   Thumb Code     0  rtentry2.o(.ARM.Collect$$rtentry$$00000002)
    __rt_entry_sh                            0x080001cd   Thumb Code     0  rtentry4.o(.ARM.Collect$$rtentry$$00000004)
    __rt_entry_li                            0x080001d3   Thumb Code     0  rtentry2.o(.ARM.Collect$$rtentry$$0000000A)
    __rt_entry_postsh_1                      0x080001d3   Thumb Code     0  rtentry2.o(.ARM.Collect$$rtentry$$00000009)
    __rt_entry_main                          0x080001d7   Thumb Code     0  rtentry2.o(.ARM.Collect$$rtentry$$0000000D)
    __rt_entry_postli_1                      0x080001d7   Thumb Code     0  rtentry2.o(.ARM.Collect$$rtentry$$0000000C)
    __rt_exit                                0x080001df   Thumb Code     0  rtexit.o(.ARM.Collect$$rtexit$$00000000)
    __rt_exit_ls                             0x080001e1   Thumb Code     0  rtexit2.o(.ARM.Collect$$rtexit$$00000003)
    __rt_exit_prels_1                        0x080001e1   Thumb Code     0  rtexit2.o(.ARM.Collect$$rtexit$$00000002)
    __rt_exit_exit                           0x080001e5   Thumb Code     0  rtexit2.o(.ARM.Collect$$rtexit$$00000004)
    SVC_Handler                              0x080001ed   Thumb Code    92  bsp.o(.emb_text)
    Reset_Handler                            0x08000251   Thumb Code     8  startup_stm32f10x_cl.o(.text)
    NMI_Handler                              0x08000259   Thumb Code     2  startup_stm32f10x_cl.o(.text)
    HardFault_Handler                        0x0800025b   Thumb Code     2  startup_stm32f10x_cl.o(.text)
    MemManage_Handler                        0x0800025d   Thumb Code     2  startup_stm32f10x_cl.o(.text)
    BusFault_Handler                         0x0800025f   Thumb Code     2  startup_stm32f10x_cl.o(.text)
    UsageFault_Handler                       0x08000261   Thumb Code     2  startup_stm32f10x_cl.o(.text)
    DebugMon_Handler                         0x08000265   Thumb Code     2  startup_stm32f10x_cl.o(.text)
    ADC1_2_IRQHandler                        0x0800026b   Thumb Code     0  startup_stm32f10x_cl.o(.text)
    CAN1_RX0_IRQHandler                      0x0800026b   Thumb Code     0  startup_stm32f10x_cl.o(.text)
    CAN1_RX1_IRQHandler                      0x0800026b   Thumb Code     0  startup_stm32f10x_cl.o(.text)
    CAN1_SCE_IRQHandler                      0x0800026b   Thumb Code     0  startup_stm32f10x_cl.o(.text)
    CAN1_TX_IRQHandler                       0x0800026b   Thumb Code     0  startup_stm32f10x_cl.o(.text)
    CAN2_RX0_IRQHandler                      0x0800026b   Thumb Code     0  startup_stm32f10x_cl.o(.text)
    CAN2_RX1_IRQHandler                      0x0800026b   Thumb Code     0  startup_stm32f10x_cl.o(.text)
    CAN2_SCE_IRQHandler                      0x0800026b   Thumb Code     0  startup_stm32f10x_cl.o(.text)
    CAN2_TX_IRQHandler                       0x0800026b   Thumb Code     0  startup_stm32f10x_cl.o(.text)
    DMA1_Channel1_IRQHandler                 0x0800026b   Thumb Code     0  startup_stm32f10x_cl.o(.text)
    DMA1_Channel2_IRQHandler                 0x0800026b   Thumb Code     0  startup_stm32f10x_cl.o(.text)
    DMA1_Channel3_IRQHandler                 0x0800026b   Thumb Code     0  startup_stm32f10x_cl.o(.text)
    DMA1_Channel4_IRQHandler                 0x0800026b   Thumb Code     0  startup_stm32f10x_cl.o(.text)
    DMA1_Channel5_IRQHandler                 0x0800026b   Thumb Code     0  startup_stm32f10x_cl.o(.text)
    DMA1_Channel6_IRQHandler                 0x0800026b   Thumb Code     0  startup_stm32f10x_cl.o(.text)
    DMA1_Channel7_IRQHandler                 0x0800026b   Thumb Code     0  startup_stm32f10x_cl.o(.text)
    DMA2_Channel1_IRQHandler                 0x0800026b   Thumb Code     0  startup_stm32f10x_cl.o(.text)
    DMA2_Channel2_IRQHandler                 0x0800026b   Thumb Code     0  startup_stm32f10x_cl.o(.text)
    DMA2_Channel3_IRQHandler                 0x0800026b   Thumb Code     0  startup_stm32f10x_cl.o(.text)
    DMA2_Channel4_IRQHandler                 0x0800026b   Thumb Code     0  startup_stm32f10x_cl.o(.text)
    DMA2_Channel5_IRQHandler                 0x0800026b   Thumb Code     0  startup_stm32f10x_cl.o(.text)
    ETH_IRQHandler                           0x0800026b   Thumb Code     0  startup_stm32f10x_cl.o(.text)
    ETH_WKUP_IRQHandler                      0x0800026b   Thumb Code     0  startup_stm32f10x_cl.o(.text)
    EXTI0_IRQHandler                         0x0800026b   Thumb Code     0  startup_stm32f10x_cl.o(.text)
    EXTI15_10_IRQHandler                     0x0800026b   Thumb Code     0  startup_stm32f10x_cl.o(.text)
    EXTI1_IRQHandler                         0x0800026b   Thumb Code     0  startup_stm32f10x_cl.o(.text)
    EXTI2_IRQHandler                         0x0800026b   Thumb Code     0  startup_stm32f10x_cl.o(.text)
    EXTI3_IRQHandler                         0x0800026b   Thumb Code     0  startup_stm32f10x_cl.o(.text)
    EXTI4_IRQHandler                         0x0800026b   Thumb Code     0  startup_stm32f10x_cl.o(.text)
    EXTI9_5_IRQHandler                       0x0800026b   Thumb Code     0  startup_stm32f10x_cl.o(.text)
    FLASH_IRQHandler                         0x0800026b   Thumb Code     0  startup_stm32f10x_cl.o(.text)
    I2C1_ER_IRQHandler                       0x0800026b   Thumb Code     0  startup_stm32f10x_cl.o(.text)
    I2C1_EV_IRQHandler                       0x0800026b   Thumb Code     0  startup_stm32f10x_cl.o(.text)
    I2C2_ER_IRQHandler                       0x0800026b   Thumb Code     0  startup_stm32f10x_cl.o(.text)
    I2C2_EV_IRQHandler                       0x0800026b   Thumb Code     0  startup_stm32f10x_cl.o(.text)
    OTG_FS_IRQHandler                        0x0800026b   Thumb Code     0  startup_stm32f10x_cl.o(.text)
    OTG_FS_WKUP_IRQHandler                   0x0800026b   Thumb Code     0  startup_stm32f10x_cl.o(.text)
    PVD_IRQHandler                           0x0800026b   Thumb Code     0  startup_stm32f10x_cl.o(.text)
    RCC_IRQHandler                           0x0800026b   Thumb Code     0  startup_stm32f10x_cl.o(.text)
    RTCAlarm_IRQHandler                      0x0800026b   Thumb Code     0  startup_stm32f10x_cl.o(.text)
    RTC_IRQHandler                           0x0800026b   Thumb Code     0  startup_stm32f10x_cl.o(.text)
    SPI1_IRQHandler                          0x0800026b   Thumb Code     0  startup_stm32f10x_cl.o(.text)
    SPI2_IRQHandler                          0x0800026b   Thumb Code     0  startup_stm32f10x_cl.o(.text)
    SPI3_IRQHandler                          0x0800026b   Thumb Code     0  startup_stm32f10x_cl.o(.text)
    TAMPER_IRQHandler                        0x0800026b   Thumb Code     0  startup_stm32f10x_cl.o(.text)
    TIM1_BRK_IRQHandler                      0x0800026b   Thumb Code     0  startup_stm32f10x_cl.o(.text)
    TIM1_CC_IRQHandler                       0x0800026b   Thumb Code     0  startup_stm32f10x_cl.o(.text)
    TIM1_TRG_COM_IRQHandler                  0x0800026b   Thumb Code     0  startup_stm32f10x_cl.o(.text)
    TIM1_UP_IRQHandler                       0x0800026b   Thumb Code     0  startup_stm32f10x_cl.o(.text)
    TIM2_IRQHandler                          0x0800026b   Thumb Code     0  startup_stm32f10x_cl.o(.text)
    TIM3_IRQHandler                          0x0800026b   Thumb Code     0  startup_stm32f10x_cl.o(.text)
    TIM4_IRQHandler                          0x0800026b   Thumb Code     0  startup_stm32f10x_cl.o(.text)
    TIM5_IRQHandler                          0x0800026b   Thumb Code     0  startup_stm32f10x_cl.o(.text)
    TIM6_IRQHandler                          0x0800026b   Thumb Code     0  startup_stm32f10x_cl.o(.text)
    TIM7_IRQHandler                          0x0800026b   Thumb Code     0  startup_stm32f10x_cl.o(.text)
    UART4_IRQHandler                         0x0800026b   Thumb Code     0  startup_stm32f10x_cl.o(.text)
    UART5_IRQHandler                         0x0800026b   Thumb Code     0  startup_stm32f10x_cl.o(.text)
    USART1_IRQHandler                        0x0800026b   Thumb Code     0  startup_stm32f10x_cl.o(.text)
    USART2_IRQHandler                        0x0800026b   Thumb Code     0  startup_stm32f10x_cl.o(.text)
    USART3_IRQHandler                        0x0800026b   Thumb Code     0  startup_stm32f10x_cl.o(.text)
    WWDG_IRQHandler                          0x0800026b   Thumb Code     0  startup_stm32f10x_cl.o(.text)
    __user_initial_stackheap                 0x0800026d   Thumb Code     0  startup_stm32f10x_cl.o(.text)
    UserTask_TerminalOutput                  0x0800028d   Thumb Code   380  canreceivemotbms.o(.text)
    UserTask_CANMsgRec                       0x08000409   Thumb Code    34  canreceivemotbms.o(.text)
    Get_Potvalue                             0x0800042b   Thumb Code    36  canreceivemotbms.o(.text)
    UserTask_CANMsgSend                      0x0800044f   Thumb Code    88  canreceivemotbms.o(.text)
    delay                                    0x080004a7   Thumb Code    12  canreceivemotbms.o(.text)
    StartUpTask                              0x080004b3   Thumb Code   154  canreceivemotbms.o(.text)
    adc_Init                                 0x0800054d   Thumb Code   146  canreceivemotbms.o(.text)
    Periph_Init                              0x080005df   Thumb Code    16  canreceivemotbms.o(.text)
    main                                     0x080005ef   Thumb Code    80  canreceivemotbms.o(.text)
    PrintOSerr                               0x0800063f   Thumb Code   482  canreceivemotbms.o(.text)
    CAN_UserInit                             0x08000821   Thumb Code   328  commmotconbms.o(.text)
    CAN_FillThrottlemsg                      0x08000969   Thumb Code    64  commmotconbms.o(.text)
    CAN_ReceiveMessage                       0x080009a9   Thumb Code    18  commmotconbms.o(.text)
    CAN_PrintMsgDetails                      0x080009bb   Thumb Code   108  commmotconbms.o(.text)
    CAN_ReceiveMotorParameters               0x08000a27   Thumb Code   176  commmotconbms.o(.text)
    CAN_ReceiveBatteryParameters             0x08000ad7   Thumb Code    98  commmotconbms.o(.text)
    OS_TaskStat                              0x08000b95   Thumb Code   110  os_core.o(.text)
    OS_TaskIdle                              0x08000c1f   Thumb Code    32  os_core.o(.text)
    OS_MemClr                                0x08000c5d   Thumb Code    18  os_core.o(.text)
    OSInit                                   0x08000d13   Thumb Code    36  os_core.o(.text)
    OSIntEnter                               0x08000d37   Thumb Code    28  os_core.o(.text)
    OSIntExit                                0x08000d6d   Thumb Code   100  os_core.o(.text)
    OSStart                                  0x08000dd1   Thumb Code    48  os_core.o(.text)
    OSStatInit                               0x08000e01   Thumb Code    62  os_core.o(.text)
    OSTimeTick                               0x08000e3f   Thumb Code   116  os_core.o(.text)
    OSVersion                                0x08000eb3   Thumb Code     6  os_core.o(.text)
    OS_MemCopy                               0x08000eb9   Thumb Code    20  os_core.o(.text)
    OS_Sched                                 0x08000ecd   Thumb Code    74  os_core.o(.text)
    OS_StrCopy                               0x08000f17   Thumb Code    28  os_core.o(.text)
    OS_StrLen                                0x08000f33   Thumb Code    20  os_core.o(.text)
    OS_TCBInit                               0x08000f47   Thumb Code   346  os_core.o(.text)
    OSTaskCreate                             0x080010b5   Thumb Code   150  os_task.o(.text)
    OSTaskNameGet                            0x0800114b   Thumb Code   114  os_task.o(.text)
    OSTaskNameSet                            0x080011bd   Thumb Code   130  os_task.o(.text)
    OSTaskResume                             0x0800123f   Thumb Code   144  os_task.o(.text)
    OSTaskSuspend                            0x080012cf   Thumb Code   138  os_task.o(.text)
    OSTimeDly                                0x08001371   Thumb Code    90  os_time.o(.text)
    RCC_DeInit                               0x080013dd   Thumb Code    78  stm32f10x_rcc.o(.text)
    RCC_HSEConfig                            0x0800142b   Thumb Code    70  stm32f10x_rcc.o(.text)
    RCC_GetFlagStatus                        0x08001471   Thumb Code    56  stm32f10x_rcc.o(.text)
    RCC_WaitForHSEStartUp                    0x080014a9   Thumb Code    56  stm32f10x_rcc.o(.text)
    RCC_AdjustHSICalibrationValue            0x080014e1   Thumb Code    20  stm32f10x_rcc.o(.text)
    RCC_HSICmd                               0x080014f5   Thumb Code     6  stm32f10x_rcc.o(.text)
    RCC_PLLConfig                            0x080014fb   Thumb Code    24  stm32f10x_rcc.o(.text)
    RCC_PLLCmd                               0x08001513   Thumb Code     6  stm32f10x_rcc.o(.text)
    RCC_PREDIV1Config                        0x08001519   Thumb Code    24  stm32f10x_rcc.o(.text)
    RCC_PREDIV2Config                        0x08001531   Thumb Code    18  stm32f10x_rcc.o(.text)
    RCC_PLL2Config                           0x08001543   Thumb Code    18  stm32f10x_rcc.o(.text)
    RCC_PLL2Cmd                              0x08001555   Thumb Code     6  stm32f10x_rcc.o(.text)
    RCC_PLL3Config                           0x0800155b   Thumb Code    18  stm32f10x_rcc.o(.text)
    RCC_PLL3Cmd                              0x0800156d   Thumb Code     6  stm32f10x_rcc.o(.text)
    RCC_SYSCLKConfig                         0x08001573   Thumb Code    18  stm32f10x_rcc.o(.text)
    RCC_GetSYSCLKSource                      0x08001585   Thumb Code    10  stm32f10x_rcc.o(.text)
    RCC_HCLKConfig                           0x0800158f   Thumb Code    18  stm32f10x_rcc.o(.text)
    RCC_PCLK1Config                          0x080015a1   Thumb Code    18  stm32f10x_rcc.o(.text)
    RCC_PCLK2Config                          0x080015b3   Thumb Code    20  stm32f10x_rcc.o(.text)
    RCC_ITConfig                             0x080015c7   Thumb Code    26  stm32f10x_rcc.o(.text)
    RCC_OTGFSCLKConfig                       0x080015e1   Thumb Code     8  stm32f10x_rcc.o(.text)
    RCC_ADCCLKConfig                         0x080015e9   Thumb Code    18  stm32f10x_rcc.o(.text)
    RCC_I2S2CLKConfig                        0x080015fb   Thumb Code     6  stm32f10x_rcc.o(.text)
    RCC_I2S3CLKConfig                        0x08001601   Thumb Code     8  stm32f10x_rcc.o(.text)
    RCC_LSEConfig                            0x08001609   Thumb Code    50  stm32f10x_rcc.o(.text)
    RCC_LSICmd                               0x0800163b   Thumb Code     6  stm32f10x_rcc.o(.text)
    RCC_RTCCLKConfig                         0x08001641   Thumb Code    12  stm32f10x_rcc.o(.text)
    RCC_RTCCLKCmd                            0x0800164d   Thumb Code     8  stm32f10x_rcc.o(.text)
    RCC_GetClocksFreq                        0x08001655   Thumb Code   424  stm32f10x_rcc.o(.text)
    RCC_AHBPeriphClockCmd                    0x080017fd   Thumb Code    26  stm32f10x_rcc.o(.text)
    RCC_APB2PeriphClockCmd                   0x08001817   Thumb Code    26  stm32f10x_rcc.o(.text)
    RCC_APB1PeriphClockCmd                   0x08001831   Thumb Code    26  stm32f10x_rcc.o(.text)
    RCC_AHBPeriphResetCmd                    0x0800184b   Thumb Code    26  stm32f10x_rcc.o(.text)
    RCC_APB2PeriphResetCmd                   0x08001865   Thumb Code    26  stm32f10x_rcc.o(.text)
    RCC_APB1PeriphResetCmd                   0x0800187f   Thumb Code    26  stm32f10x_rcc.o(.text)
    RCC_BackupResetCmd                       0x08001899   Thumb Code     6  stm32f10x_rcc.o(.text)
    RCC_ClockSecuritySystemCmd               0x0800189f   Thumb Code     6  stm32f10x_rcc.o(.text)
    RCC_MCOConfig                            0x080018a5   Thumb Code     6  stm32f10x_rcc.o(.text)
    RCC_ClearFlag                            0x080018ab   Thumb Code    14  stm32f10x_rcc.o(.text)
    RCC_GetITStatus                          0x080018b9   Thumb Code    20  stm32f10x_rcc.o(.text)
    RCC_ClearITPendingBit                    0x080018cd   Thumb Code     6  stm32f10x_rcc.o(.text)
    SystemInit                               0x080019f1   Thumb Code    92  system_stm32f10x.o(.text)
    SystemCoreClockUpdate                    0x08001a4d   Thumb Code   232  system_stm32f10x.o(.text)
    CAN_DeInit                               0x08001b65   Thumb Code    50  stm32f10x_can.o(.text)
    CAN_Init                                 0x08001b97   Thumb Code   276  stm32f10x_can.o(.text)
    CAN_FilterInit                           0x08001cab   Thumb Code   258  stm32f10x_can.o(.text)
    CAN_StructInit                           0x08001dad   Thumb Code    32  stm32f10x_can.o(.text)
    CAN_SlaveStartBank                       0x08001dcd   Thumb Code    48  stm32f10x_can.o(.text)
    CAN_ITConfig                             0x08001dfd   Thumb Code    18  stm32f10x_can.o(.text)
    CAN_Transmit                             0x08001e0f   Thumb Code   294  stm32f10x_can.o(.text)
    CAN_TransmitStatus                       0x08001f35   Thumb Code   150  stm32f10x_can.o(.text)
    CAN_CancelTransmit                       0x08001fcb   Thumb Code    48  stm32f10x_can.o(.text)
    CAN_FIFORelease                          0x08001ffb   Thumb Code    22  stm32f10x_can.o(.text)
    CAN_MessagePending                       0x08002011   Thumb Code    30  stm32f10x_can.o(.text)
    CAN_Receive                              0x0800202f   Thumb Code   234  stm32f10x_can.o(.text)
    CAN_DBGFreeze                            0x08002119   Thumb Code    22  stm32f10x_can.o(.text)
    CAN_Sleep                                0x0800212f   Thumb Code    30  stm32f10x_can.o(.text)
    CAN_WakeUp                               0x0800214d   Thumb Code    48  stm32f10x_can.o(.text)
    CAN_GetFlagStatus                        0x0800217d   Thumb Code   120  stm32f10x_can.o(.text)
    CAN_ClearFlag                            0x080021f5   Thumb Code    52  stm32f10x_can.o(.text)
    CAN_GetITStatus                          0x0800223b   Thumb Code   294  stm32f10x_can.o(.text)
    CAN_ClearITPendingBit                    0x08002361   Thumb Code   162  stm32f10x_can.o(.text)
    GPIO_DeInit                              0x0800240d   Thumb Code   172  stm32f10x_gpio.o(.text)
    GPIO_AFIODeInit                          0x080024b9   Thumb Code    20  stm32f10x_gpio.o(.text)
    GPIO_Init                                0x080024cd   Thumb Code   278  stm32f10x_gpio.o(.text)
    GPIO_StructInit                          0x080025e3   Thumb Code    16  stm32f10x_gpio.o(.text)
    GPIO_ReadInputDataBit                    0x080025f3   Thumb Code    18  stm32f10x_gpio.o(.text)
    GPIO_ReadInputData                       0x08002605   Thumb Code     8  stm32f10x_gpio.o(.text)
    GPIO_ReadOutputDataBit                   0x0800260d   Thumb Code    18  stm32f10x_gpio.o(.text)
    GPIO_ReadOutputData                      0x0800261f   Thumb Code     8  stm32f10x_gpio.o(.text)
    GPIO_SetBits                             0x08002627   Thumb Code     4  stm32f10x_gpio.o(.text)
    GPIO_ResetBits                           0x0800262b   Thumb Code     4  stm32f10x_gpio.o(.text)
    GPIO_WriteBit                            0x0800262f   Thumb Code    10  stm32f10x_gpio.o(.text)
    GPIO_Write                               0x08002639   Thumb Code     4  stm32f10x_gpio.o(.text)
    GPIO_PinLockConfig                       0x0800263d   Thumb Code    18  stm32f10x_gpio.o(.text)
    GPIO_EventOutputConfig                   0x0800264f   Thumb Code    26  stm32f10x_gpio.o(.text)
    GPIO_EventOutputCmd                      0x08002669   Thumb Code     6  stm32f10x_gpio.o(.text)
    GPIO_PinRemapConfig                      0x0800266f   Thumb Code   138  stm32f10x_gpio.o(.text)
    GPIO_EXTILineConfig                      0x080026f9   Thumb Code    66  stm32f10x_gpio.o(.text)
    GPIO_ETH_MediaInterfaceConfig            0x0800273b   Thumb Code     8  stm32f10x_gpio.o(.text)
    USART_DeInit                             0x08002769   Thumb Code   134  stm32f10x_usart.o(.text)
    USART_Init                               0x080027ef   Thumb Code   210  stm32f10x_usart.o(.text)
    USART_StructInit                         0x080028c1   Thumb Code    24  stm32f10x_usart.o(.text)
    USART_ClockInit                          0x080028d9   Thumb Code    34  stm32f10x_usart.o(.text)
    USART_ClockStructInit                    0x080028fb   Thumb Code    12  stm32f10x_usart.o(.text)
    USART_Cmd                                0x08002907   Thumb Code    24  stm32f10x_usart.o(.text)
    USART_ITConfig                           0x0800291f   Thumb Code    74  stm32f10x_usart.o(.text)
    USART_DMACmd                             0x08002969   Thumb Code    18  stm32f10x_usart.o(.text)
    USART_SetAddress                         0x0800297b   Thumb Code    18  stm32f10x_usart.o(.text)
    USART_WakeUpConfig                       0x0800298d   Thumb Code    18  stm32f10x_usart.o(.text)
    USART_ReceiverWakeUpCmd                  0x0800299f   Thumb Code    24  stm32f10x_usart.o(.text)
    USART_LINBreakDetectLengthConfig         0x080029b7   Thumb Code    18  stm32f10x_usart.o(.text)
    USART_LINCmd                             0x080029c9   Thumb Code    24  stm32f10x_usart.o(.text)
    USART_SendData                           0x080029e1   Thumb Code     8  stm32f10x_usart.o(.text)
    USART_ReceiveData                        0x080029e9   Thumb Code    10  stm32f10x_usart.o(.text)
    USART_SendBreak                          0x080029f3   Thumb Code    10  stm32f10x_usart.o(.text)
    USART_SetGuardTime                       0x080029fd   Thumb Code    16  stm32f10x_usart.o(.text)
    USART_SetPrescaler                       0x08002a0d   Thumb Code    16  stm32f10x_usart.o(.text)
    USART_SmartCardCmd                       0x08002a1d   Thumb Code    24  stm32f10x_usart.o(.text)
    USART_SmartCardNACKCmd                   0x08002a35   Thumb Code    24  stm32f10x_usart.o(.text)
    USART_HalfDuplexCmd                      0x08002a4d   Thumb Code    24  stm32f10x_usart.o(.text)
    USART_OverSampling8Cmd                   0x08002a65   Thumb Code    22  stm32f10x_usart.o(.text)
    USART_OneBitMethodCmd                    0x08002a7b   Thumb Code    24  stm32f10x_usart.o(.text)
    USART_IrDAConfig                         0x08002a93   Thumb Code    18  stm32f10x_usart.o(.text)
    USART_IrDACmd                            0x08002aa5   Thumb Code    24  stm32f10x_usart.o(.text)
    USART_GetFlagStatus                      0x08002abd   Thumb Code    26  stm32f10x_usart.o(.text)
    USART_ClearFlag                          0x08002ad7   Thumb Code    18  stm32f10x_usart.o(.text)
    USART_GetITStatus                        0x08002ae9   Thumb Code    84  stm32f10x_usart.o(.text)
    USART_ClearITPendingBit                  0x08002b3d   Thumb Code    52  stm32f10x_usart.o(.text)
    LED_on                                   0x08002b71   Thumb Code    34  basicio.o(.text)
    LED_off                                  0x08002b93   Thumb Code    32  basicio.o(.text)
    print_string                             0x08002bb3   Thumb Code    22  basicio.o(.text)
    bin2ascii                                0x08002bc9   Thumb Code    26  basicio.o(.text)
    print_hexbyte                            0x08002be3   Thumb Code    32  basicio.o(.text)
    print_hexbyteh                           0x08002c03   Thumb Code    18  basicio.o(.text)
    print_hex16                              0x08002c15   Thumb Code    24  basicio.o(.text)
    print_hex0x16                            0x08002c2d   Thumb Code    18  basicio.o(.text)
    print_hex32                              0x08002c3f   Thumb Code    18  basicio.o(.text)
    print_uint                               0x08002c51   Thumb Code    76  basicio.o(.text)
    print_int                                0x08002c9d   Thumb Code    30  basicio.o(.text)
    getint                                   0x08002cbb   Thumb Code    66  basicio.o(.text)
    asciitoint                               0x08002cfd   Thumb Code    66  basicio.o(.text)
    BSP_SetLED                               0x08002d4d   Thumb Code     8  bsp.o(.text)
    BSP_SetEXTIPR                            0x08002d55   Thumb Code     6  bsp.o(.text)
    BSP_GetEXTIPR                            0x08002d5b   Thumb Code     6  bsp.o(.text)
    _putch                                   0x08002d61   Thumb Code    28  bsp.o(.text)
    _getch                                   0x08002d7d   Thumb Code    24  bsp.o(.text)
    _keyhit                                  0x08002d95   Thumb Code    24  bsp.o(.text)
    fputc                                    0x08002dad   Thumb Code    14  bsp.o(.text)
    fgetc                                    0x08002dbb   Thumb Code    16  bsp.o(.text)
    _ttywrch                                 0x08002dcb   Thumb Code    12  bsp.o(.text)
    ferror                                   0x08002dd7   Thumb Code     8  bsp.o(.text)
    _sys_exit                                0x08002ddf   Thumb Code     4  bsp.o(.text)
    USART_Configuration                      0x08002de3   Thumb Code    56  bsp.o(.text)
    GPIO_Configuration                       0x08002e1b   Thumb Code   286  bsp.o(.text)
    RCC_Configuration                        0x08002f39   Thumb Code   214  bsp.o(.text)
    BSP_Init                                 0x0800300f   Thumb Code    16  bsp.o(.text)
    BSP_CPU_ClkFreq                          0x0800301f   Thumb Code    16  bsp.o(.text)
    OS_CPU_SysTickClkFreq                    0x0800302f   Thumb Code    12  bsp.o(.text)
    OSInitHookBegin                          0x08003059   Thumb Code     2  os_cpu_c.o(.text)
    OSInitHookEnd                            0x0800305b   Thumb Code     2  os_cpu_c.o(.text)
    OSTaskCreateHook                         0x0800305d   Thumb Code     2  os_cpu_c.o(.text)
    OSTaskDelHook                            0x0800305f   Thumb Code     2  os_cpu_c.o(.text)
    OSTaskIdleHook                           0x08003061   Thumb Code     2  os_cpu_c.o(.text)
    OSTaskStatHook                           0x08003063   Thumb Code     2  os_cpu_c.o(.text)
    OSTaskStkInit                            0x08003065   Thumb Code   154  os_cpu_c.o(.text)
    OSTaskSwHook                             0x080030ff   Thumb Code     2  os_cpu_c.o(.text)
    OSTCBInitHook                            0x08003101   Thumb Code     2  os_cpu_c.o(.text)
    OS_CPU_SysTickHandler                    0x08003103   Thumb Code    34  os_cpu_c.o(.text)
    OS_CPU_SysTickInit                       0x08003125   Thumb Code    42  os_cpu_c.o(.text)
    OS_CPU_SR_Save                           0x08003155   Thumb Code     0  os_cpu_a.o(.text)
    OS_CPU_SR_Restore                        0x0800315d   Thumb Code     0  os_cpu_a.o(.text)
    OSStartHighRdy                           0x08003163   Thumb Code     0  os_cpu_a.o(.text)
    OSCtxSw                                  0x08003183   Thumb Code     0  os_cpu_a.o(.text)
    OSIntCtxSw                               0x0800318d   Thumb Code     0  os_cpu_a.o(.text)
    OS_CPU_PendSVHandler                     0x08003197   Thumb Code     0  os_cpu_a.o(.text)
    __aeabi_memcpy4                          0x080031f9   Thumb Code     0  rt_memcpy_w.o(.text)
    __aeabi_memcpy8                          0x080031f9   Thumb Code     0  rt_memcpy_w.o(.text)
    __rt_memcpy_w                            0x080031f9   Thumb Code   100  rt_memcpy_w.o(.text)
    _memcpy_lastbytes_aligned                0x08003241   Thumb Code     0  rt_memcpy_w.o(.text)
    __use_two_region_memory                  0x0800325d   Thumb Code     2  heapauxi.o(.text)
    __rt_heap_escrow$2region                 0x0800325f   Thumb Code     2  heapauxi.o(.text)
    __rt_heap_expand$2region                 0x08003261   Thumb Code     2  heapauxi.o(.text)
    __user_setup_stackheap                   0x08003263   Thumb Code    74  sys_stackheap_outer.o(.text)
    exit                                     0x080032ad   Thumb Code    12  exit.o(.text)
    __user_libspace                          0x080032b9   Thumb Code     8  libspace.o(.text)
    __user_perproc_libspace                  0x080032b9   Thumb Code     0  libspace.o(.text)
    __user_perthread_libspace                0x080032b9   Thumb Code     0  libspace.o(.text)
    __aeabi_ddiv                             0x080032c1   Thumb Code     0  ddiv.o(x$fpl$ddiv)
    _ddiv                                    0x080032c1   Thumb Code   552  ddiv.o(x$fpl$ddiv)
    __aeabi_d2uiz                            0x08003571   Thumb Code     0  dfixu.o(x$fpl$dfixu)
    _dfixu                                   0x08003571   Thumb Code    90  dfixu.o(x$fpl$dfixu)
    __aeabi_i2d                              0x080035cb   Thumb Code     0  dflt_clz.o(x$fpl$dflt)
    _dflt                                    0x080035cb   Thumb Code    46  dflt_clz.o(x$fpl$dflt)
    __fpl_dnaninf                            0x080035f9   Thumb Code   156  dnaninf.o(x$fpl$dnaninf)
    __fpl_dretinf                            0x08003695   Thumb Code    12  dretinf.o(x$fpl$dretinf)
    OSUnMapTbl                               0x080036a0   Data         256  os_core.o(.constdata)
    __I$use$fp                               0x080036a0   Number         0  usenofp.o(x$fpl$usenofp)
    Region$$Table$$Base                      0x08003964   Number         0  anon$$obj.o(Region$$Table)
    Region$$Table$$Limit                     0x08003984   Number         0  anon$$obj.o(Region$$Table)
    UserTaskData                             0x20000000   Data           4  canreceivemotbms.o(.data)
    Potivalue                                0x20000004   Data           2  canreceivemotbms.o(.data)
    ThrottleCmdLPF                           0x20000008   Data           4  canreceivemotbms.o(.data)
    OSCtxSwCtr                               0x20000010   Data           4  os_core.o(.data)
    OSCPUUsage                               0x20000014   Data           1  os_core.o(.data)
    OSIdleCtrMax                             0x20000018   Data           4  os_core.o(.data)
    OSIdleCtrRun                             0x2000001c   Data           4  os_core.o(.data)
    OSStatRdy                                0x20000020   Data           1  os_core.o(.data)
    OSIntNesting                             0x20000021   Data           1  os_core.o(.data)
    OSLockNesting                            0x20000022   Data           1  os_core.o(.data)
    OSPrioCur                                0x20000023   Data           1  os_core.o(.data)
    OSPrioHighRdy                            0x20000024   Data           1  os_core.o(.data)
    OSRdyGrp                                 0x20000025   Data           1  os_core.o(.data)
    OSRdyTbl                                 0x20000026   Data           4  os_core.o(.data)
    OSRunning                                0x2000002a   Data           1  os_core.o(.data)
    OSTaskCtr                                0x2000002b   Data           1  os_core.o(.data)
    OSIdleCtr                                0x2000002c   Data           4  os_core.o(.data)
    OSTCBCur                                 0x20000030   Data           4  os_core.o(.data)
    OSTCBFreeList                            0x20000034   Data           4  os_core.o(.data)
    OSTCBHighRdy                             0x20000038   Data           4  os_core.o(.data)
    OSTCBList                                0x2000003c   Data           4  os_core.o(.data)
    SystemCoreClock                          0x20000054   Data           4  system_stm32f10x.o(.data)
    AHBPrescTable                            0x20000058   Data          16  system_stm32f10x.o(.data)
    UserTaskStk                              0x2000006c   Data        1536  canreceivemotbms.o(.bss)
    StartUpTaskStk                           0x2000066c   Data         512  canreceivemotbms.o(.bss)
    CAN_InitStruct                           0x2000086c   Data          12  canreceivemotbms.o(.bss)
    CAN_OpStruct                             0x20000878   Data         800  canreceivemotbms.o(.bss)
    MotorParam                               0x20000b98   Data          28  canreceivemotbms.o(.bss)
    BatteryParam                             0x20000bb4   Data          18  canreceivemotbms.o(.bss)
    CanRecMsg                                0x20000bc8   Data          20  commmotconbms.o(.bss)
    CanSendMsg                               0x20000bdc   Data          20  commmotconbms.o(.bss)
    Can_filter                               0x20000bf0   Data          14  commmotconbms.o(.bss)
    MotorParams                              0x20000c00   Data          28  commmotconbms.o(.bss)
    BatteryParams                            0x20000c1c   Data          18  commmotconbms.o(.bss)
    OSTaskStatStk                            0x20000c30   Data         512  os_core.o(.bss)
    OSTaskIdleStk                            0x20000e30   Data         512  os_core.o(.bss)
    OSTCBPrioTbl                             0x20001030   Data         128  os_core.o(.bss)
    OSTCBTbl                                 0x200010b0   Data         480  os_core.o(.bss)
    __libspace_start                         0x20001290   Data          96  libspace.o(.bss)
    __temporary_stack_top$libspace           0x200012f0   Data           0  libspace.o(.bss)



==============================================================================

Memory Map of the image

  Image Entry point : 0x08000151

  Load Region LR_IROM1 (Base: 0x08000000, Size: 0x000039f0, Max: 0x00020000, ABSOLUTE)

    Execution Region ER_IROM1 (Base: 0x08000000, Size: 0x00003984, Max: 0x00020000, ABSOLUTE)

    Base Addr    Size         Type   Attr      Idx    E Section Name        Object

    0x08000000   0x00000150   Data   RO            3    RESET               startup_stm32f10x_cl.o
    0x08000150   0x00000008   Code   RO          464  * !!!main             c_w.l(__main.o)
    0x08000158   0x00000034   Code   RO          633    !!!scatter          c_w.l(__scatter.o)
    0x0800018c   0x0000001a   Code   RO          635    !!handler_copy      c_w.l(__scatter_copy.o)
    0x080001a6   0x00000002   PAD
    0x080001a8   0x0000001c   Code   RO          637    !!handler_zi        c_w.l(__scatter_zi.o)
    0x080001c4   0x00000002   Code   RO          510    .ARM.Collect$$libinit$$00000000  c_w.l(libinit.o)
    0x080001c6   0x00000000   Code   RO          517    .ARM.Collect$$libinit$$00000002  c_w.l(libinit2.o)
    0x080001c6   0x00000000   Code   RO          520    .ARM.Collect$$libinit$$00000008  c_w.l(libinit2.o)
    0x080001c6   0x00000000   Code   RO          522    .ARM.Collect$$libinit$$0000000A  c_w.l(libinit2.o)
    0x080001c6   0x00000000   Code   RO          524    .ARM.Collect$$libinit$$0000000C  c_w.l(libinit2.o)
    0x080001c6   0x00000000   Code   RO          527    .ARM.Collect$$libinit$$0000000F  c_w.l(libinit2.o)
    0x080001c6   0x00000000   Code   RO          529    .ARM.Collect$$libinit$$00000011  c_w.l(libinit2.o)
    0x080001c6   0x00000000   Code   RO          531    .ARM.Collect$$libinit$$00000013  c_w.l(libinit2.o)
    0x080001c6   0x00000000   Code   RO          533    .ARM.Collect$$libinit$$00000015  c_w.l(libinit2.o)
    0x080001c6   0x00000000   Code   RO          535    .ARM.Collect$$libinit$$00000017  c_w.l(libinit2.o)
    0x080001c6   0x00000000   Code   RO          537    .ARM.Collect$$libinit$$00000019  c_w.l(libinit2.o)
    0x080001c6   0x00000000   Code   RO          539    .ARM.Collect$$libinit$$0000001B  c_w.l(libinit2.o)
    0x080001c6   0x00000000   Code   RO          541    .ARM.Collect$$libinit$$0000001D  c_w.l(libinit2.o)
    0x080001c6   0x00000000   Code   RO          543    .ARM.Collect$$libinit$$0000001F  c_w.l(libinit2.o)
    0x080001c6   0x00000000   Code   RO          545    .ARM.Collect$$libinit$$00000021  c_w.l(libinit2.o)
    0x080001c6   0x00000000   Code   RO          547    .ARM.Collect$$libinit$$00000023  c_w.l(libinit2.o)
    0x080001c6   0x00000000   Code   RO          551    .ARM.Collect$$libinit$$0000002A  c_w.l(libinit2.o)
    0x080001c6   0x00000000   Code   RO          553    .ARM.Collect$$libinit$$0000002C  c_w.l(libinit2.o)
    0x080001c6   0x00000000   Code   RO          555    .ARM.Collect$$libinit$$0000002E  c_w.l(libinit2.o)
    0x080001c6   0x00000000   Code   RO          557    .ARM.Collect$$libinit$$00000030  c_w.l(libinit2.o)
    0x080001c6   0x00000002   Code   RO          558    .ARM.Collect$$libinit$$00000031  c_w.l(libinit2.o)
    0x080001c8   0x00000002   Code   RO          576    .ARM.Collect$$libshutdown$$00000000  c_w.l(libshutdown.o)
    0x080001ca   0x00000000   Code   RO          587    .ARM.Collect$$libshutdown$$00000003  c_w.l(libshutdown2.o)
    0x080001ca   0x00000000   Code   RO          590    .ARM.Collect$$libshutdown$$00000006  c_w.l(libshutdown2.o)
    0x080001ca   0x00000000   Code   RO          593    .ARM.Collect$$libshutdown$$00000009  c_w.l(libshutdown2.o)
    0x080001ca   0x00000000   Code   RO          595    .ARM.Collect$$libshutdown$$0000000B  c_w.l(libshutdown2.o)
    0x080001ca   0x00000000   Code   RO          598    .ARM.Collect$$libshutdown$$0000000E  c_w.l(libshutdown2.o)
    0x080001ca   0x00000002   Code   RO          599    .ARM.Collect$$libshutdown$$0000000F  c_w.l(libshutdown2.o)
    0x080001cc   0x00000000   Code   RO          480    .ARM.Collect$$rtentry$$00000000  c_w.l(rtentry.o)
    0x080001cc   0x00000000   Code   RO          487    .ARM.Collect$$rtentry$$00000002  c_w.l(rtentry2.o)
    0x080001cc   0x00000006   Code   RO          499    .ARM.Collect$$rtentry$$00000004  c_w.l(rtentry4.o)
    0x080001d2   0x00000000   Code   RO          489    .ARM.Collect$$rtentry$$00000009  c_w.l(rtentry2.o)
    0x080001d2   0x00000004   Code   RO          490    .ARM.Collect$$rtentry$$0000000A  c_w.l(rtentry2.o)
    0x080001d6   0x00000000   Code   RO          492    .ARM.Collect$$rtentry$$0000000C  c_w.l(rtentry2.o)
    0x080001d6   0x00000008   Code   RO          493    .ARM.Collect$$rtentry$$0000000D  c_w.l(rtentry2.o)
    0x080001de   0x00000002   Code   RO          514    .ARM.Collect$$rtexit$$00000000  c_w.l(rtexit.o)
    0x080001e0   0x00000000   Code   RO          560    .ARM.Collect$$rtexit$$00000002  c_w.l(rtexit2.o)
    0x080001e0   0x00000004   Code   RO          561    .ARM.Collect$$rtexit$$00000003  c_w.l(rtexit2.o)
    0x080001e4   0x00000006   Code   RO          562    .ARM.Collect$$rtexit$$00000004  c_w.l(rtexit2.o)
    0x080001ea   0x00000002   PAD
    0x080001ec   0x00000064   Code   RO          396    .emb_text           bsp.o
    0x08000250   0x0000003c   Code   RO            4    .text               startup_stm32f10x_cl.o
    0x0800028c   0x00000594   Code   RO           12    .text               canreceivemotbms.o
    0x08000820   0x00000374   Code   RO          133    .text               commmotconbms.o
    0x08000b94   0x00000520   Code   RO          176    .text               os_core.o
    0x080010b4   0x000002bc   Code   RO          214    .text               os_task.o
    0x08001370   0x0000006c   Code   RO          226    .text               os_time.o
    0x080013dc   0x00000504   Code   RO          240    .text               stm32f10x_rcc.o
    0x080018e0   0x00000284   Code   RO          292    .text               system_stm32f10x.o
    0x08001b64   0x000008a8   Code   RO          318    .text               stm32f10x_can.o
    0x0800240c   0x0000035c   Code   RO          338    .text               stm32f10x_gpio.o
    0x08002768   0x00000408   Code   RO          358    .text               stm32f10x_usart.o
    0x08002b70   0x000001dc   Code   RO          376    .text               basicio.o
    0x08002d4c   0x0000030c   Code   RO          397    .text               bsp.o
    0x08003058   0x000000fc   Code   RO          436    .text               os_cpu_c.o
    0x08003154   0x000000a4   Code   RO          455    .text               os_cpu_a.o
    0x080031f8   0x00000064   Code   RO          460    .text               c_w.l(rt_memcpy_w.o)
    0x0800325c   0x00000006   Code   RO          462    .text               c_w.l(heapauxi.o)
    0x08003262   0x0000004a   Code   RO          501    .text               c_w.l(sys_stackheap_outer.o)
    0x080032ac   0x0000000c   Code   RO          503    .text               c_w.l(exit.o)
    0x080032b8   0x00000008   Code   RO          511    .text               c_w.l(libspace.o)
    0x080032c0   0x000002b0   Code   RO          467    x$fpl$ddiv          fz_ws.l(ddiv.o)
    0x08003570   0x0000005a   Code   RO          470    x$fpl$dfixu         fz_ws.l(dfixu.o)
    0x080035ca   0x0000002e   Code   RO          475    x$fpl$dflt          fz_ws.l(dflt_clz.o)
    0x080035f8   0x0000009c   Code   RO          481    x$fpl$dnaninf       fz_ws.l(dnaninf.o)
    0x08003694   0x0000000c   Code   RO          483    x$fpl$dretinf       fz_ws.l(dretinf.o)
    0x080036a0   0x00000000   Code   RO          485    x$fpl$usenofp       fz_ws.l(usenofp.o)
    0x080036a0   0x00000100   Data   RO          178    .constdata          os_core.o
    0x080037a0   0x00000028   Data   RO          377    .constdata          basicio.o
    0x080037c8   0x0000019c   Data   RO           14    .conststring        canreceivemotbms.o
    0x08003964   0x00000020   Data   RO          631    Region$$Table       anon$$obj.o


    Execution Region RW_IRAM1 (Base: 0x20000000, Size: 0x000016f0, Max: 0x00005000, ABSOLUTE)

    Base Addr    Size         Type   Attr      Idx    E Section Name        Object

    0x20000000   0x00000010   Data   RW           15    .data               canreceivemotbms.o
    0x20000010   0x00000030   Data   RW          179    .data               os_core.o
    0x20000040   0x00000014   Data   RW          241    .data               stm32f10x_rcc.o
    0x20000054   0x00000014   Data   RW          293    .data               system_stm32f10x.o
    0x20000068   0x00000001   Data   RW          378    .data               basicio.o
    0x20000069   0x00000003   PAD
    0x2000006c   0x00000b5a   Zero   RW           13    .bss                canreceivemotbms.o
    0x20000bc6   0x00000002   PAD
    0x20000bc8   0x00000066   Zero   RW          134    .bss                commmotconbms.o
    0x20000c2e   0x00000002   PAD
    0x20000c30   0x00000660   Zero   RW          177    .bss                os_core.o
    0x20001290   0x00000060   Zero   RW          512    .bss                c_w.l(libspace.o)
    0x200012f0   0x00000000   Zero   RW            2    HEAP                startup_stm32f10x_cl.o
    0x200012f0   0x00000400   Zero   RW            1    STACK               startup_stm32f10x_cl.o


==============================================================================

Image component sizes


      Code (inc. data)   RO Data    RW Data    ZI Data      Debug   Object Name

       476         14         40          1          0       4214   basicio.o
       880         58          0          0          0       3753   bsp.o
      1428        438        412         16       2906     274165   canreceivemotbms.o
       884         92          0          0        102       4043   commmotconbms.o
      1312        144        256         48       1632      12398   os_core.o
       164         32          0          0          0        364   os_cpu_a.o
       252          6          0          0          0      10745   os_cpu_c.o
       700         24          0          0          0       3002   os_task.o
       108         18          0          0          0        632   os_time.o
        60         22        336          0       1024        860   startup_stm32f10x_cl.o
      2216         18          0          0          0       6555   stm32f10x_can.o
       860         38          0          0          0       5809   stm32f10x_gpio.o
      1284         64          0         20          0      11390   stm32f10x_rcc.o
      1032         22          0          0          0       8536   stm32f10x_usart.o
       644         48          0         20          0       2283   system_stm32f10x.o

    ----------------------------------------------------------------------
     12300       1038       1076        108       5668     348749   Object Totals
         0          0         32          0          0          0   (incl. Generated)
         0          0          0          3          4          0   (incl. Padding)

    ----------------------------------------------------------------------

      Code (inc. data)   RO Data    RW Data    ZI Data      Debug   Library Member Name

         8          0          0          0          0         68   __main.o
        52          8          0          0          0          0   __scatter.o
        26          0          0          0          0          0   __scatter_copy.o
        28          0          0          0          0          0   __scatter_zi.o
        12          0          0          0          0         72   exit.o
         6          0          0          0          0        152   heapauxi.o
         2          0          0          0          0          0   libinit.o
         2          0          0          0          0          0   libinit2.o
         2          0          0          0          0          0   libshutdown.o
         2          0          0          0          0          0   libshutdown2.o
         8          4          0          0         96         68   libspace.o
       100          0          0          0          0         80   rt_memcpy_w.o
         0          0          0          0          0          0   rtentry.o
        12          0          0          0          0          0   rtentry2.o
         6          0          0          0          0          0   rtentry4.o
         2          0          0          0          0          0   rtexit.o
        10          0          0          0          0          0   rtexit2.o
        74          0          0          0          0         80   sys_stackheap_outer.o
       688        140          0          0          0        208   ddiv.o
        90          4          0          0          0         92   dfixu.o
        46          0          0          0          0         68   dflt_clz.o
       156          4          0          0          0         92   dnaninf.o
        12          0          0          0          0         68   dretinf.o
         0          0          0          0          0          0   usenofp.o

    ----------------------------------------------------------------------
      1348        160          0          0         96       1048   Library Totals
         4          0          0          0          0          0   (incl. Padding)

    ----------------------------------------------------------------------

      Code (inc. data)   RO Data    RW Data    ZI Data      Debug   Library Name

       352         12          0          0         96        520   c_w.l
       992        148          0          0          0        528   fz_ws.l

    ----------------------------------------------------------------------
      1348        160          0          0         96       1048   Library Totals

    ----------------------------------------------------------------------

==============================================================================


      Code (inc. data)   RO Data    RW Data    ZI Data      Debug   

     13648       1198       1076        108       5764     347921   Grand Totals
     13648       1198       1076        108       5764     347921   ELF Image Totals
     13648       1198       1076        108          0          0   ROM Totals

==============================================================================

    Total RO  Size (Code + RO Data)                14724 (  14.38kB)
    Total RW  Size (RW Data + ZI Data)              5872 (   5.73kB)
    Total ROM Size (Code + RO Data + RW Data)      14832 (  14.48kB)

==============================================================================

