Product: MDK-ARM Standard 5.10
Component: ARM Compiler 5.04 update 1 (build 49)
Tool: armlink [5040049]

==============================================================================

Section Cross References

    startup_stm32f4xx.o(RESET) refers to startup_stm32f4xx.o(STACK) for __initial_sp
    startup_stm32f4xx.o(RESET) refers to startup_stm32f4xx.o(.text) for Reset_Handler
    startup_stm32f4xx.o(RESET) refers to os_cpu_a.o(.text) for OS_CPU_PendSVHandler
    startup_stm32f4xx.o(RESET) refers to os_cpu_c.o(i.OS_CPU_SysTickHandler) for OS_CPU_SysTickHandler
    startup_stm32f4xx.o(RESET) refers to batteryelectricdrive.o(i.EXTI0_IRQHandler) for EXTI0_IRQHandler
    startup_stm32f4xx.o(.text) refers to system_stm32f4xx.o(i.SystemInit) for SystemInit
    startup_stm32f4xx.o(.text) refers to entry.o(.ARM.Collect$$$$00000000) for __main
    batteryelectricdrive.o(i.EXTI0_IRQHandler) refers to stm32f4xx_exti.o(i.EXTI_GetITStatus) for EXTI_GetITStatus
    batteryelectricdrive.o(i.EXTI0_IRQHandler) refers to basicio.o(i.Set_GPIO_on) for Set_GPIO_on
    batteryelectricdrive.o(i.EXTI0_IRQHandler) refers to basicio.o(i.LED_on) for LED_on
    batteryelectricdrive.o(i.EXTI0_IRQHandler) refers to stm32f4xx_exti.o(i.EXTI_ClearITPendingBit) for EXTI_ClearITPendingBit
    batteryelectricdrive.o(i.PrintOSerr) refers to basicio.o(i.print_string) for print_string
    batteryelectricdrive.o(i.PrintOSerr) refers to basicio.o(i.print_hexbyte) for print_hexbyte
    batteryelectricdrive.o(i.PrintOSerr) refers to bsp.o(i._getch) for _getch
    batteryelectricdrive.o(i.StartUpTask) refers to os_task.o(i.OSTaskCreate) for OSTaskCreate
    batteryelectricdrive.o(i.StartUpTask) refers to os_task.o(i.OSTaskNameSet) for OSTaskNameSet
    batteryelectricdrive.o(i.StartUpTask) refers to os_time.o(i.OSTimeDly) for OSTimeDly
    batteryelectricdrive.o(i.StartUpTask) refers to batteryelectricdrive.o(.bss) for .bss
    batteryelectricdrive.o(i.StartUpTask) refers to batteryelectricdrive.o(i.UserTask_CANMsgSend) for UserTask_CANMsgSend
    batteryelectricdrive.o(i.StartUpTask) refers to batteryelectricdrive.o(i.UserTask_CANMsgRec) for UserTask_CANMsgRec
    batteryelectricdrive.o(i.StartUpTask) refers to batteryelectricdrive.o(i.UserTask_LCDOutput) for UserTask_LCDOutput
    batteryelectricdrive.o(i.StartUpTask) refers to batteryelectricdrive.o(i.UserTask_SDwrite) for UserTask_SDwrite
    batteryelectricdrive.o(i.StartUpTask) refers to batteryelectricdrive.o(i.UserTask_TerminalOutput) for UserTask_TerminalOutput
    batteryelectricdrive.o(i.StartUpTask) refers to os_core.o(.data) for OSCtxSwCtr
    batteryelectricdrive.o(i.UserTask_CANMsgRec) refers to canlib.o(i.CAN_ReceiveMessage) for CAN_ReceiveMessage
    batteryelectricdrive.o(i.UserTask_CANMsgRec) refers to canlib.o(i.CAN_ReceiveMotorParameters) for CAN_ReceiveMotorParameters
    batteryelectricdrive.o(i.UserTask_CANMsgRec) refers to canlib.o(i.CAN_ReceiveBatteryParameters) for CAN_ReceiveBatteryParameters
    batteryelectricdrive.o(i.UserTask_CANMsgRec) refers to os_time.o(i.OSTimeDly) for OSTimeDly
    batteryelectricdrive.o(i.UserTask_CANMsgRec) refers to canlib.o(.bss) for CanRecMsg
    batteryelectricdrive.o(i.UserTask_CANMsgRec) refers to batteryelectricdrive.o(.bss) for .bss
    batteryelectricdrive.o(i.UserTask_CANMsgSend) refers to basicio.o(i.LED_on) for LED_on
    batteryelectricdrive.o(i.UserTask_CANMsgSend) refers to basicio.o(i.LED_off) for LED_off
    batteryelectricdrive.o(i.UserTask_CANMsgSend) refers to adclib.o(i.Get_Potvalue) for Get_Potvalue
    batteryelectricdrive.o(i.UserTask_CANMsgSend) refers to basicio.o(i.uint2str) for uint2str
    batteryelectricdrive.o(i.UserTask_CANMsgSend) refers to canlib.o(i.CAN_FillThrottlemsg) for CAN_FillThrottlemsg
    batteryelectricdrive.o(i.UserTask_CANMsgSend) refers to os_time.o(i.OSTimeDly) for OSTimeDly
    batteryelectricdrive.o(i.UserTask_CANMsgSend) refers to batteryelectricdrive.o(.data) for .data
    batteryelectricdrive.o(i.UserTask_CANMsgSend) refers to canlib.o(.bss) for CanSendMsg
    batteryelectricdrive.o(i.UserTask_LCDOutput) refers to lcdlib.o(i.LCD_Display_Measured_Values) for LCD_Display_Measured_Values
    batteryelectricdrive.o(i.UserTask_LCDOutput) refers to os_time.o(i.OSTimeDly) for OSTimeDly
    batteryelectricdrive.o(i.UserTask_SDwrite) refers to ff.o(i.f_mount) for f_mount
    batteryelectricdrive.o(i.UserTask_SDwrite) refers to ff.o(i.f_open) for f_open
    batteryelectricdrive.o(i.UserTask_SDwrite) refers to ff.o(i.f_puts) for f_puts
    batteryelectricdrive.o(i.UserTask_SDwrite) refers to ff.o(i.f_lseek) for f_lseek
    batteryelectricdrive.o(i.UserTask_SDwrite) refers to ff.o(i.f_printf) for f_printf
    batteryelectricdrive.o(i.UserTask_SDwrite) refers to ff.o(i.f_close) for f_close
    batteryelectricdrive.o(i.UserTask_SDwrite) refers to os_time.o(i.OSTimeDly) for OSTimeDly
[...]
    i.LCD_DisplayString_Col_Line_Align       0x080014f8   Section        0  stm32f4_discovery_lcd.o(i.LCD_DisplayString_Col_Line_Align)
    i.LCD_DisplayString_Pos_Align            0x08001584   Section        0  stm32f4_discovery_lcd.o(i.LCD_DisplayString_Pos_Align)
    i.LCD_Display_Measured_Values            0x080015ec   Section        0  lcdlib.o(i.LCD_Display_Measured_Values)
    i.LCD_Display_Parameters                 0x0800196c   Section        0  lcdlib.o(i.LCD_Display_Parameters)
    i.LCD_DrawChar                           0x08001b00   Section        0  stm32f4_discovery_lcd.o(i.LCD_DrawChar)
    i.LCD_DrawFullRect                       0x08001ba0   Section        0  stm32f4_discovery_lcd.o(i.LCD_DrawFullRect)
    i.LCD_DrawLine                           0x08001c30   Section        0  stm32f4_discovery_lcd.o(i.LCD_DrawLine)
    i.LCD_DrawRect                           0x08001c94   Section        0  stm32f4_discovery_lcd.o(i.LCD_DrawRect)
    i.LCD_FSMCConfig                         0x08001cd4   Section        0  stm32f4_discovery_lcd.o(i.LCD_FSMCConfig)
    i.LCD_Form_Str                           0x08001d2c   Section        0  stm32f4_discovery_lcd.o(i.LCD_Form_Str)
    i.LCD_Init                               0x08001d98   Section        0  lcdlib.o(i.LCD_Init)
    i.LCD_ReadReg                            0x08001da8   Section        0  stm32f4_discovery_lcd.o(i.LCD_ReadReg)
    i.LCD_SSD1289_InitChip                   0x08001db8   Section        0  stm32f4_discovery_lcd.o(i.LCD_SSD1289_InitChip)
    i.LCD_SetColors                          0x08001f58   Section        0  stm32f4_discovery_lcd.o(i.LCD_SetColors)
    i.LCD_SetCursor                          0x08001f70   Section        0  stm32f4_discovery_lcd.o(i.LCD_SetCursor)
    i.LCD_SetFont                            0x08001f88   Section        0  stm32f4_discovery_lcd.o(i.LCD_SetFont)
    i.LCD_WriteReg                           0x08001f94   Section        0  stm32f4_discovery_lcd.o(i.LCD_WriteReg)
    i.LED_Configuration                      0x08001fa4   Section        0  peripheral_init.o(i.LED_Configuration)
    i.LED_off                                0x08001fc4   Section        0  basicio.o(i.LED_off)
    i.LED_on                                 0x08001fc8   Section        0  basicio.o(i.LED_on)
    i.NVIC_Init                              0x08001fcc   Section        0  misc.o(i.NVIC_Init)
    i.OSInit                                 0x08002030   Section        0  os_core.o(i.OSInit)
    i.OSInitHookBegin                        0x080020d4   Section        0  os_cpu_c.o(i.OSInitHookBegin)
    i.OSInitHookEnd                          0x080020f4   Section        0  os_cpu_c.o(i.OSInitHookEnd)
    i.OSIntExit                              0x080020f8   Section        0  os_core.o(i.OSIntExit)
    i.OSStart                                0x0800214c   Section        0  os_core.o(i.OSStart)
    i.OSStatInit                             0x0800217c   Section        0  os_core.o(i.OSStatInit)
    i.OSTCBInitHook                          0x080021b0   Section        0  os_cpu_c.o(i.OSTCBInitHook)
    i.OSTaskCreate                           0x080021b4   Section        0  os_task.o(i.OSTaskCreate)
    i.OSTaskCreateHook                       0x0800223c   Section        0  os_cpu_c.o(i.OSTaskCreateHook)
    i.OSTaskIdleHook                         0x0800223e   Section        0  os_cpu_c.o(i.OSTaskIdleHook)
    i.OSTaskNameSet                          0x08002240   Section        0  os_task.o(i.OSTaskNameSet)
    i.OSTaskReturnHook                       0x08002298   Section        0  os_cpu_c.o(i.OSTaskReturnHook)
    i.OSTaskStatHook                         0x0800229a   Section        0  os_cpu_c.o(i.OSTaskStatHook)
    i.OSTaskStkInit                          0x0800229c   Section        0  os_cpu_c.o(i.OSTaskStkInit)
    i.OSTaskSuspend                          0x08002314   Section        0  os_task.o(i.OSTaskSuspend)
    i.OSTaskSwHook                           0x08002398   Section        0  os_cpu_c.o(i.OSTaskSwHook)
    i.OSTimeDly                              0x0800239c   Section        0  os_time.o(i.OSTimeDly)
    i.OSTimeTick                             0x080023fc   Section        0  os_core.o(i.OSTimeTick)
    i.OSVersion                              0x08002460   Section        0  os_core.o(i.OSVersion)
    i.OS_CPU_SysTickClkFreq                  0x08002466   Section        0  bsp.o(i.OS_CPU_SysTickClkFreq)
    i.OS_CPU_SysTickHandler                  0x0800246c   Section        0  os_cpu_c.o(i.OS_CPU_SysTickHandler)
    i.OS_CPU_SysTickInit                     0x08002490   Section        0  os_cpu_c.o(i.OS_CPU_SysTickInit)
    i.OS_InitTCBList                         0x080024b8   Section        0  os_core.o(i.OS_InitTCBList)
    OS_InitTCBList                           0x080024b9   Thumb Code    70  os_core.o(i.OS_InitTCBList)
    i.OS_MemClr                              0x08002510   Section        0  os_core.o(i.OS_MemClr)
    i.OS_Sched                               0x08002524   Section        0  os_core.o(i.OS_Sched)
    i.OS_SchedNew                            0x08002568   Section        0  os_core.o(i.OS_SchedNew)
    OS_SchedNew                              0x08002569   Thumb Code    24  os_core.o(i.OS_SchedNew)
    i.OS_TCBInit                             0x08002588   Section        0  os_core.o(i.OS_TCBInit)
    i.OS_TaskIdle                            0x08002644   Section        0  os_core.o(i.OS_TaskIdle)
    i.OS_TaskReturn                          0x08002660   Section        0  os_task.o(i.OS_TaskReturn)
    i.OS_TaskStat                            0x08002674   Section        0  os_core.o(i.OS_TaskStat)
    i.Periph_Init                            0x080026d8   Section        0  peripheral_init.o(i.Periph_Init)
    i.RCC_AHB1PeriphClockCmd                 0x08002704   Section        0  stm32f4xx_rcc.o(i.RCC_AHB1PeriphClockCmd)
    i.RCC_AHB3PeriphClockCmd                 0x0800271c   Section        0  stm32f4xx_rcc.o(i.RCC_AHB3PeriphClockCmd)
    i.RCC_APB1PeriphClockCmd                 0x08002734   Section        0  stm32f4xx_rcc.o(i.RCC_APB1PeriphClockCmd)
    i.RCC_APB1PeriphResetCmd                 0x0800274c   Section        0  stm32f4xx_rcc.o(i.RCC_APB1PeriphResetCmd)
    i.RCC_APB2PeriphClockCmd                 0x08002764   Section        0  stm32f4xx_rcc.o(i.RCC_APB2PeriphClockCmd)
    i.RCC_APB2PeriphResetCmd                 0x0800277c   Section        0  stm32f4xx_rcc.o(i.RCC_APB2PeriphResetCmd)
    i.RCC_GetClocksFreq                      0x08002794   Section        0  stm32f4xx_rcc.o(i.RCC_GetClocksFreq)
    i.SD_Configuration                       0x08002824   Section        0  peripheral_init.o(i.SD_Configuration)
    i.SPI_Cmd                                0x08002950   Section        0  stm32f4xx_spi.o(i.SPI_Cmd)
    i.SPI_I2S_GetFlagStatus                  0x08002964   Section        0  stm32f4xx_spi.o(i.SPI_I2S_GetFlagStatus)
    i.SPI_Init                               0x08002972   Section        0  stm32f4xx_spi.o(i.SPI_Init)
    i.SPI_StructInit                         0x080029aa   Section        0  stm32f4xx_spi.o(i.SPI_StructInit)
    i.STM32f4_Discovery_LCD_Init             0x080029c4   Section        0  stm32f4_discovery_lcd.o(i.STM32f4_Discovery_LCD_Init)
    i.STM_EVAL_LEDInit                       0x08002a2c   Section        0  stm32f4_discovery.o(i.STM_EVAL_LEDInit)
    i.STM_EVAL_LEDOff                        0x08002a74   Section        0  stm32f4_discovery.o(i.STM_EVAL_LEDOff)
    i.STM_EVAL_LEDOn                         0x08002a8c   Section        0  stm32f4_discovery.o(i.STM_EVAL_LEDOn)
    i.SYSCFG_EXTILineConfig                  0x08002aa4   Section        0  stm32f4xx_syscfg.o(i.SYSCFG_EXTILineConfig)
    i.SetSysClock                            0x08002ad4   Section        0  system_stm32f4xx.o(i.SetSysClock)
    SetSysClock                              0x08002ad5   Thumb Code   162  system_stm32f4xx.o(i.SetSysClock)
    i.Set_GPIO_on                            0x08002b88   Section        0  basicio.o(i.Set_GPIO_on)
    i.StartUpTask                            0x08002b8c   Section        0  batteryelectricdrive.o(i.StartUpTask)
    i.SystemInit                             0x08002ca8   Section        0  system_stm32f4xx.o(i.SystemInit)
    i.TIM_Cmd                                0x08002cf8   Section        0  stm32f4xx_tim.o(i.TIM_Cmd)
    i.TIM_GetCounter                         0x08002d0c   Section        0  stm32f4xx_tim.o(i.TIM_GetCounter)
    i.TIM_SelectOnePulseMode                 0x08002d10   Section        0  stm32f4xx_tim.o(i.TIM_SelectOnePulseMode)
    i.TIM_SetCounter                         0x08002d20   Section        0  stm32f4xx_tim.o(i.TIM_SetCounter)
    i.TIM_TimeBaseInit                       0x08002d24   Section        0  stm32f4xx_tim.o(i.TIM_TimeBaseInit)
    i.TM_FATFS_SD_disk_initialize            0x08002da0   Section        0  fatfs_sd.o(i.TM_FATFS_SD_disk_initialize)
    i.TM_FATFS_SD_disk_ioctl                 0x08002e7c   Section        0  fatfs_sd.o(i.TM_FATFS_SD_disk_ioctl)
    i.TM_FATFS_SD_disk_read                  0x08003038   Section        0  fatfs_sd.o(i.TM_FATFS_SD_disk_read)
    i.TM_FATFS_SD_disk_status                0x080030b0   Section        0  fatfs_sd.o(i.TM_FATFS_SD_disk_status)
    i.TM_FATFS_SD_disk_write                 0x080030c4   Section        0  fatfs_sd.o(i.TM_FATFS_SD_disk_write)
    i.TM_SPI_ReadMulti                       0x08003158   Section        0  sdlib.o(i.TM_SPI_ReadMulti)
    i.TM_SPI_Send                            0x0800317e   Section        0  sdlib.o(i.TM_SPI_Send)
    i.TM_SPI_WriteMulti                      0x080031ae   Section        0  sdlib.o(i.TM_SPI_WriteMulti)
    i.Timer_Configuration                    0x080031d0   Section        0  peripheral_init.o(i.Timer_Configuration)
    i.UI_Configuration                       0x0800320c   Section        0  peripheral_init.o(i.UI_Configuration)
    i.USART_Cmd                              0x080032b0   Section        0  stm32f4xx_usart.o(i.USART_Cmd)
    i.USART_Configuration                    0x080032c4   Section        0  peripheral_init.o(i.USART_Configuration)
    i.USART_Init                             0x08003368   Section        0  stm32f4xx_usart.o(i.USART_Init)
    i.USART_StructInit                       0x08003414   Section        0  stm32f4xx_usart.o(i.USART_StructInit)
    i.UserTask_CANMsgRec                     0x0800342c   Section        0  batteryelectricdrive.o(i.UserTask_CANMsgRec)
    i.UserTask_CANMsgSend                    0x0800345c   Section        0  batteryelectricdrive.o(i.UserTask_CANMsgSend)
    i.UserTask_LCDOutput                     0x080034c0   Section        0  batteryelectricdrive.o(i.UserTask_LCDOutput)
    i.UserTask_SDwrite                       0x080034cc   Section        0  batteryelectricdrive.o(i.UserTask_SDwrite)
    i.UserTask_TerminalOutput                0x08003700   Section        0  batteryelectricdrive.o(i.UserTask_TerminalOutput)
    i.__scatterload_copy                     0x08003a5c   Section       14  handlers.o(i.__scatterload_copy)
    i.__scatterload_null                     0x08003a6a   Section        2  handlers.o(i.__scatterload_null)
    i.__scatterload_zeroinit                 0x08003a6c   Section       14  handlers.o(i.__scatterload_zeroinit)
    i._putch                                 0x08003a7c   Section        0  bsp.o(i._putch)
    i.bin2ascii                              0x08003a94   Section        0  basicio.o(i.bin2ascii)
    i.check_fs                               0x08003aa4   Section        0  ff.o(i.check_fs)
    check_fs                                 0x08003aa5   Thumb Code    86  ff.o(i.check_fs)
    i.chk_chr                                0x08003b00   Section        0  ff.o(i.chk_chr)
    chk_chr                                  0x08003b01   Thumb Code    16  ff.o(i.chk_chr)
    i.clust2sect                             0x08003b10   Section        0  ff.o(i.clust2sect)
    i.create_chain                           0x08003b28   Section        0  ff.o(i.create_chain)
    create_chain                             0x08003b29   Thumb Code   158  ff.o(i.create_chain)
    i.create_name                            0x08003bc8   Section        0  ff.o(i.create_name)
    create_name                              0x08003bc9   Thumb Code   244  ff.o(i.create_name)
    i.delay                                  0x08003cd0   Section        0  stm32f4_discovery_lcd.o(i.delay)
    delay                                    0x08003cd1   Thumb Code    24  stm32f4_discovery_lcd.o(i.delay)
    i.deselect                               0x08003ce8   Section        0  fatfs_sd.o(i.deselect)
    deselect                                 0x08003ce9   Thumb Code    12  fatfs_sd.o(i.deselect)
    i.dir_alloc                              0x08003cf8   Section        0  ff.o(i.dir_alloc)
    dir_alloc                                0x08003cf9   Thumb Code    66  ff.o(i.dir_alloc)
    i.dir_next                               0x08003d3a   Section        0  ff.o(i.dir_next)
    dir_next                                 0x08003d3b   Thumb Code   230  ff.o(i.dir_next)
    i.dir_register                           0x08003e20   Section        0  ff.o(i.dir_register)
    dir_register                             0x08003e21   Thumb Code    56  ff.o(i.dir_register)
    i.dir_sdi                                0x08003e58   Section        0  ff.o(i.dir_sdi)
    dir_sdi                                  0x08003e59   Thumb Code   126  ff.o(i.dir_sdi)
    i.disk_initialize                        0x08003ed6   Section        0  diskio.o(i.disk_initialize)
    i.disk_ioctl                             0x08003ee4   Section        0  diskio.o(i.disk_ioctl)
    i.disk_read                              0x08003ef8   Section        0  diskio.o(i.disk_read)
    i.disk_status                            0x08003f16   Section        0  diskio.o(i.disk_status)
    i.disk_write                             0x08003f24   Section        0  diskio.o(i.disk_write)
    i.f_close                                0x08003f46   Section        0  ff.o(i.f_close)
    i.f_lseek                                0x08003f62   Section        0  ff.o(i.f_lseek)
    i.f_mount                                0x08004090   Section        0  ff.o(i.f_mount)
    i.f_open                                 0x080040dc   Section        0  ff.o(i.f_open)
    i.f_printf                               0x08004214   Section        0  ff.o(i.f_printf)
    i.f_puts                                 0x080043fc   Section        0  ff.o(i.f_puts)
    i.f_sync                                 0x08004442   Section        0  ff.o(i.f_sync)
    i.f_write                                0x080044da   Section        0  ff.o(i.f_write)
    i.find_volume                            0x08004658   Section        0  ff.o(i.find_volume)
    find_volume                              0x08004659   Thumb Code   554  ff.o(i.find_volume)
    i.follow_path                            0x08004890   Section        0  ff.o(i.follow_path)
    follow_path                              0x08004891   Thumb Code   170  ff.o(i.follow_path)
    i.ftostr                                 0x0800493c   Section        0  basicio.o(i.ftostr)
    i.get_fat                                0x080049bc   Section        0  ff.o(i.get_fat)
    i.get_fattime                            0x08004a74   Section        0  diskio.o(i.get_fattime)
    i.get_ldnumber                           0x08004a7c   Section        0  ff.o(i.get_ldnumber)
    get_ldnumber                             0x08004a7d   Thumb Code    60  ff.o(i.get_ldnumber)
    i.ld_clust                               0x08004ab8   Section        0  ff.o(i.ld_clust)
    ld_clust                                 0x08004ab9   Thumb Code    18  ff.o(i.ld_clust)
    i.main                                   0x08004acc   Section        0  batteryelectricdrive.o(i.main)
    i.mem_cpy                                0x08004b7c   Section        0  ff.o(i.mem_cpy)
    mem_cpy                                  0x08004b7d   Thumb Code    18  ff.o(i.mem_cpy)
    i.mem_set                                0x08004b8e   Section        0  ff.o(i.mem_set)
    mem_set                                  0x08004b8f   Thumb Code    14  ff.o(i.mem_set)
    i.move_window                            0x08004b9c   Section        0  ff.o(i.move_window)
    move_window                              0x08004b9d   Thumb Code    46  ff.o(i.move_window)
    i.print_hex16                            0x08004bcc   Section        0  basicio.o(i.print_hex16)
    i.print_hexbyte                          0x08004bec   Section        0  basicio.o(i.print_hexbyte)
    i.print_int                              0x08004c0a   Section        0  basicio.o(i.print_int)
    i.print_string                           0x08004c28   Section        0  basicio.o(i.print_string)
    i.print_uint                             0x08004c40   Section        0  basicio.o(i.print_uint)
    i.put_fat                                0x08004c8c   Section        0  ff.o(i.put_fat)
    i.putc_bfd                               0x08004d86   Section        0  ff.o(i.putc_bfd)
    putc_bfd                                 0x08004d87   Thumb Code    70  ff.o(i.putc_bfd)
    i.rcvr_datablock                         0x08004dcc   Section        0  fatfs_sd.o(i.rcvr_datablock)
    rcvr_datablock                           0x08004dcd   Thumb Code    52  fatfs_sd.o(i.rcvr_datablock)
    i.remove_chain                           0x08004e04   Section        0  ff.o(i.remove_chain)
    remove_chain                             0x08004e05   Thumb Code    98  ff.o(i.remove_chain)
    i.select                                 0x08004e68   Section        0  fatfs_sd.o(i.select)
    select                                   0x08004e69   Thumb Code    36  fatfs_sd.o(i.select)
    i.send_cmd                               0x08004e90   Section        0  fatfs_sd.o(i.send_cmd)
    send_cmd                                 0x08004e91   Thumb Code   134  fatfs_sd.o(i.send_cmd)
    i.st_clust                               0x08004f16   Section        0  ff.o(i.st_clust)
    st_clust                                 0x08004f17   Thumb Code    16  ff.o(i.st_clust)
    i.sync_fs                                0x08004f26   Section        0  ff.o(i.sync_fs)
    sync_fs                                  0x08004f27   Thumb Code   176  ff.o(i.sync_fs)
    i.sync_window                            0x08004fd6   Section        0  ff.o(i.sync_window)
    sync_window                              0x08004fd7   Thumb Code    80  ff.o(i.sync_window)
    i.uint2str                               0x08005028   Section        0  basicio.o(i.uint2str)
    i.validate                               0x08005088   Section        0  ff.o(i.validate)
    validate                                 0x08005089   Thumb Code    38  ff.o(i.validate)
    i.wait_ready                             0x080050b0   Section        0  fatfs_sd.o(i.wait_ready)
    wait_ready                               0x080050b1   Thumb Code    58  fatfs_sd.o(i.wait_ready)
    i.xchg_spi                               0x080050f0   Section        0  fatfs_sd.o(i.xchg_spi)
    xchg_spi                                 0x080050f1   Thumb Code     8  fatfs_sd.o(i.xchg_spi)
    i.xmit_datablock                         0x080050fc   Section        0  fatfs_sd.o(i.xmit_datablock)
    xmit_datablock                           0x080050fd   Thumb Code    74  fatfs_sd.o(i.xmit_datablock)
    .constdata                               0x0800514c   Section      256  os_core.o(.constdata)
    .constdata                               0x0800524c   Section       80  basicio.o(.constdata)
    .constdata                               0x0800529c   Section       36  stm32f4_discovery.o(.constdata)
    .constdata                               0x080052c0   Section    10260  fonts.o(.constdata)
    .constdata                               0x08007ad4   Section     7220  fonts.o(.constdata)
    .constdata                               0x08009708   Section     5700  fonts.o(.constdata)
    .constdata                               0x0800ad4c   Section      128  ff.o(.constdata)
    ExCvt                                    0x0800ad4c   Data         128  ff.o(.constdata)
    .conststring                             0x0800adcc   Section      724  batteryelectricdrive.o(.conststring)
    .conststring                             0x0800b0a0   Section      350  peripheral_init.o(.conststring)
    .data                                    0x20000000   Section       21  batteryelectricdrive.o(.data)
    MaxIdleCount                             0x20000004   Data           4  batteryelectricdrive.o(.data)
    myCPUUsage                               0x20000008   Data           4  batteryelectricdrive.o(.data)
    .data                                    0x20000018   Section        4  os_cpu_c.o(.data)
    .data                                    0x2000001c   Section       52  os_core.o(.data)
    .data                                    0x20000050   Section       16  stm32f4xx_rcc.o(.data)
    APBAHBPrescTable                         0x20000050   Data          16  stm32f4xx_rcc.o(.data)
    .data                                    0x20000060   Section       20  stm32f4_discovery.o(.data)
    .data                                    0x20000074   Section       17  stm32f4_discovery_lcd.o(.data)
    TextColor                                0x20000074   Data           2  stm32f4_discovery_lcd.o(.data)
    BackColor                                0x20000076   Data           2  stm32f4_discovery_lcd.o(.data)
    LCD_Currentfonts                         0x2000007c   Data           4  stm32f4_discovery_lcd.o(.data)
    retptr                                   0x20000080   Data           5  stm32f4_discovery_lcd.o(.data)
    .data                                    0x20000088   Section        8  fonts.o(.data)
    .data                                    0x20000090   Section        8  fonts.o(.data)
    .data                                    0x20000098   Section        8  fonts.o(.data)
    .data                                    0x200000a0   Section       12  lcdlib.o(.data)
    charge_state_hist                        0x200000a4   Data           4  lcdlib.o(.data)
    throttle_state_hist                      0x200000a8   Data           4  lcdlib.o(.data)
    .data                                    0x200000ac   Section       12  ff.o(.data)
    Fsid                                     0x200000ac   Data           2  ff.o(.data)
    FatFs                                    0x200000b0   Data           8  ff.o(.data)
    .data                                    0x200000b8   Section        3  fatfs_sd.o(.data)
    TM_FATFS_SD_Stat                         0x200000b8   Data           1  fatfs_sd.o(.data)
    TM_FATFS_SD_CardType                     0x200000b9   Data           1  fatfs_sd.o(.data)
    .bss                                     0x200000bc   Section     4232  batteryelectricdrive.o(.bss)
    .bss                                     0x20001144   Section      512  os_cpu_c.o(.bss)
    .bss                                     0x20001344   Section     1664  os_core.o(.bss)
    .bss                                     0x200019c4   Section       20  canlib.o(.bss)
    .bss                                     0x200019d8   Section       20  canlib.o(.bss)
    .bss                                     0x200019ec   Section      114  canlib.o(.bss)
    STACK                                    0x20001a60   Section     1024  startup_stm32f4xx.o(STACK)

    Global Symbols

    Symbol Name                              Value     Ov Type        Size  Object(Section)

    BuildAttributes$$THM_ISAv4$E$P$D$K$B$S$7EM$PE$A:L22UL41UL21$X:L11$S22US41US21$IEEE1$IW$USESV6$~STKCKD$USESV7$~SHL$OTIME$ROPI$EBA8$MICROLIB$REQ8$PRES8$EABIv2 0x00000000   Number         0  anon$$obj.o ABSOLUTE
    __ARM_use_no_argv                        0x00000000   Number         0  batteryelectricdrive.o ABSOLUTE
    __cpp_initialize__aeabi_                  - Undefined Weak Reference
    __cxa_finalize                            - Undefined Weak Reference
    __decompress                              - Undefined Weak Reference
    _clock_init                               - Undefined Weak Reference
    _microlib_exit                            - Undefined Weak Reference
    __Vectors_Size                           0x00000188   Number         0  startup_stm32f4xx.o ABSOLUTE
    __Vectors                                0x08000000   Data           4  startup_stm32f4xx.o(RESET)
    __Vectors_End                            0x08000188   Data           0  startup_stm32f4xx.o(RESET)
    __main                                   0x08000189   Thumb Code     0  entry.o(.ARM.Collect$$$$00000000)
    _main_stk                                0x08000189   Thumb Code     0  entry2.o(.ARM.Collect$$$$00000001)
    _main_scatterload                        0x0800018d   Thumb Code     0  entry5.o(.ARM.Collect$$$$00000004)
    __main_after_scatterload                 0x08000191   Thumb Code     0  entry5.o(.ARM.Collect$$$$00000004)
    _main_clock                              0x08000191   Thumb Code     0  entry7b.o(.ARM.Collect$$$$00000008)
    _main_cpp_init                           0x08000191   Thumb Code     0  entry8b.o(.ARM.Collect$$$$0000000A)
    _main_init                               0x08000191   Thumb Code     0  entry9a.o(.ARM.Collect$$$$0000000B)
    __rt_final_cpp                           0x08000199   Thumb Code     0  entry10a.o(.ARM.Collect$$$$0000000D)
    __rt_final_exit                          0x08000199   Thumb Code     0  entry11a.o(.ARM.Collect$$$$0000000F)
    Reset_Handler                            0x0800019d   Thumb Code     8  startup_stm32f4xx.o(.text)
    NMI_Handler                              0x080001a5   Thumb Code     2  startup_stm32f4xx.o(.text)
    HardFault_Handler                        0x080001a7   Thumb Code     2  startup_stm32f4xx.o(.text)
    MemManage_Handler                        0x080001a9   Thumb Code     2  startup_stm32f4xx.o(.text)
    BusFault_Handler                         0x080001ab   Thumb Code     2  startup_stm32f4xx.o(.text)
    UsageFault_Handler                       0x080001ad   Thumb Code     2  startup_stm32f4xx.o(.text)
    SVC_Handler                              0x080001af   Thumb Code     2  startup_stm32f4xx.o(.text)
    DebugMon_Handler                         0x080001b1   Thumb Code     2  startup_stm32f4xx.o(.text)
    ADC_IRQHandler                           0x080001b7   Thumb Code     0  startup_stm32f4xx.o(.text)
    CAN1_RX0_IRQHandler                      0x080001b7   Thumb Code     0  startup_stm32f4xx.o(.text)
    CAN1_RX1_IRQHandler                      0x080001b7   Thumb Code     0  startup_stm32f4xx.o(.text)
    CAN1_SCE_IRQHandler                      0x080001b7   Thumb Code     0  startup_stm32f4xx.o(.text)
    CAN1_TX_IRQHandler                       0x080001b7   Thumb Code     0  startup_stm32f4xx.o(.text)
    CAN2_RX0_IRQHandler                      0x080001b7   Thumb Code     0  startup_stm32f4xx.o(.text)
    CAN2_RX1_IRQHandler                      0x080001b7   Thumb Code     0  startup_stm32f4xx.o(.text)
    CAN2_SCE_IRQHandler                      0x080001b7   Thumb Code     0  startup_stm32f4xx.o(.text)
    CAN2_TX_IRQHandler                       0x080001b7   Thumb Code     0  startup_stm32f4xx.o(.text)
    CRYP_IRQHandler                          0x080001b7   Thumb Code     0  startup_stm32f4xx.o(.text)
    DCMI_IRQHandler                          0x080001b7   Thumb Code     0  startup_stm32f4xx.o(.text)
    DMA1_Stream0_IRQHandler                  0x080001b7   Thumb Code     0  startup_stm32f4xx.o(.text)
    DMA1_Stream1_IRQHandler                  0x080001b7   Thumb Code     0  startup_stm32f4xx.o(.text)
    DMA1_Stream2_IRQHandler                  0x080001b7   Thumb Code     0  startup_stm32f4xx.o(.text)
    DMA1_Stream3_IRQHandler                  0x080001b7   Thumb Code     0  startup_stm32f4xx.o(.text)
    DMA1_Stream4_IRQHandler                  0x080001b7   Thumb Code     0  startup_stm32f4xx.o(.text)
    DMA1_Stream5_IRQHandler                  0x080001b7   Thumb Code     0  startup_stm32f4xx.o(.text)
    DMA1_Stream6_IRQHandler                  0x080001b7   Thumb Code     0  startup_stm32f4xx.o(.text)
    DMA1_Stream7_IRQHandler                  0x080001b7   Thumb Code     0  startup_stm32f4xx.o(.text)
    DMA2_Stream0_IRQHandler                  0x080001b7   Thumb Code     0  startup_stm32f4xx.o(.text)
    DMA2_Stream1_IRQHandler                  0x080001b7   Thumb Code     0  startup_stm32f4xx.o(.text)
    DMA2_Stream2_IRQHandler                  0x080001b7   Thumb Code     0  startup_stm32f4xx.o(.text)
    DMA2_Stream3_IRQHandler                  0x080001b7   Thumb Code     0  startup_stm32f4xx.o(.text)
    DMA2_Stream4_IRQHandler                  0x080001b7   Thumb Code     0  startup_stm32f4xx.o(.text)
    DMA2_Stream5_IRQHandler                  0x080001b7   Thumb Code     0  startup_stm32f4xx.o(.text)
    DMA2_Stream6_IRQHandler                  0x080001b7   Thumb Code     0  startup_stm32f4xx.o(.text)
    DMA2_Stream7_IRQHandler                  0x080001b7   Thumb Code     0  startup_stm32f4xx.o(.text)
    ETH_IRQHandler                           0x080001b7   Thumb Code     0  startup_stm32f4xx.o(.text)
    ETH_WKUP_IRQHandler                      0x080001b7   Thumb Code     0  startup_stm32f4xx.o(.text)
    EXTI15_10_IRQHandler                     0x080001b7   Thumb Code     0  startup_stm32f4xx.o(.text)
    EXTI1_IRQHandler                         0x080001b7   Thumb Code     0  startup_stm32f4xx.o(.text)
    EXTI2_IRQHandler                         0x080001b7   Thumb Code     0  startup_stm32f4xx.o(.text)
    EXTI3_IRQHandler                         0x080001b7   Thumb Code     0  startup_stm32f4xx.o(.text)
    EXTI4_IRQHandler                         0x080001b7   Thumb Code     0  startup_stm32f4xx.o(.text)
    EXTI9_5_IRQHandler                       0x080001b7   Thumb Code     0  startup_stm32f4xx.o(.text)
    FLASH_IRQHandler                         0x080001b7   Thumb Code     0  startup_stm32f4xx.o(.text)
    FPU_IRQHandler                           0x080001b7   Thumb Code     0  startup_stm32f4xx.o(.text)
    FSMC_IRQHandler                          0x080001b7   Thumb Code     0  startup_stm32f4xx.o(.text)
    HASH_RNG_IRQHandler                      0x080001b7   Thumb Code     0  startup_stm32f4xx.o(.text)
    I2C1_ER_IRQHandler                       0x080001b7   Thumb Code     0  startup_stm32f4xx.o(.text)
    I2C1_EV_IRQHandler                       0x080001b7   Thumb Code     0  startup_stm32f4xx.o(.text)
    I2C2_ER_IRQHandler                       0x080001b7   Thumb Code     0  startup_stm32f4xx.o(.text)
    I2C2_EV_IRQHandler                       0x080001b7   Thumb Code     0  startup_stm32f4xx.o(.text)
    I2C3_ER_IRQHandler                       0x080001b7   Thumb Code     0  startup_stm32f4xx.o(.text)
    I2C3_EV_IRQHandler                       0x080001b7   Thumb Code     0  startup_stm32f4xx.o(.text)
    OTG_FS_IRQHandler                        0x080001b7   Thumb Code     0  startup_stm32f4xx.o(.text)
    OTG_FS_WKUP_IRQHandler                   0x080001b7   Thumb Code     0  startup_stm32f4xx.o(.text)
    OTG_HS_EP1_IN_IRQHandler                 0x080001b7   Thumb Code     0  startup_stm32f4xx.o(.text)
    OTG_HS_EP1_OUT_IRQHandler                0x080001b7   Thumb Code     0  startup_stm32f4xx.o(.text)
    OTG_HS_IRQHandler                        0x080001b7   Thumb Code     0  startup_stm32f4xx.o(.text)
    OTG_HS_WKUP_IRQHandler                   0x080001b7   Thumb Code     0  startup_stm32f4xx.o(.text)
    PVD_IRQHandler                           0x080001b7   Thumb Code     0  startup_stm32f4xx.o(.text)
    RCC_IRQHandler                           0x080001b7   Thumb Code     0  startup_stm32f4xx.o(.text)
    RTC_Alarm_IRQHandler                     0x080001b7   Thumb Code     0  startup_stm32f4xx.o(.text)
    RTC_WKUP_IRQHandler                      0x080001b7   Thumb Code     0  startup_stm32f4xx.o(.text)
    SDIO_IRQHandler                          0x080001b7   Thumb Code     0  startup_stm32f4xx.o(.text)
    SPI1_IRQHandler                          0x080001b7   Thumb Code     0  startup_stm32f4xx.o(.text)
    SPI2_IRQHandler                          0x080001b7   Thumb Code     0  startup_stm32f4xx.o(.text)
    SPI3_IRQHandler                          0x080001b7   Thumb Code     0  startup_stm32f4xx.o(.text)
    TAMP_STAMP_IRQHandler                    0x080001b7   Thumb Code     0  startup_stm32f4xx.o(.text)
    TIM1_BRK_TIM9_IRQHandler                 0x080001b7   Thumb Code     0  startup_stm32f4xx.o(.text)
    TIM1_CC_IRQHandler                       0x080001b7   Thumb Code     0  startup_stm32f4xx.o(.text)
    TIM1_TRG_COM_TIM11_IRQHandler            0x080001b7   Thumb Code     0  startup_stm32f4xx.o(.text)
    TIM1_UP_TIM10_IRQHandler                 0x080001b7   Thumb Code     0  startup_stm32f4xx.o(.text)
    TIM2_IRQHandler                          0x080001b7   Thumb Code     0  startup_stm32f4xx.o(.text)
    TIM3_IRQHandler                          0x080001b7   Thumb Code     0  startup_stm32f4xx.o(.text)
    TIM4_IRQHandler                          0x080001b7   Thumb Code     0  startup_stm32f4xx.o(.text)
    TIM5_IRQHandler                          0x080001b7   Thumb Code     0  startup_stm32f4xx.o(.text)
    TIM6_DAC_IRQHandler                      0x080001b7   Thumb Code     0  startup_stm32f4xx.o(.text)
    TIM7_IRQHandler                          0x080001b7   Thumb Code     0  startup_stm32f4xx.o(.text)
    TIM8_BRK_TIM12_IRQHandler                0x080001b7   Thumb Code     0  startup_stm32f4xx.o(.text)
    TIM8_CC_IRQHandler                       0x080001b7   Thumb Code     0  startup_stm32f4xx.o(.text)
    TIM8_TRG_COM_TIM14_IRQHandler            0x080001b7   Thumb Code     0  startup_stm32f4xx.o(.text)
    TIM8_UP_TIM13_IRQHandler                 0x080001b7   Thumb Code     0  startup_stm32f4xx.o(.text)
    UART4_IRQHandler                         0x080001b7   Thumb Code     0  startup_stm32f4xx.o(.text)
    UART5_IRQHandler                         0x080001b7   Thumb Code     0  startup_stm32f4xx.o(.text)
    USART1_IRQHandler                        0x080001b7   Thumb Code     0  startup_stm32f4xx.o(.text)
    USART2_IRQHandler                        0x080001b7   Thumb Code     0  startup_stm32f4xx.o(.text)
    USART3_IRQHandler                        0x080001b7   Thumb Code     0  startup_stm32f4xx.o(.text)
    USART6_IRQHandler                        0x080001b7   Thumb Code     0  startup_stm32f4xx.o(.text)
    WWDG_IRQHandler                          0x080001b7   Thumb Code     0  startup_stm32f4xx.o(.text)
    OS_CPU_SR_Save                           0x080001c1   Thumb Code     0  os_cpu_a.o(.text)
    OS_CPU_SR_Restore                        0x080001c9   Thumb Code     0  os_cpu_a.o(.text)
    OSStartHighRdy                           0x080001cf   Thumb Code     0  os_cpu_a.o(.text)
    OSCtxSw                                  0x080001ef   Thumb Code     0  os_cpu_a.o(.text)
    OSIntCtxSw                               0x080001f9   Thumb Code     0  os_cpu_a.o(.text)
    OS_CPU_PendSVHandler                     0x08000203   Thumb Code     0  os_cpu_a.o(.text)
    __aeabi_memcpy                           0x08000265   Thumb Code    36  memcpya.o(.text)
    __aeabi_memcpy4                          0x08000265   Thumb Code     0  memcpya.o(.text)
    __aeabi_memcpy8                          0x08000265   Thumb Code     0  memcpya.o(.text)
    strlen                                   0x08000289   Thumb Code    14  strlen.o(.text)
    __aeabi_fadd                             0x08000297   Thumb Code   164  fadd.o(.text)
    __aeabi_fsub                             0x0800033b   Thumb Code     6  fadd.o(.text)
    __aeabi_frsub                            0x08000341   Thumb Code     6  fadd.o(.text)
    __aeabi_fmul                             0x08000347   Thumb Code   100  fmul.o(.text)
    __aeabi_fdiv                             0x080003ab   Thumb Code   124  fdiv.o(.text)
    __ARM_scalbnf                            0x08000427   Thumb Code    24  fscalb.o(.text)
    scalbnf                                  0x08000427   Thumb Code     0  fscalb.o(.text)
    __aeabi_dmul                             0x0800043f   Thumb Code   228  dmul.o(.text)
    __aeabi_ddiv                             0x08000523   Thumb Code   222  ddiv.o(.text)
    __aeabi_ui2f                             0x08000601   Thumb Code    10  ffltui.o(.text)
    __aeabi_ui2d                             0x0800060b   Thumb Code    26  dfltui.o(.text)
    __aeabi_f2uiz                            0x08000625   Thumb Code    40  ffixui.o(.text)
    __aeabi_d2iz                             0x0800064d   Thumb Code    62  dfixi.o(.text)
    __aeabi_f2d                              0x0800068b   Thumb Code    38  f2d.o(.text)
    __aeabi_d2f                              0x080006b1   Thumb Code    56  d2f.o(.text)
    __aeabi_cfcmpeq                          0x080006e9   Thumb Code     0  cfcmple.o(.text)
    __aeabi_cfcmple                          0x080006e9   Thumb Code    20  cfcmple.o(.text)
    __aeabi_cfrcmple                         0x080006fd   Thumb Code    20  cfrcmple.o(.text)
    __aeabi_llsr                             0x08000711   Thumb Code    32  llushr.o(.text)
    _ll_ushift_r                             0x08000711   Thumb Code     0  llushr.o(.text)
    __I$use$fp                               0x08000731   Thumb Code     0  iusefp.o(.text)
    _float_round                             0x08000731   Thumb Code    18  fepilogue.o(.text)
    _float_epilogue                          0x08000743   Thumb Code    92  fepilogue.o(.text)
    _double_round                            0x0800079f   Thumb Code    26  depilogue.o(.text)
    _double_epilogue                         0x080007b9   Thumb Code   156  depilogue.o(.text)
    __scatterload                            0x08000855   Thumb Code    28  init.o(.text)
    __scatterload_rt2                        0x08000855   Thumb Code     0  init.o(.text)
    __aeabi_llsl                             0x08000879   Thumb Code    30  llshl.o(.text)
    _ll_shift_l                              0x08000879   Thumb Code     0  llshl.o(.text)
    ADC_Cmd                                  0x08000897   Thumb Code    20  stm32f4xx_adc.o(i.ADC_Cmd)
    ADC_Configuration                        0x080008ad   Thumb Code   106  peripheral_init.o(i.ADC_Configuration)
    ADC_DeInit                               0x08000921   Thumb Code    24  stm32f4xx_adc.o(i.ADC_DeInit)
    ADC_GetConversionValue                   0x08000939   Thumb Code     6  stm32f4xx_adc.o(i.ADC_GetConversionValue)
    ADC_GetFlagStatus                        0x0800093f   Thumb Code    14  stm32f4xx_adc.o(i.ADC_GetFlagStatus)
    ADC_Init                                 0x0800094d   Thumb Code    66  stm32f4xx_adc.o(i.ADC_Init)
    ADC_RegularChannelConfig                 0x08000999   Thumb Code   116  stm32f4xx_adc.o(i.ADC_RegularChannelConfig)
    ADC_SoftwareStartConv                    0x08000a0d   Thumb Code    10  stm32f4xx_adc.o(i.ADC_SoftwareStartConv)
    ADC_StructInit                           0x08000a17   Thumb Code    20  stm32f4xx_adc.o(i.ADC_StructInit)
    BSP_CPU_ClkFreq                          0x08000a2b   Thumb Code    14  bsp.o(i.BSP_CPU_ClkFreq)
    CAN_Configuration                        0x08000a39   Thumb Code   194  peripheral_init.o(i.CAN_Configuration)
    CAN_DeInit                               0x08000b05   Thumb Code    38  stm32f4xx_can.o(i.CAN_DeInit)
    CAN_FillThrottlemsg                      0x08000b31   Thumb Code    78  canlib.o(i.CAN_FillThrottlemsg)
    CAN_FilterInit                           0x08000b89   Thumb Code   194  stm32f4xx_can.o(i.CAN_FilterInit)
    CAN_Init                                 0x08000c55   Thumb Code   232  stm32f4xx_can.o(i.CAN_Init)
    CAN_Receive                              0x08000d3d   Thumb Code   144  stm32f4xx_can.o(i.CAN_Receive)
    CAN_ReceiveBatteryParameters             0x08000dcd   Thumb Code   166  canlib.o(i.CAN_ReceiveBatteryParameters)
    CAN_ReceiveMessage                       0x08000e81   Thumb Code     8  canlib.o(i.CAN_ReceiveMessage)
    CAN_ReceiveMotorParameters               0x08000e89   Thumb Code   268  canlib.o(i.CAN_ReceiveMotorParameters)
    CAN_StructInit                           0x08000fa9   Thumb Code    32  stm32f4xx_can.o(i.CAN_StructInit)
    CAN_Transmit                             0x08000fc9   Thumb Code   164  stm32f4xx_can.o(i.CAN_Transmit)
    EXTI0_IRQHandler                         0x0800106d   Thumb Code    38  batteryelectricdrive.o(i.EXTI0_IRQHandler)
    EXTI_ClearITPendingBit                   0x08001099   Thumb Code     6  stm32f4xx_exti.o(i.EXTI_ClearITPendingBit)
    EXTI_GetITStatus                         0x080010a5   Thumb Code    28  stm32f4xx_exti.o(i.EXTI_GetITStatus)
    EXTI_Init                                0x080010c5   Thumb Code   108  stm32f4xx_exti.o(i.EXTI_Init)
    FSMC_NORSRAMCmd                          0x08001135   Thumb Code    26  stm32f4xx_fsmc.o(i.FSMC_NORSRAMCmd)
    FSMC_NORSRAMInit                         0x08001155   Thumb Code   200  stm32f4xx_fsmc.o(i.FSMC_NORSRAMInit)
    GPIO_Init                                0x0800121d   Thumb Code   162  stm32f4xx_gpio.o(i.GPIO_Init)
    GPIO_PinAFConfig                         0x080012bf   Thumb Code    32  stm32f4xx_gpio.o(i.GPIO_PinAFConfig)
    GPIO_ResetBits                           0x080012df   Thumb Code     4  stm32f4xx_gpio.o(i.GPIO_ResetBits)
    GPIO_SetBits                             0x080012e3   Thumb Code     4  stm32f4xx_gpio.o(i.GPIO_SetBits)
    Get_Potvalue                             0x080012e9   Thumb Code    32  adclib.o(i.Get_Potvalue)
    Initialize_LCDStructure                  0x0800130d   Thumb Code    44  canlib.o(i.Initialize_LCDStructure)
    LCD_Clear                                0x0800133d   Thumb Code    38  stm32f4_discovery_lcd.o(i.LCD_Clear)
    LCD_CtrlLinesConfig                      0x08001369   Thumb Code   358  stm32f4_discovery_lcd.o(i.LCD_CtrlLinesConfig)
    LCD_DisplayChar                          0x080014d9   Thumb Code    26  stm32f4_discovery_lcd.o(i.LCD_DisplayChar)
    LCD_DisplayString_Col_Line_Align         0x080014f9   Thumb Code   136  stm32f4_discovery_lcd.o(i.LCD_DisplayString_Col_Line_Align)
    LCD_DisplayString_Pos_Align              0x08001585   Thumb Code    98  stm32f4_discovery_lcd.o(i.LCD_DisplayString_Pos_Align)
    LCD_Display_Measured_Values              0x080015ed   Thumb Code   824  lcdlib.o(i.LCD_Display_Measured_Values)
    LCD_Display_Parameters                   0x0800196d   Thumb Code   328  lcdlib.o(i.LCD_Display_Parameters)
    LCD_DrawChar                             0x08001b01   Thumb Code   150  stm32f4_discovery_lcd.o(i.LCD_DrawChar)
    LCD_DrawFullRect                         0x08001ba1   Thumb Code   138  stm32f4_discovery_lcd.o(i.LCD_DrawFullRect)
    LCD_DrawLine                             0x08001c31   Thumb Code    90  stm32f4_discovery_lcd.o(i.LCD_DrawLine)
    LCD_DrawRect                             0x08001c95   Thumb Code    64  stm32f4_discovery_lcd.o(i.LCD_DrawRect)
    LCD_FSMCConfig                           0x08001cd5   Thumb Code    86  stm32f4_discovery_lcd.o(i.LCD_FSMCConfig)
    LCD_Form_Str                             0x08001d2d   Thumb Code    94  stm32f4_discovery_lcd.o(i.LCD_Form_Str)
    LCD_Init                                 0x08001d99   Thumb Code    14  lcdlib.o(i.LCD_Init)
    LCD_ReadReg                              0x08001da9   Thumb Code    12  stm32f4_discovery_lcd.o(i.LCD_ReadReg)
    LCD_SSD1289_InitChip                     0x08001db9   Thumb Code   416  stm32f4_discovery_lcd.o(i.LCD_SSD1289_InitChip)
    LCD_SetColors                            0x08001f59   Thumb Code    18  stm32f4_discovery_lcd.o(i.LCD_SetColors)
    LCD_SetCursor                            0x08001f71   Thumb Code    22  stm32f4_discovery_lcd.o(i.LCD_SetCursor)
    LCD_SetFont                              0x08001f89   Thumb Code     6  stm32f4_discovery_lcd.o(i.LCD_SetFont)
    LCD_WriteReg                             0x08001f95   Thumb Code    12  stm32f4_discovery_lcd.o(i.LCD_WriteReg)
    LED_Configuration                        0x08001fa5   Thumb Code    32  peripheral_init.o(i.LED_Configuration)
    LED_off                                  0x08001fc5   Thumb Code     4  basicio.o(i.LED_off)
    LED_on                                   0x08001fc9   Thumb Code     4  basicio.o(i.LED_on)
    NVIC_Init                                0x08001fcd   Thumb Code    96  misc.o(i.NVIC_Init)
    OSInit                                   0x08002031   Thumb Code   110  os_core.o(i.OSInit)
    OSInitHookBegin                          0x080020d5   Thumb Code    20  os_cpu_c.o(i.OSInitHookBegin)
    OSInitHookEnd                            0x080020f5   Thumb Code     2  os_cpu_c.o(i.OSInitHookEnd)
    OSIntExit                                0x080020f9   Thumb Code    76  os_core.o(i.OSIntExit)
    OSStart                                  0x0800214d   Thumb Code    38  os_core.o(i.OSStart)
    OSStatInit                               0x0800217d   Thumb Code    48  os_core.o(i.OSStatInit)
    OSTCBInitHook                            0x080021b1   Thumb Code     2  os_cpu_c.o(i.OSTCBInitHook)
    OSTaskCreate                             0x080021b5   Thumb Code   124  os_task.o(i.OSTaskCreate)
    OSTaskCreateHook                         0x0800223d   Thumb Code     2  os_cpu_c.o(i.OSTaskCreateHook)
    OSTaskIdleHook                           0x0800223f   Thumb Code     2  os_cpu_c.o(i.OSTaskIdleHook)
    OSTaskNameSet                            0x08002241   Thumb Code    74  os_task.o(i.OSTaskNameSet)
    OSTaskReturnHook                         0x08002299   Thumb Code     2  os_cpu_c.o(i.OSTaskReturnHook)
    OSTaskStatHook                           0x0800229b   Thumb Code     2  os_cpu_c.o(i.OSTaskStatHook)
    OSTaskStkInit                            0x0800229d   Thumb Code   114  os_cpu_c.o(i.OSTaskStkInit)
    OSTaskSuspend                            0x08002315   Thumb Code   116  os_task.o(i.OSTaskSuspend)
    OSTaskSwHook                             0x08002399   Thumb Code     2  os_cpu_c.o(i.OSTaskSwHook)
    OSTimeDly                                0x0800239d   Thumb Code    76  os_time.o(i.OSTimeDly)
    OSTimeTick                               0x080023fd   Thumb Code    94  os_core.o(i.OSTimeTick)
    OSVersion                                0x08002461   Thumb Code     6  os_core.o(i.OSVersion)
    OS_CPU_SysTickClkFreq                    0x08002467   Thumb Code     4  bsp.o(i.OS_CPU_SysTickClkFreq)
    OS_CPU_SysTickHandler                    0x0800246d   Thumb Code    30  os_cpu_c.o(i.OS_CPU_SysTickHandler)
    OS_CPU_SysTickInit                       0x08002491   Thumb Code    38  os_cpu_c.o(i.OS_CPU_SysTickInit)
    OS_MemClr                                0x08002511   Thumb Code    18  os_core.o(i.OS_MemClr)
    OS_Sched                                 0x08002525   Thumb Code    58  os_core.o(i.OS_Sched)
    OS_TCBInit                               0x08002589   Thumb Code   174  os_core.o(i.OS_TCBInit)
    OS_TaskIdle                              0x08002645   Thumb Code    24  os_core.o(i.OS_TaskIdle)
    OS_TaskReturn                            0x08002661   Thumb Code    16  os_task.o(i.OS_TaskReturn)
    OS_TaskStat                              0x08002675   Thumb Code    96  os_core.o(i.OS_TaskStat)
    Periph_Init                              0x080026d9   Thumb Code    42  peripheral_init.o(i.Periph_Init)
    RCC_AHB1PeriphClockCmd                   0x08002705   Thumb Code    18  stm32f4xx_rcc.o(i.RCC_AHB1PeriphClockCmd)
    RCC_AHB3PeriphClockCmd                   0x0800271d   Thumb Code    18  stm32f4xx_rcc.o(i.RCC_AHB3PeriphClockCmd)
    RCC_APB1PeriphClockCmd                   0x08002735   Thumb Code    18  stm32f4xx_rcc.o(i.RCC_APB1PeriphClockCmd)
    RCC_APB1PeriphResetCmd                   0x0800274d   Thumb Code    18  stm32f4xx_rcc.o(i.RCC_APB1PeriphResetCmd)
    RCC_APB2PeriphClockCmd                   0x08002765   Thumb Code    18  stm32f4xx_rcc.o(i.RCC_APB2PeriphClockCmd)
    RCC_APB2PeriphResetCmd                   0x0800277d   Thumb Code    18  stm32f4xx_rcc.o(i.RCC_APB2PeriphResetCmd)
    RCC_GetClocksFreq                        0x08002795   Thumb Code   132  stm32f4xx_rcc.o(i.RCC_GetClocksFreq)
    SD_Configuration                         0x08002825   Thumb Code   268  peripheral_init.o(i.SD_Configuration)
    SPI_Cmd                                  0x08002951   Thumb Code    20  stm32f4xx_spi.o(i.SPI_Cmd)
    SPI_I2S_GetFlagStatus                    0x08002965   Thumb Code    14  stm32f4xx_spi.o(i.SPI_I2S_GetFlagStatus)
    SPI_Init                                 0x08002973   Thumb Code    56  stm32f4xx_spi.o(i.SPI_Init)
    SPI_StructInit                           0x080029ab   Thumb Code    24  stm32f4xx_spi.o(i.SPI_StructInit)
    STM32f4_Discovery_LCD_Init               0x080029c5   Thumb Code    94  stm32f4_discovery_lcd.o(i.STM32f4_Discovery_LCD_Init)
    STM_EVAL_LEDInit                         0x08002a2d   Thumb Code    62  stm32f4_discovery.o(i.STM_EVAL_LEDInit)
    STM_EVAL_LEDOff                          0x08002a75   Thumb Code    16  stm32f4_discovery.o(i.STM_EVAL_LEDOff)
    STM_EVAL_LEDOn                           0x08002a8d   Thumb Code    16  stm32f4_discovery.o(i.STM_EVAL_LEDOn)
    SYSCFG_EXTILineConfig                    0x08002aa5   Thumb Code    42  stm32f4xx_syscfg.o(i.SYSCFG_EXTILineConfig)
    Set_GPIO_on                              0x08002b89   Thumb Code     4  basicio.o(i.Set_GPIO_on)
    StartUpTask                              0x08002b8d   Thumb Code   136  batteryelectricdrive.o(i.StartUpTask)
    SystemInit                               0x08002ca9   Thumb Code    62  system_stm32f4xx.o(i.SystemInit)
    TIM_Cmd                                  0x08002cf9   Thumb Code    20  stm32f4xx_tim.o(i.TIM_Cmd)
    TIM_GetCounter                           0x08002d0d   Thumb Code     4  stm32f4xx_tim.o(i.TIM_GetCounter)
    TIM_SelectOnePulseMode                   0x08002d11   Thumb Code    16  stm32f4xx_tim.o(i.TIM_SelectOnePulseMode)
    TIM_SetCounter                           0x08002d21   Thumb Code     4  stm32f4xx_tim.o(i.TIM_SetCounter)
    TIM_TimeBaseInit                         0x08002d25   Thumb Code    96  stm32f4xx_tim.o(i.TIM_TimeBaseInit)
    TM_FATFS_SD_disk_initialize              0x08002da1   Thumb Code   214  fatfs_sd.o(i.TM_FATFS_SD_disk_initialize)
    TM_FATFS_SD_disk_ioctl                   0x08002e7d   Thumb Code   440  fatfs_sd.o(i.TM_FATFS_SD_disk_ioctl)
    TM_FATFS_SD_disk_read                    0x08003039   Thumb Code   114  fatfs_sd.o(i.TM_FATFS_SD_disk_read)
    TM_FATFS_SD_disk_status                  0x080030b1   Thumb Code    14  fatfs_sd.o(i.TM_FATFS_SD_disk_status)
    TM_FATFS_SD_disk_write                   0x080030c5   Thumb Code   142  fatfs_sd.o(i.TM_FATFS_SD_disk_write)
    TM_SPI_ReadMulti                         0x08003159   Thumb Code    38  sdlib.o(i.TM_SPI_ReadMulti)
    TM_SPI_Send                              0x0800317f   Thumb Code    48  sdlib.o(i.TM_SPI_Send)
    TM_SPI_WriteMulti                        0x080031af   Thumb Code    34  sdlib.o(i.TM_SPI_WriteMulti)
    Timer_Configuration                      0x080031d1   Thumb Code    60  peripheral_init.o(i.Timer_Configuration)
    UI_Configuration                         0x0800320d   Thumb Code   158  peripheral_init.o(i.UI_Configuration)
    USART_Cmd                                0x080032b1   Thumb Code    20  stm32f4xx_usart.o(i.USART_Cmd)
    USART_Configuration                      0x080032c5   Thumb Code   156  peripheral_init.o(i.USART_Configuration)
    USART_Init                               0x08003369   Thumb Code   164  stm32f4xx_usart.o(i.USART_Init)
    USART_StructInit                         0x08003415   Thumb Code    22  stm32f4xx_usart.o(i.USART_StructInit)
    UserTask_CANMsgRec                       0x0800342d   Thumb Code    36  batteryelectricdrive.o(i.UserTask_CANMsgRec)
    UserTask_CANMsgSend                      0x0800345d   Thumb Code    86  batteryelectricdrive.o(i.UserTask_CANMsgSend)
    UserTask_LCDOutput                       0x080034c1   Thumb Code    12  batteryelectricdrive.o(i.UserTask_LCDOutput)
    UserTask_SDwrite                         0x080034cd   Thumb Code   494  batteryelectricdrive.o(i.UserTask_SDwrite)
    UserTask_TerminalOutput                  0x08003701   Thumb Code   450  batteryelectricdrive.o(i.UserTask_TerminalOutput)
    __scatterload_copy                       0x08003a5d   Thumb Code    14  handlers.o(i.__scatterload_copy)
    __scatterload_null                       0x08003a6b   Thumb Code     2  handlers.o(i.__scatterload_null)
    __scatterload_zeroinit                   0x08003a6d   Thumb Code    14  handlers.o(i.__scatterload_zeroinit)
    _putch                                   0x08003a7d   Thumb Code    18  bsp.o(i._putch)
    bin2ascii                                0x08003a95   Thumb Code    16  basicio.o(i.bin2ascii)
    clust2sect                               0x08003b11   Thumb Code    24  ff.o(i.clust2sect)
    disk_initialize                          0x08003ed7   Thumb Code    14  diskio.o(i.disk_initialize)
    disk_ioctl                               0x08003ee5   Thumb Code    20  diskio.o(i.disk_ioctl)
    disk_read                                0x08003ef9   Thumb Code    30  diskio.o(i.disk_read)
    disk_status                              0x08003f17   Thumb Code    14  diskio.o(i.disk_status)
    disk_write                               0x08003f25   Thumb Code    34  diskio.o(i.disk_write)
    f_close                                  0x08003f47   Thumb Code    28  ff.o(i.f_close)
    f_lseek                                  0x08003f63   Thumb Code   302  ff.o(i.f_lseek)
    f_mount                                  0x08004091   Thumb Code    72  ff.o(i.f_mount)
    f_open                                   0x080040dd   Thumb Code   312  ff.o(i.f_open)
    f_printf                                 0x08004215   Thumb Code   488  ff.o(i.f_printf)
    f_puts                                   0x080043fd   Thumb Code    70  ff.o(i.f_puts)
    f_sync                                   0x08004443   Thumb Code   152  ff.o(i.f_sync)
    f_write                                  0x080044db   Thumb Code   382  ff.o(i.f_write)
    ftostr                                   0x0800493d   Thumb Code   124  basicio.o(i.ftostr)
    get_fat                                  0x080049bd   Thumb Code   182  ff.o(i.get_fat)
    get_fattime                              0x08004a75   Thumb Code     4  diskio.o(i.get_fattime)
    main                                     0x08004acd   Thumb Code    66  batteryelectricdrive.o(i.main)
    print_hex16                              0x08004bcd   Thumb Code    26  basicio.o(i.print_hex16)
    print_hexbyte                            0x08004bed   Thumb Code    30  basicio.o(i.print_hexbyte)
    print_int                                0x08004c0b   Thumb Code    30  basicio.o(i.print_int)
    print_string                             0x08004c29   Thumb Code    22  basicio.o(i.print_string)
    print_uint                               0x08004c41   Thumb Code    70  basicio.o(i.print_uint)
    put_fat                                  0x08004c8d   Thumb Code   250  ff.o(i.put_fat)
    uint2str                                 0x08005029   Thumb Code    90  basicio.o(i.uint2str)
    OSUnMapTbl                               0x0800514c   Data         256  os_core.o(.constdata)
    BUTTON_PORT_SOURCE                       0x0800529c   Data           1  stm32f4_discovery.o(.constdata)
    BUTTON_PIN_SOURCE                        0x0800529d   Data           1  stm32f4_discovery.o(.constdata)
    BUTTON_IRQn                              0x0800529e   Data           1  stm32f4_discovery.o(.constdata)
    BUTTON_PIN                               0x080052a0   Data           2  stm32f4_discovery.o(.constdata)
    BUTTON_EXTI_LINE                         0x080052a2   Data           2  stm32f4_discovery.o(.constdata)
    BUTTON_CLK                               0x080052a4   Data           4  stm32f4_discovery.o(.constdata)
    GPIO_PIN                                 0x080052a8   Data           8  stm32f4_discovery.o(.constdata)
    GPIO_CLK                                 0x080052b0   Data          16  stm32f4_discovery.o(.constdata)
    Arial_18x27_Table                        0x080052c0   Data       10260  fonts.o(.constdata)
    Arial_13x19_Table                        0x08007ad4   Data        7220  fonts.o(.constdata)
    Arial_10x15_Table                        0x08009708   Data        5700  fonts.o(.constdata)
    Region$$Table$$Base                      0x0800b200   Number         0  anon$$obj.o(Region$$Table)
    Region$$Table$$Limit                     0x0800b220   Number         0  anon$$obj.o(Region$$Table)
    res                                      0x20000000   Data           1  batteryelectricdrive.o(.data)
    Potivalue                                0x20000002   Data           2  batteryelectricdrive.o(.data)
    ThrottleCmdNew                           0x2000000c   Data           4  batteryelectricdrive.o(.data)
    ThrottleCmdNew_str                       0x20000010   Data           5  batteryelectricdrive.o(.data)
    OS_CPU_ExceptStkBase                     0x20000018   Data           4  os_cpu_c.o(.data)
    OSCPUUsage                               0x2000001c   Data           1  os_core.o(.data)
    OSStatRdy                                0x2000001d   Data           1  os_core.o(.data)
    OSIntNesting                             0x2000001e   Data           1  os_core.o(.data)
    OSLockNesting                            0x2000001f   Data           1  os_core.o(.data)
    OSPrioCur                                0x20000020   Data           1  os_core.o(.data)
    OSPrioHighRdy                            0x20000021   Data           1  os_core.o(.data)
    OSRdyGrp                                 0x20000022   Data           1  os_core.o(.data)
    OSRunning                                0x20000023   Data           1  os_core.o(.data)
    OSTaskCtr                                0x20000024   Data           1  os_core.o(.data)
    OSCtxSwCtr                               0x20000028   Data           4  os_core.o(.data)
    OSIdleCtrMax                             0x2000002c   Data           4  os_core.o(.data)
    OSIdleCtrRun                             0x20000030   Data           4  os_core.o(.data)
    OSIdleCtr                                0x20000034   Data           4  os_core.o(.data)
    OSTCBCur                                 0x20000038   Data           4  os_core.o(.data)
    OSTCBFreeList                            0x2000003c   Data           4  os_core.o(.data)
    OSTCBHighRdy                             0x20000040   Data           4  os_core.o(.data)
    OSTCBList                                0x20000044   Data           4  os_core.o(.data)
    OSRdyTbl                                 0x20000048   Data           8  os_core.o(.data)
    BUTTON_PORT                              0x20000060   Data           4  stm32f4_discovery.o(.data)
    GPIO_PORT                                0x20000064   Data          16  stm32f4_discovery.o(.data)
    lcdid                                    0x20000078   Data           2  stm32f4_discovery_lcd.o(.data)
    Arial_18x27                              0x20000088   Data           8  fonts.o(.data)
    Arial_13x19                              0x20000090   Data           8  fonts.o(.data)
    Arial_10x15                              0x20000098   Data           8  fonts.o(.data)
    LCD_state                                0x200000a0   Data           1  lcdlib.o(.data)
    d                                        0x200000ba   Data           1  fatfs_sd.o(.data)
    UserTaskStk                              0x200000bc   Data        2560  batteryelectricdrive.o(.bss)
    StartUpTaskStk                           0x20000abc   Data         512  batteryelectricdrive.o(.bss)
    MotorParam                               0x20000cbc   Data          32  batteryelectricdrive.o(.bss)
    BatteryParam                             0x20000cdc   Data          18  batteryelectricdrive.o(.bss)
    FatFs                                    0x20000cf0   Data         560  batteryelectricdrive.o(.bss)
    fil                                      0x20000f20   Data         548  batteryelectricdrive.o(.bss)
    OS_CPU_ExceptStk                         0x20001144   Data         512  os_cpu_c.o(.bss)
    OSTaskStatStk                            0x20001344   Data         512  os_core.o(.bss)
    OSTaskIdleStk                            0x20001544   Data         512  os_core.o(.bss)
    OSTCBPrioTbl                             0x20001744   Data         256  os_core.o(.bss)
    OSTCBTbl                                 0x20001844   Data         384  os_core.o(.bss)
    CanRecMsg                                0x200019c4   Data          20  canlib.o(.bss)
    CanSendMsg                               0x200019d8   Data          20  canlib.o(.bss)
    LCDParam                                 0x200019ec   Data          64  canlib.o(.bss)
    MotorParamsCondition                     0x20001a2c   Data          32  canlib.o(.bss)
    BatteryParamsCondition                   0x20001a4c   Data          18  canlib.o(.bss)
    __initial_sp                             0x20001e60   Data           0  startup_stm32f4xx.o(STACK)



==============================================================================

Memory Map of the image

  Image Entry point : 0x08000189

  Load Region LR_IROM1 (Base: 0x08000000, Size: 0x0000b2dc, Max: 0x00100000, ABSOLUTE)

    Execution Region ER_IROM1 (Base: 0x08000000, Size: 0x0000b220, Max: 0x00100000, ABSOLUTE)

    Base Addr    Size         Type   Attr      Idx    E Section Name        Object

    0x08000000   0x00000188   Data   RO            3    RESET               startup_stm32f4xx.o
    0x08000188   0x00000000   Code   RO         3921  * .ARM.Collect$$$$00000000  mc_w.l(entry.o)
    0x08000188   0x00000004   Code   RO         3964    .ARM.Collect$$$$00000001  mc_w.l(entry2.o)
    0x0800018c   0x00000004   Code   RO         3967    .ARM.Collect$$$$00000004  mc_w.l(entry5.o)
    0x08000190   0x00000000   Code   RO         3969    .ARM.Collect$$$$00000008  mc_w.l(entry7b.o)
    0x08000190   0x00000000   Code   RO         3971    .ARM.Collect$$$$0000000A  mc_w.l(entry8b.o)
    0x08000190   0x00000008   Code   RO         3972    .ARM.Collect$$$$0000000B  mc_w.l(entry9a.o)
    0x08000198   0x00000000   Code   RO         3974    .ARM.Collect$$$$0000000D  mc_w.l(entry10a.o)
    0x08000198   0x00000000   Code   RO         3976    .ARM.Collect$$$$0000000F  mc_w.l(entry11a.o)
    0x08000198   0x00000004   Code   RO         3965    .ARM.Collect$$$$00002712  mc_w.l(entry2.o)
    0x0800019c   0x00000024   Code   RO            4    .text               startup_stm32f4xx.o
    0x080001c0   0x000000a4   Code   RO          354    .text               os_cpu_a.o
    0x08000264   0x00000024   Code   RO         3924    .text               mc_w.l(memcpya.o)
    0x08000288   0x0000000e   Code   RO         3926    .text               mc_w.l(strlen.o)
    0x08000296   0x000000b0   Code   RO         3930    .text               mf_w.l(fadd.o)
    0x08000346   0x00000064   Code   RO         3932    .text               mf_w.l(fmul.o)
    0x080003aa   0x0000007c   Code   RO         3934    .text               mf_w.l(fdiv.o)
    0x08000426   0x00000018   Code   RO         3936    .text               mf_w.l(fscalb.o)
    0x0800043e   0x000000e4   Code   RO         3938    .text               mf_w.l(dmul.o)
    0x08000522   0x000000de   Code   RO         3940    .text               mf_w.l(ddiv.o)
    0x08000600   0x0000000a   Code   RO         3942    .text               mf_w.l(ffltui.o)
    0x0800060a   0x0000001a   Code   RO         3946    .text               mf_w.l(dfltui.o)
    0x08000624   0x00000028   Code   RO         3948    .text               mf_w.l(ffixui.o)
    0x0800064c   0x0000003e   Code   RO         3950    .text               mf_w.l(dfixi.o)
    0x0800068a   0x00000026   Code   RO         3952    .text               mf_w.l(f2d.o)
    0x080006b0   0x00000038   Code   RO         3958    .text               mf_w.l(d2f.o)
    0x080006e8   0x00000014   Code   RO         3960    .text               mf_w.l(cfcmple.o)
    0x080006fc   0x00000014   Code   RO         3962    .text               mf_w.l(cfrcmple.o)
    0x08000710   0x00000020   Code   RO         3978    .text               mc_w.l(llushr.o)
    0x08000730   0x00000000   Code   RO         3980    .text               mc_w.l(iusefp.o)
    0x08000730   0x0000006e   Code   RO         3981    .text               mf_w.l(fepilogue.o)
    0x0800079e   0x000000b6   Code   RO         3983    .text               mf_w.l(depilogue.o)
    0x08000854   0x00000024   Code   RO         3985    .text               mc_w.l(init.o)
    0x08000878   0x0000001e   Code   RO         3987    .text               mc_w.l(llshl.o)
    0x08000896   0x00000014   Code   RO          661    i.ADC_Cmd           stm32f4xx_adc.o
    0x080008aa   0x00000002   PAD
    0x080008ac   0x00000074   Code   RO         2733    i.ADC_Configuration  peripheral_init.o
    0x08000920   0x00000018   Code   RO          667    i.ADC_DeInit        stm32f4xx_adc.o
    0x08000938   0x00000006   Code   RO          673    i.ADC_GetConversionValue  stm32f4xx_adc.o
    0x0800093e   0x0000000e   Code   RO          674    i.ADC_GetFlagStatus  stm32f4xx_adc.o
    0x0800094c   0x0000004c   Code   RO          681    i.ADC_Init          stm32f4xx_adc.o
    0x08000998   0x00000074   Code   RO          686    i.ADC_RegularChannelConfig  stm32f4xx_adc.o
    0x08000a0c   0x0000000a   Code   RO          688    i.ADC_SoftwareStartConv  stm32f4xx_adc.o
    0x08000a16   0x00000014   Code   RO          690    i.ADC_StructInit    stm32f4xx_adc.o
    0x08000a2a   0x0000000e   Code   RO         2819    i.BSP_CPU_ClkFreq   bsp.o
    0x08000a38   0x000000cc   Code   RO         2734    i.CAN_Configuration  peripheral_init.o
    0x08000b04   0x0000002c   Code   RO          901    i.CAN_DeInit        stm32f4xx_can.o
    0x08000b30   0x00000058   Code   RO         2967    i.CAN_FillThrottlemsg  canlib.o
    0x08000b88   0x000000cc   Code   RO          903    i.CAN_FilterInit    stm32f4xx_can.o
    0x08000c54   0x000000e8   Code   RO          910    i.CAN_Init          stm32f4xx_can.o
    0x08000d3c   0x00000090   Code   RO          913    i.CAN_Receive       stm32f4xx_can.o
    0x08000dcc   0x000000b4   Code   RO         2969    i.CAN_ReceiveBatteryParameters  canlib.o
    0x08000e80   0x00000008   Code   RO         2970    i.CAN_ReceiveMessage  canlib.o
    0x08000e88   0x00000120   Code   RO         2971    i.CAN_ReceiveMotorParameters  canlib.o
    0x08000fa8   0x00000020   Code   RO          916    i.CAN_StructInit    stm32f4xx_can.o
    0x08000fc8   0x000000a4   Code   RO          918    i.CAN_Transmit      stm32f4xx_can.o
    0x0800106c   0x0000002c   Code   RO           12    i.EXTI0_IRQHandler  batteryelectricdrive.o
    0x08001098   0x0000000c   Code   RO         1061    i.EXTI_ClearITPendingBit  stm32f4xx_exti.o
    0x080010a4   0x00000020   Code   RO         1065    i.EXTI_GetITStatus  stm32f4xx_exti.o
    0x080010c4   0x00000070   Code   RO         1066    i.EXTI_Init         stm32f4xx_exti.o
    0x08001134   0x00000020   Code   RO         1133    i.FSMC_NORSRAMCmd   stm32f4xx_fsmc.o
    0x08001154   0x000000c8   Code   RO         1135    i.FSMC_NORSRAMInit  stm32f4xx_fsmc.o
    0x0800121c   0x000000a2   Code   RO         1251    i.GPIO_Init         stm32f4xx_gpio.o
    0x080012be   0x00000020   Code   RO         1252    i.GPIO_PinAFConfig  stm32f4xx_gpio.o
    0x080012de   0x00000004   Code   RO         1258    i.GPIO_ResetBits    stm32f4xx_gpio.o
    0x080012e2   0x00000004   Code   RO         1259    i.GPIO_SetBits      stm32f4xx_gpio.o
    0x080012e6   0x00000002   PAD
    0x080012e8   0x00000024   Code   RO         3027    i.Get_Potvalue      adclib.o
    0x0800130c   0x00000030   Code   RO         2972    i.Initialize_LCDStructure  canlib.o
    0x0800133c   0x0000002c   Code   RO         3047    i.LCD_Clear         stm32f4_discovery_lcd.o
    0x08001368   0x00000170   Code   RO         3051    i.LCD_CtrlLinesConfig  stm32f4_discovery_lcd.o
    0x080014d8   0x00000020   Code   RO         3052    i.LCD_DisplayChar   stm32f4_discovery_lcd.o
    0x080014f8   0x0000008c   Code   RO         3056    i.LCD_DisplayString_Col_Line_Align  stm32f4_discovery_lcd.o
    0x08001584   0x00000068   Code   RO         3057    i.LCD_DisplayString_Pos_Align  stm32f4_discovery_lcd.o
    0x080015ec   0x00000380   Code   RO         3359    i.LCD_Display_Measured_Values  lcdlib.o
    0x0800196c   0x00000194   Code   RO         3360    i.LCD_Display_Parameters  lcdlib.o
    0x08001b00   0x000000a0   Code   RO         3058    i.LCD_DrawChar      stm32f4_discovery_lcd.o
    0x08001ba0   0x00000090   Code   RO         3061    i.LCD_DrawFullRect  stm32f4_discovery_lcd.o
    0x08001c30   0x00000064   Code   RO         3062    i.LCD_DrawLine      stm32f4_discovery_lcd.o
    0x08001c94   0x00000040   Code   RO         3064    i.LCD_DrawRect      stm32f4_discovery_lcd.o
    0x08001cd4   0x00000056   Code   RO         3066    i.LCD_FSMCConfig    stm32f4_discovery_lcd.o
    0x08001d2a   0x00000002   PAD
    0x08001d2c   0x0000006c   Code   RO         3068    i.LCD_Form_Str      stm32f4_discovery_lcd.o
    0x08001d98   0x0000000e   Code   RO         3361    i.LCD_Init          lcdlib.o
    0x08001da6   0x00000002   PAD
    0x08001da8   0x00000010   Code   RO         3076    i.LCD_ReadReg       stm32f4_discovery_lcd.o
    0x08001db8   0x000001a0   Code   RO         3077    i.LCD_SSD1289_InitChip  stm32f4_discovery_lcd.o
    0x08001f58   0x00000018   Code   RO         3079    i.LCD_SetColors     stm32f4_discovery_lcd.o
    0x08001f70   0x00000016   Code   RO         3080    i.LCD_SetCursor     stm32f4_discovery_lcd.o
    0x08001f86   0x00000002   PAD
    0x08001f88   0x0000000c   Code   RO         3082    i.LCD_SetFont       stm32f4_discovery_lcd.o
    0x08001f94   0x00000010   Code   RO         3088    i.LCD_WriteReg      stm32f4_discovery_lcd.o
    0x08001fa4   0x00000020   Code   RO         2735    i.LED_Configuration  peripheral_init.o
    0x08001fc4   0x00000004   Code   RO         2614    i.LED_off           basicio.o
    0x08001fc8   0x00000004   Code   RO         2615    i.LED_on            basicio.o
    0x08001fcc   0x00000064   Code   RO          611    i.NVIC_Init         misc.o
    0x08002030   0x000000a4   Code   RO          405    i.OSInit            os_core.o
    0x080020d4   0x00000020   Code   RO          256    i.OSInitHookBegin   os_cpu_c.o
    0x080020f4   0x00000002   Code   RO          257    i.OSInitHookEnd     os_cpu_c.o
    0x080020f6   0x00000002   PAD
    0x080020f8   0x00000054   Code   RO          407    i.OSIntExit         os_core.o
    0x0800214c   0x00000030   Code   RO          408    i.OSStart           os_core.o
    0x0800217c   0x00000034   Code   RO          409    i.OSStatInit        os_core.o
    0x080021b0   0x00000002   Code   RO          258    i.OSTCBInitHook     os_cpu_c.o
    0x080021b2   0x00000002   PAD
    0x080021b4   0x00000088   Code   RO          531    i.OSTaskCreate      os_task.o
    0x0800223c   0x00000002   Code   RO          259    i.OSTaskCreateHook  os_cpu_c.o
    0x0800223e   0x00000002   Code   RO          261    i.OSTaskIdleHook    os_cpu_c.o
    0x08002240   0x00000058   Code   RO          533    i.OSTaskNameSet     os_task.o
    0x08002298   0x00000002   Code   RO          262    i.OSTaskReturnHook  os_cpu_c.o
    0x0800229a   0x00000002   Code   RO          263    i.OSTaskStatHook    os_cpu_c.o
    0x0800229c   0x00000078   Code   RO          264    i.OSTaskStkInit     os_cpu_c.o
    0x08002314   0x00000084   Code   RO          537    i.OSTaskSuspend     os_task.o
    0x08002398   0x00000002   Code   RO          265    i.OSTaskSwHook      os_cpu_c.o
    0x0800239a   0x00000002   PAD
    0x0800239c   0x00000060   Code   RO          585    i.OSTimeDly         os_time.o
    0x080023fc   0x00000064   Code   RO          410    i.OSTimeTick        os_core.o
    0x08002460   0x00000006   Code   RO          411    i.OSVersion         os_core.o
    0x08002466   0x00000004   Code   RO         2823    i.OS_CPU_SysTickClkFreq  bsp.o
    0x0800246a   0x00000002   PAD
    0x0800246c   0x00000024   Code   RO          266    i.OS_CPU_SysTickHandler  os_cpu_c.o
    0x08002490   0x00000026   Code   RO          267    i.OS_CPU_SysTickInit  os_cpu_c.o
    0x080024b6   0x00000002   PAD
    0x080024b8   0x00000058   Code   RO          412    i.OS_InitTCBList    os_core.o
    0x08002510   0x00000012   Code   RO          413    i.OS_MemClr         os_core.o
    0x08002522   0x00000002   PAD
    0x08002524   0x00000044   Code   RO          415    i.OS_Sched          os_core.o
    0x08002568   0x00000020   Code   RO          416    i.OS_SchedNew       os_core.o
    0x08002588   0x000000bc   Code   RO          418    i.OS_TCBInit        os_core.o
    0x08002644   0x0000001c   Code   RO          419    i.OS_TaskIdle       os_core.o
    0x08002660   0x00000014   Code   RO          538    i.OS_TaskReturn     os_task.o
    0x08002674   0x00000064   Code   RO          420    i.OS_TaskStat       os_core.o
    0x080026d8   0x0000002a   Code   RO         2736    i.Periph_Init       peripheral_init.o
    0x08002702   0x00000002   PAD
    0x08002704   0x00000018   Code   RO         1348    i.RCC_AHB1PeriphClockCmd  stm32f4xx_rcc.o
    0x0800271c   0x00000018   Code   RO         1354    i.RCC_AHB3PeriphClockCmd  stm32f4xx_rcc.o
    0x08002734   0x00000018   Code   RO         1357    i.RCC_APB1PeriphClockCmd  stm32f4xx_rcc.o
    0x0800274c   0x00000018   Code   RO         1359    i.RCC_APB1PeriphResetCmd  stm32f4xx_rcc.o
    0x08002764   0x00000018   Code   RO         1360    i.RCC_APB2PeriphClockCmd  stm32f4xx_rcc.o
    0x0800277c   0x00000018   Code   RO         1362    i.RCC_APB2PeriphResetCmd  stm32f4xx_rcc.o
    0x08002794   0x00000090   Code   RO         1369    i.RCC_GetClocksFreq  stm32f4xx_rcc.o
    0x08002824   0x0000012c   Code   RO         2737    i.SD_Configuration  peripheral_init.o
    0x08002950   0x00000014   Code   RO         1634    i.SPI_Cmd           stm32f4xx_spi.o
    0x08002964   0x0000000e   Code   RO         1642    i.SPI_I2S_GetFlagStatus  stm32f4xx_spi.o
    0x08002972   0x00000038   Code   RO         1647    i.SPI_Init          stm32f4xx_spi.o
    0x080029aa   0x00000018   Code   RO         1650    i.SPI_StructInit    stm32f4xx_spi.o
    0x080029c2   0x00000002   PAD
    0x080029c4   0x00000068   Code   RO         3090    i.STM32f4_Discovery_LCD_Init  stm32f4_discovery_lcd.o
    0x08002a2c   0x00000048   Code   RO         2912    i.STM_EVAL_LEDInit  stm32f4_discovery.o
    0x08002a74   0x00000018   Code   RO         2913    i.STM_EVAL_LEDOff   stm32f4_discovery.o
    0x08002a8c   0x00000018   Code   RO         2914    i.STM_EVAL_LEDOn    stm32f4_discovery.o
    0x08002aa4   0x00000030   Code   RO         1795    i.SYSCFG_EXTILineConfig  stm32f4xx_syscfg.o
    0x08002ad4   0x000000b4   Code   RO         2577    i.SetSysClock       system_stm32f4xx.o
    0x08002b88   0x00000004   Code   RO         2617    i.Set_GPIO_on       basicio.o
    0x08002b8c   0x0000011c   Code   RO           14    i.StartUpTask       batteryelectricdrive.o
    0x08002ca8   0x00000050   Code   RO         2579    i.SystemInit        system_stm32f4xx.o
    0x08002cf8   0x00000014   Code   RO         1856    i.TIM_Cmd           stm32f4xx_tim.o
    0x08002d0c   0x00000004   Code   RO         1875    i.TIM_GetCounter    stm32f4xx_tim.o
    0x08002d10   0x00000010   Code   RO         1913    i.TIM_SelectOnePulseMode  stm32f4xx_tim.o
    0x08002d20   0x00000004   Code   RO         1922    i.TIM_SetCounter    stm32f4xx_tim.o
    0x08002d24   0x0000007c   Code   RO         1928    i.TIM_TimeBaseInit  stm32f4xx_tim.o
    0x08002da0   0x000000dc   Code   RO         3821    i.TM_FATFS_SD_disk_initialize  fatfs_sd.o
    0x08002e7c   0x000001bc   Code   RO         3822    i.TM_FATFS_SD_disk_ioctl  fatfs_sd.o
    0x08003038   0x00000078   Code   RO         3823    i.TM_FATFS_SD_disk_read  fatfs_sd.o
    0x080030b0   0x00000014   Code   RO         3824    i.TM_FATFS_SD_disk_status  fatfs_sd.o
    0x080030c4   0x00000094   Code   RO         3825    i.TM_FATFS_SD_disk_write  fatfs_sd.o
    0x08003158   0x00000026   Code   RO         3419    i.TM_SPI_ReadMulti  sdlib.o
    0x0800317e   0x00000030   Code   RO         3420    i.TM_SPI_Send       sdlib.o
    0x080031ae   0x00000022   Code   RO         3422    i.TM_SPI_WriteMulti  sdlib.o
    0x080031d0   0x0000003c   Code   RO         2738    i.Timer_Configuration  peripheral_init.o
    0x0800320c   0x000000a4   Code   RO         2739    i.UI_Configuration  peripheral_init.o
    0x080032b0   0x00000014   Code   RO         2393    i.USART_Cmd         stm32f4xx_usart.o
    0x080032c4   0x000000a4   Code   RO         2740    i.USART_Configuration  peripheral_init.o
    0x08003368   0x000000ac   Code   RO         2400    i.USART_Init        stm32f4xx_usart.o
    0x08003414   0x00000016   Code   RO         2416    i.USART_StructInit  stm32f4xx_usart.o
    0x0800342a   0x00000002   PAD
    0x0800342c   0x00000030   Code   RO           15    i.UserTask_CANMsgRec  batteryelectricdrive.o
    0x0800345c   0x00000064   Code   RO           16    i.UserTask_CANMsgSend  batteryelectricdrive.o
    0x080034c0   0x0000000c   Code   RO           17    i.UserTask_LCDOutput  batteryelectricdrive.o
    0x080034cc   0x00000234   Code   RO           18    i.UserTask_SDwrite  batteryelectricdrive.o
    0x08003700   0x0000035c   Code   RO           19    i.UserTask_TerminalOutput  batteryelectricdrive.o
    0x08003a5c   0x0000000e   Code   RO         3991    i.__scatterload_copy  mc_w.l(handlers.o)
    0x08003a6a   0x00000002   Code   RO         3992    i.__scatterload_null  mc_w.l(handlers.o)
    0x08003a6c   0x0000000e   Code   RO         3993    i.__scatterload_zeroinit  mc_w.l(handlers.o)
    0x08003a7a   0x00000002   PAD
    0x08003a7c   0x00000018   Code   RO         2826    i._putch            bsp.o
    0x08003a94   0x00000010   Code   RO         2619    i.bin2ascii         basicio.o
    0x08003aa4   0x0000005c   Code   RO         3524    i.check_fs          ff.o
    0x08003b00   0x00000010   Code   RO         3525    i.chk_chr           ff.o
    0x08003b10   0x00000018   Code   RO         3526    i.clust2sect        ff.o
    0x08003b28   0x0000009e   Code   RO         3527    i.create_chain      ff.o
    0x08003bc6   0x00000002   PAD
    0x08003bc8   0x00000108   Code   RO         3528    i.create_name       ff.o
    0x08003cd0   0x00000018   Code   RO         3091    i.delay             stm32f4_discovery_lcd.o
    0x08003ce8   0x00000010   Code   RO         3827    i.deselect          fatfs_sd.o
    0x08003cf8   0x00000042   Code   RO         3529    i.dir_alloc         ff.o
    0x08003d3a   0x000000e6   Code   RO         3530    i.dir_next          ff.o
    0x08003e20   0x00000038   Code   RO         3532    i.dir_register      ff.o
    0x08003e58   0x0000007e   Code   RO         3534    i.dir_sdi           ff.o
    0x08003ed6   0x0000000e   Code   RO         3470    i.disk_initialize   diskio.o
    0x08003ee4   0x00000014   Code   RO         3471    i.disk_ioctl        diskio.o
    0x08003ef8   0x0000001e   Code   RO         3472    i.disk_read         diskio.o
    0x08003f16   0x0000000e   Code   RO         3473    i.disk_status       diskio.o
    0x08003f24   0x00000022   Code   RO         3474    i.disk_write        diskio.o
    0x08003f46   0x0000001c   Code   RO         3536    i.f_close           ff.o
    0x08003f62   0x0000012e   Code   RO         3541    i.f_lseek           ff.o
    0x08004090   0x0000004c   Code   RO         3543    i.f_mount           ff.o
    0x080040dc   0x00000138   Code   RO         3544    i.f_open            ff.o
    0x08004214   0x000001e8   Code   RO         3546    i.f_printf          ff.o
    0x080043fc   0x00000046   Code   RO         3548    i.f_puts            ff.o
    0x08004442   0x00000098   Code   RO         3554    i.f_sync            ff.o
    0x080044da   0x0000017e   Code   RO         3558    i.f_write           ff.o
    0x08004658   0x00000238   Code   RO         3559    i.find_volume       ff.o
    0x08004890   0x000000aa   Code   RO         3560    i.follow_path       ff.o
    0x0800493a   0x00000002   PAD
    0x0800493c   0x00000080   Code   RO         2620    i.ftostr            basicio.o
    0x080049bc   0x000000b6   Code   RO         3561    i.get_fat           ff.o
    0x08004a72   0x00000002   PAD
    0x08004a74   0x00000008   Code   RO         3475    i.get_fattime       diskio.o
    0x08004a7c   0x0000003c   Code   RO         3563    i.get_ldnumber      ff.o
    0x08004ab8   0x00000012   Code   RO         3564    i.ld_clust          ff.o
    0x08004aca   0x00000002   PAD
    0x08004acc   0x000000b0   Code   RO           20    i.main              batteryelectricdrive.o
    0x08004b7c   0x00000012   Code   RO         3565    i.mem_cpy           ff.o
    0x08004b8e   0x0000000e   Code   RO         3566    i.mem_set           ff.o
    0x08004b9c   0x0000002e   Code   RO         3567    i.move_window       ff.o
    0x08004bca   0x00000002   PAD
    0x08004bcc   0x00000020   Code   RO         2623    i.print_hex16       basicio.o
    0x08004bec   0x0000001e   Code   RO         2625    i.print_hexbyte     basicio.o
    0x08004c0a   0x0000001e   Code   RO         2627    i.print_int         basicio.o
    0x08004c28   0x00000016   Code   RO         2628    i.print_string      basicio.o
    0x08004c3e   0x00000002   PAD
    0x08004c40   0x0000004c   Code   RO         2629    i.print_uint        basicio.o
    0x08004c8c   0x000000fa   Code   RO         3568    i.put_fat           ff.o
    0x08004d86   0x00000046   Code   RO         3569    i.putc_bfd          ff.o
    0x08004dcc   0x00000038   Code   RO         3828    i.rcvr_datablock    fatfs_sd.o
    0x08004e04   0x00000062   Code   RO         3570    i.remove_chain      ff.o
    0x08004e66   0x00000002   PAD
    0x08004e68   0x00000028   Code   RO         3829    i.select            fatfs_sd.o
    0x08004e90   0x00000086   Code   RO         3830    i.send_cmd          fatfs_sd.o
    0x08004f16   0x00000010   Code   RO         3571    i.st_clust          ff.o
    0x08004f26   0x000000b0   Code   RO         3572    i.sync_fs           ff.o
    0x08004fd6   0x00000050   Code   RO         3573    i.sync_window       ff.o
    0x08005026   0x00000002   PAD
    0x08005028   0x00000060   Code   RO         2631    i.uint2str          basicio.o
    0x08005088   0x00000026   Code   RO         3574    i.validate          ff.o
    0x080050ae   0x00000002   PAD
    0x080050b0   0x00000040   Code   RO         3831    i.wait_ready        fatfs_sd.o
    0x080050f0   0x0000000c   Code   RO         3832    i.xchg_spi          fatfs_sd.o
    0x080050fc   0x00000050   Code   RO         3833    i.xmit_datablock    fatfs_sd.o
    0x0800514c   0x00000100   Data   RO          422    .constdata          os_core.o
    0x0800524c   0x00000050   Data   RO         2632    .constdata          basicio.o
    0x0800529c   0x00000024   Data   RO         2918    .constdata          stm32f4_discovery.o
    0x080052c0   0x00002814   Data   RO         3331    .constdata          fonts.o
    0x08007ad4   0x00001c34   Data   RO         3333    .constdata          fonts.o
    0x08009708   0x00001644   Data   RO         3335    .constdata          fonts.o
    0x0800ad4c   0x00000080   Data   RO         3575    .constdata          ff.o
    0x0800adcc   0x000002d4   Data   RO           22    .conststring        batteryelectricdrive.o
    0x0800b0a0   0x0000015e   Data   RO         2741    .conststring        peripheral_init.o
    0x0800b1fe   0x00000002   PAD
    0x0800b200   0x00000020   Data   RO         3989    Region$$Table       anon$$obj.o


    Execution Region RW_IRAM1 (Base: 0x20000000, Size: 0x00001e60, Max: 0x00020000, ABSOLUTE)

    Base Addr    Size         Type   Attr      Idx    E Section Name        Object

    0x20000000   0x00000015   Data   RW           23    .data               batteryelectricdrive.o
    0x20000015   0x00000003   PAD
    0x20000018   0x00000004   Data   RW          269    .data               os_cpu_c.o
    0x2000001c   0x00000034   Data   RW          423    .data               os_core.o
    0x20000050   0x00000010   Data   RW         1392    .data               stm32f4xx_rcc.o
    0x20000060   0x00000014   Data   RW         2919    .data               stm32f4_discovery.o
    0x20000074   0x00000011   Data   RW         3092    .data               stm32f4_discovery_lcd.o
    0x20000085   0x00000003   PAD
    0x20000088   0x00000008   Data   RW         3338    .data               fonts.o
    0x20000090   0x00000008   Data   RW         3340    .data               fonts.o
    0x20000098   0x00000008   Data   RW         3342    .data               fonts.o
    0x200000a0   0x0000000c   Data   RW         3365    .data               lcdlib.o
    0x200000ac   0x0000000c   Data   RW         3576    .data               ff.o
    0x200000b8   0x00000003   Data   RW         3834    .data               fatfs_sd.o
    0x200000bb   0x00000001   PAD
    0x200000bc   0x00001088   Zero   RW           21    .bss                batteryelectricdrive.o
    0x20001144   0x00000200   Zero   RW          268    .bss                os_cpu_c.o
    0x20001344   0x00000680   Zero   RW          421    .bss                os_core.o
    0x200019c4   0x00000014   Zero   RW         2973    .bss                canlib.o
    0x200019d8   0x00000014   Zero   RW         2974    .bss                canlib.o
    0x200019ec   0x00000072   Zero   RW         2977    .bss                canlib.o
    0x20001a5e   0x00000002   PAD
    0x20001a60   0x00000400   Zero   RW            1    STACK               startup_stm32f4xx.o


==============================================================================

Image component sizes


      Code (inc. data)   RO Data    RW Data    ZI Data      Debug   Object Name

        36          4          0          0          0        523   adclib.o
       442         22         80          0          0       6203   basicio.o
      2088        770        724         21       4232     357273   batteryelectricdrive.o
        42          6          0          0          0       1992   bsp.o
       612         48          0          0        154       5483   canlib.o
       120          4          0          0          0       4720   diskio.o
      1354         56          0          3          0      10100   fatfs_sd.o
      4646         44        128         12          0      25963   ff.o
         0          0      23180         24          0       1824   fonts.o
      1314        148          0         12          0       2562   lcdlib.o
       100          4          0          0          0       1080   misc.o
       976        140        256         52       1664      13719   os_core.o
       164         32          0          0          0        368   os_cpu_a.o
       240         24          0          4        512      12456   os_cpu_c.o
       376         46          0          0          0       2887   os_task.o
        96         20          0          0          0        596   os_time.o
      1082         66        350          0          0       9308   peripheral_init.o
       120          0          0          0          0       4445   sdlib.o
        36          8        392          0       1024        832   startup_stm32f4xx.o
       120         26         36         20          0       2803   stm32f4_discovery.o
      1984        102          0         17          0      14307   stm32f4_discovery_lcd.o
       286         10          0          0          0       6051   stm32f4xx_adc.o
       820         16          0          0          0       5315   stm32f4xx_can.o
       156         14          0          0          0       2308   stm32f4xx_exti.o
       232          6          0          0          0       2001   stm32f4xx_fsmc.o
       202          0          0          0          0       2891   stm32f4xx_gpio.o
       288         48          0         16          0       6350   stm32f4xx_rcc.o
       114          0          0          0          0       3026   stm32f4xx_spi.o
        48          6          0          0          0        644   stm32f4xx_syscfg.o
       168         28          0          0          0       4583   stm32f4xx_tim.o
       214          8          0          0          0       2696   stm32f4xx_usart.o
       260         36          0          0          0       1753   system_stm32f4xx.o

    ----------------------------------------------------------------------
     18782       1742      25180        188       7588     517062   Object Totals
         0          0         32          0          0          0   (incl. Generated)
        46          0          2          7          2          0   (incl. Padding)

    ----------------------------------------------------------------------

      Code (inc. data)   RO Data    RW Data    ZI Data      Debug   Library Member Name

         0          0          0          0          0          0   entry.o
         0          0          0          0          0          0   entry10a.o
         0          0          0          0          0          0   entry11a.o
         8          4          0          0          0          0   entry2.o
         4          0          0          0          0          0   entry5.o
         0          0          0          0          0          0   entry7b.o
         0          0          0          0          0          0   entry8b.o
         8          4          0          0          0          0   entry9a.o
        30          0          0          0          0          0   handlers.o
        36          8          0          0          0         68   init.o
         0          0          0          0          0          0   iusefp.o
        30          0          0          0          0         68   llshl.o
        32          0          0          0          0         68   llushr.o
        36          0          0          0          0         68   memcpya.o
        14          0          0          0          0         68   strlen.o
        20          0          0          0          0         68   cfcmple.o
        20          0          0          0          0         68   cfrcmple.o
        56          0          0          0          0         88   d2f.o
       222          0          0          0          0        100   ddiv.o
       182          0          0          0          0        176   depilogue.o
        62          0          0          0          0         80   dfixi.o
        26          0          0          0          0         76   dfltui.o
       228          0          0          0          0         96   dmul.o
        38          0          0          0          0         68   f2d.o
       176          0          0          0          0        140   fadd.o
       124          0          0          0          0         88   fdiv.o
       110          0          0          0          0        168   fepilogue.o
        40          0          0          0          0         68   ffixui.o
        10          0          0          0          0         68   ffltui.o
       100          0          0          0          0         76   fmul.o
        24          0          0          0          0         68   fscalb.o

    ----------------------------------------------------------------------
      1638         16          0          0          0       1836   Library Totals
         2          0          0          0          0          0   (incl. Padding)

    ----------------------------------------------------------------------

      Code (inc. data)   RO Data    RW Data    ZI Data      Debug   Library Name

       198         16          0          0          0        340   mc_w.l
      1438          0          0          0          0       1496   mf_w.l

    ----------------------------------------------------------------------
      1638         16          0          0          0       1836   Library Totals

    ----------------------------------------------------------------------

==============================================================================


      Code (inc. data)   RO Data    RW Data    ZI Data      Debug   

     20420       1758      25180        188       7588     508390   Grand Totals
     20420       1758      25180        188       7588     508390   ELF Image Totals
     20420       1758      25180        188          0          0   ROM Totals

==============================================================================

    Total RO  Size (Code + RO Data)                45600 (  44.53kB)
    Total RW  Size (RW Data + ZI Data)              7776 (   7.59kB)
    Total ROM Size (Code + RO Data + RW Data)      45788 (  44.71kB)

==============================================================================

