Product: MDK-ARM Professional 5.10
Component: ARM Compiler 5.04 update 1 (build 49)
Tool: armlink [5040049]

==============================================================================

Section Cross References

    startup_stm32f4xx.o(RESET) refers to startup_stm32f4xx.o(STACK) for __initial_sp
    startup_stm32f4xx.o(RESET) refers to startup_stm32f4xx.o(.text) for Reset_Handler
    startup_stm32f4xx.o(RESET) refers to os_cpu_a.o(.text) for OS_CPU_PendSVHandler
    startup_stm32f4xx.o(RESET) refers to os_cpu_c.o(i.OS_CPU_SysTickHandler) for OS_CPU_SysTickHandler
    startup_stm32f4xx.o(RESET) refers to ecumain.o(i.EXTI0_IRQHandler) for EXTI0_IRQHandler
    startup_stm32f4xx.o(.text) refers to system_stm32f4xx.o(i.SystemInit) for SystemInit
    startup_stm32f4xx.o(.text) refers to entry.o(.ARM.Collect$$$$00000000) for __main
    ecumain.o(i.EXTI0_IRQHandler) refers to stm32f4xx_exti.o(i.EXTI_GetITStatus) for EXTI_GetITStatus
    ecumain.o(i.EXTI0_IRQHandler) refers to basicio.o(i.Set_GPIO_on) for Set_GPIO_on
    ecumain.o(i.EXTI0_IRQHandler) refers to basicio.o(i.LED_on) for LED_on
    ecumain.o(i.EXTI0_IRQHandler) refers to stm32f4xx_exti.o(i.EXTI_ClearITPendingBit) for EXTI_ClearITPendingBit
    ecumain.o(i.PrintOSerr) refers to basicio.o(i.print_string) for print_string
    ecumain.o(i.PrintOSerr) refers to basicio.o(i.print_hexbyte) for print_hexbyte
    ecumain.o(i.PrintOSerr) refers to bsp.o(i._getch) for _getch
    ecumain.o(i.StartUpTask) refers to os_cpu_c.o(i.OS_CPU_SysTickInit) for OS_CPU_SysTickInit
    ecumain.o(i.StartUpTask) refers to os_task.o(i.OSTaskCreate) for OSTaskCreate
    ecumain.o(i.StartUpTask) refers to os_task.o(i.OSTaskNameSet) for OSTaskNameSet
    ecumain.o(i.StartUpTask) refers to os_time.o(i.OSTimeDly) for OSTimeDly
    ecumain.o(i.StartUpTask) refers to ecumain.o(.bss) for .bss
    ecumain.o(i.StartUpTask) refers to ecumain.o(i.UserTask_CANMsgSend) for UserTask_CANMsgSend
    ecumain.o(i.StartUpTask) refers to ecumain.o(i.UserTask_CANMsgRec) for UserTask_CANMsgRec
    ecumain.o(i.StartUpTask) refers to ecumain.o(i.UserTask_LCDOutput) for UserTask_LCDOutput
    ecumain.o(i.StartUpTask) refers to ecumain.o(i.UserTask_SDwrite) for UserTask_SDwrite
    ecumain.o(i.StartUpTask) refers to ecumain.o(i.UserTask_TerminalOutput) for UserTask_TerminalOutput
    ecumain.o(i.StartUpTask) refers to os_core.o(.data) for OSCtxSwCtr
    ecumain.o(i.UserTask_CANMsgRec) refers to canlib.o(i.CAN_ReceiveMessage) for CAN_ReceiveMessage
    ecumain.o(i.UserTask_CANMsgRec) refers to canlib.o(i.CAN_ReceiveMotorParameters) for CAN_ReceiveMotorParameters
    ecumain.o(i.UserTask_CANMsgRec) refers to canlib.o(i.CAN_ReceiveBatteryParameters) for CAN_ReceiveBatteryParameters
    ecumain.o(i.UserTask_CANMsgRec) refers to os_time.o(i.OSTimeDly) for OSTimeDly
    ecumain.o(i.UserTask_CANMsgRec) refers to canlib.o(.bss) for CanRecMsg
    ecumain.o(i.UserTask_CANMsgRec) refers to ecumain.o(.bss) for .bss
    ecumain.o(i.UserTask_CANMsgSend) refers to basicio.o(i.LED_on) for LED_on
    ecumain.o(i.UserTask_CANMsgSend) refers to basicio.o(i.LED_off) for LED_off
    ecumain.o(i.UserTask_CANMsgSend) refers to adclib.o(i.Get_Potvalue) for Get_Potvalue
    ecumain.o(i.UserTask_CANMsgSend) refers to basicio.o(i.uint2str) for uint2str
    ecumain.o(i.UserTask_CANMsgSend) refers to canlib.o(i.CAN_FillThrottlemsg) for CAN_FillThrottlemsg
    ecumain.o(i.UserTask_CANMsgSend) refers to os_time.o(i.OSTimeDly) for OSTimeDly
    ecumain.o(i.UserTask_CANMsgSend) refers to ecumain.o(.data) for .data
    ecumain.o(i.UserTask_CANMsgSend) refers to canlib.o(.bss) for CanSendMsg
    ecumain.o(i.UserTask_LCDOutput) refers to lcdlib.o(i.LCD_Display_Measured_Values) for LCD_Display_Measured_Values
    ecumain.o(i.UserTask_LCDOutput) refers to os_time.o(i.OSTimeDly) for OSTimeDly
    ecumain.o(i.UserTask_SDwrite) refers to ff.o(i.f_mount) for f_mount
    ecumain.o(i.UserTask_SDwrite) refers to ff.o(i.f_open) for f_open
    ecumain.o(i.UserTask_SDwrite) refers to ff.o(i.f_puts) for f_puts
    ecumain.o(i.UserTask_SDwrite) refers to ff.o(i.f_lseek) for f_lseek
    ecumain.o(i.UserTask_SDwrite) refers to ff.o(i.f_printf) for f_printf
    ecumain.o(i.UserTask_SDwrite) refers to ff.o(i.f_close) for f_close
    ecumain.o(i.UserTask_SDwrite) refers to os_time.o(i.OSTimeDly) for OSTimeDly
    ecumain.o(i.UserTask_SDwrite) refers to ecumain.o(.data) for .data
    ecumain.o(i.UserTask_SDwrite) refers to ecumain.o(.bss) for .bss
    ecumain.o(i.UserTask_SDwrite) refers to ecumain.o(.conststring) for .conststring
    ecumain.o(i.UserTask_TerminalOutput) refers to basicio.o(i.print_string) for print_string
    ecumain.o(i.UserTask_TerminalOutput) refers to basicio.o(i.print_int) for print_int
    ecumain.o(i.UserTask_TerminalOutput) refers to basicio.o(i.print_uint) for print_uint
    ecumain.o(i.UserTask_TerminalOutput) refers to basicio.o(i.print_hex16) for print_hex16
[...]
    i.CAN_FillThrottlemsg                    0x080009e4   Section        0  canlib.o(i.CAN_FillThrottlemsg)
    i.CAN_FilterInit                         0x08000a3c   Section        0  stm32f4xx_can.o(i.CAN_FilterInit)
    i.CAN_Init                               0x08000b08   Section        0  stm32f4xx_can.o(i.CAN_Init)
    i.CAN_Receive                            0x08000bf0   Section        0  stm32f4xx_can.o(i.CAN_Receive)
    i.CAN_ReceiveBatteryParameters           0x08000c80   Section        0  canlib.o(i.CAN_ReceiveBatteryParameters)
    i.CAN_ReceiveMessage                     0x08000d18   Section        0  canlib.o(i.CAN_ReceiveMessage)
    i.CAN_ReceiveMotorParameters             0x08000d20   Section        0  canlib.o(i.CAN_ReceiveMotorParameters)
    i.CAN_StructInit                         0x08000e14   Section        0  stm32f4xx_can.o(i.CAN_StructInit)
    i.CAN_Transmit                           0x08000e34   Section        0  stm32f4xx_can.o(i.CAN_Transmit)
    i.EXTI0_IRQHandler                       0x08000ed8   Section        0  ecumain.o(i.EXTI0_IRQHandler)
    i.EXTI_ClearITPendingBit                 0x08000f04   Section        0  stm32f4xx_exti.o(i.EXTI_ClearITPendingBit)
    i.EXTI_GetITStatus                       0x08000f10   Section        0  stm32f4xx_exti.o(i.EXTI_GetITStatus)
    i.EXTI_Init                              0x08000f30   Section        0  stm32f4xx_exti.o(i.EXTI_Init)
    i.FSMC_NORSRAMCmd                        0x08000fa0   Section        0  stm32f4xx_fsmc.o(i.FSMC_NORSRAMCmd)
    i.FSMC_NORSRAMInit                       0x08000fc0   Section        0  stm32f4xx_fsmc.o(i.FSMC_NORSRAMInit)
    i.GPIO_Init                              0x08001088   Section        0  stm32f4xx_gpio.o(i.GPIO_Init)
    i.GPIO_PinAFConfig                       0x0800112a   Section        0  stm32f4xx_gpio.o(i.GPIO_PinAFConfig)
    i.GPIO_ResetBits                         0x0800114a   Section        0  stm32f4xx_gpio.o(i.GPIO_ResetBits)
    i.GPIO_SetBits                           0x0800114e   Section        0  stm32f4xx_gpio.o(i.GPIO_SetBits)
    i.Get_Potvalue                           0x08001154   Section        0  adclib.o(i.Get_Potvalue)
    i.Initialize_LCDStructure                0x08001178   Section        0  canlib.o(i.Initialize_LCDStructure)
    i.LCD_Clear                              0x080011a8   Section        0  stm32f4_discovery_lcd.o(i.LCD_Clear)
    i.LCD_CtrlLinesConfig                    0x080011d4   Section        0  stm32f4_discovery_lcd.o(i.LCD_CtrlLinesConfig)
    i.LCD_DisplayChar                        0x08001344   Section        0  stm32f4_discovery_lcd.o(i.LCD_DisplayChar)
    i.LCD_DisplayString_Col_Line_Align       0x08001364   Section        0  stm32f4_discovery_lcd.o(i.LCD_DisplayString_Col_Line_Align)
    i.LCD_DisplayString_Pos_Align            0x080013f0   Section        0  stm32f4_discovery_lcd.o(i.LCD_DisplayString_Pos_Align)
    i.LCD_Display_Measured_Values            0x08001458   Section        0  lcdlib.o(i.LCD_Display_Measured_Values)
    i.LCD_Display_Parameters                 0x08001694   Section        0  lcdlib.o(i.LCD_Display_Parameters)
    i.LCD_DrawChar                           0x08001850   Section        0  stm32f4_discovery_lcd.o(i.LCD_DrawChar)
    i.LCD_DrawFullRect                       0x080018f0   Section        0  stm32f4_discovery_lcd.o(i.LCD_DrawFullRect)
    i.LCD_DrawLine                           0x08001980   Section        0  stm32f4_discovery_lcd.o(i.LCD_DrawLine)
    i.LCD_DrawRect                           0x080019e4   Section        0  stm32f4_discovery_lcd.o(i.LCD_DrawRect)
    i.LCD_FSMCConfig                         0x08001a24   Section        0  stm32f4_discovery_lcd.o(i.LCD_FSMCConfig)
    i.LCD_Form_Str                           0x08001a7c   Section        0  stm32f4_discovery_lcd.o(i.LCD_Form_Str)
    i.LCD_Init                               0x08001ae8   Section        0  lcdlib.o(i.LCD_Init)
    i.LCD_ReadReg                            0x08001af8   Section        0  stm32f4_discovery_lcd.o(i.LCD_ReadReg)
    i.LCD_SSD1289_InitChip                   0x08001b08   Section        0  stm32f4_discovery_lcd.o(i.LCD_SSD1289_InitChip)
    i.LCD_SetColors                          0x08001ca8   Section        0  stm32f4_discovery_lcd.o(i.LCD_SetColors)
    i.LCD_SetCursor                          0x08001cc0   Section        0  stm32f4_discovery_lcd.o(i.LCD_SetCursor)
    i.LCD_SetFont                            0x08001cd8   Section        0  stm32f4_discovery_lcd.o(i.LCD_SetFont)
    i.LCD_WriteReg                           0x08001ce4   Section        0  stm32f4_discovery_lcd.o(i.LCD_WriteReg)
    i.LED_Configuration                      0x08001cf4   Section        0  peripheral_init.o(i.LED_Configuration)
    i.LED_off                                0x08001d14   Section        0  basicio.o(i.LED_off)
    i.LED_on                                 0x08001d18   Section        0  basicio.o(i.LED_on)
    i.NVIC_Init                              0x08001d1c   Section        0  misc.o(i.NVIC_Init)
    i.OSInit                                 0x08001d80   Section        0  os_core.o(i.OSInit)
    i.OSInitHookBegin                        0x08001e24   Section        0  os_cpu_c.o(i.OSInitHookBegin)
    i.OSInitHookEnd                          0x08001e44   Section        0  os_cpu_c.o(i.OSInitHookEnd)
    i.OSIntExit                              0x08001e48   Section        0  os_core.o(i.OSIntExit)
    i.OSStart                                0x08001e9c   Section        0  os_core.o(i.OSStart)
    i.OSTCBInitHook                          0x08001ecc   Section        0  os_cpu_c.o(i.OSTCBInitHook)
    i.OSTaskCreate                           0x08001ed0   Section        0  os_task.o(i.OSTaskCreate)
    i.OSTaskCreateHook                       0x08001f58   Section        0  os_cpu_c.o(i.OSTaskCreateHook)
    i.OSTaskIdleHook                         0x08001f5a   Section        0  os_cpu_c.o(i.OSTaskIdleHook)
    i.OSTaskNameSet                          0x08001f5c   Section        0  os_task.o(i.OSTaskNameSet)
    i.OSTaskReturnHook                       0x08001fb4   Section        0  os_cpu_c.o(i.OSTaskReturnHook)
    i.OSTaskStatHook                         0x08001fb6   Section        0  os_cpu_c.o(i.OSTaskStatHook)
    i.OSTaskStkInit                          0x08001fb8   Section        0  os_cpu_c.o(i.OSTaskStkInit)
    i.OSTaskSuspend                          0x08002030   Section        0  os_task.o(i.OSTaskSuspend)
    i.OSTaskSwHook                           0x080020b4   Section        0  os_cpu_c.o(i.OSTaskSwHook)
    i.OSTimeDly                              0x080020b8   Section        0  os_time.o(i.OSTimeDly)
    i.OSTimeTick                             0x08002118   Section        0  os_core.o(i.OSTimeTick)
    i.OSVersion                              0x0800217c   Section        0  os_core.o(i.OSVersion)
    i.OS_CPU_SysTickClkFreq                  0x08002182   Section        0  bsp.o(i.OS_CPU_SysTickClkFreq)
    i.OS_CPU_SysTickHandler                  0x08002188   Section        0  os_cpu_c.o(i.OS_CPU_SysTickHandler)
    i.OS_CPU_SysTickInit                     0x080021ac   Section        0  os_cpu_c.o(i.OS_CPU_SysTickInit)
    i.OS_InitTCBList                         0x080021d4   Section        0  os_core.o(i.OS_InitTCBList)
    OS_InitTCBList                           0x080021d5   Thumb Code    70  os_core.o(i.OS_InitTCBList)
    i.OS_MemClr                              0x0800222c   Section        0  os_core.o(i.OS_MemClr)
    i.OS_Sched                               0x08002240   Section        0  os_core.o(i.OS_Sched)
    i.OS_SchedNew                            0x08002284   Section        0  os_core.o(i.OS_SchedNew)
    OS_SchedNew                              0x08002285   Thumb Code    24  os_core.o(i.OS_SchedNew)
    i.OS_TCBInit                             0x080022a4   Section        0  os_core.o(i.OS_TCBInit)
    i.OS_TaskIdle                            0x08002360   Section        0  os_core.o(i.OS_TaskIdle)
    i.OS_TaskReturn                          0x0800237c   Section        0  os_task.o(i.OS_TaskReturn)
    i.OS_TaskStat                            0x08002390   Section        0  os_core.o(i.OS_TaskStat)
    i.Periph_Init                            0x080023f4   Section        0  peripheral_init.o(i.Periph_Init)
    i.RCC_AHB1PeriphClockCmd                 0x08002420   Section        0  stm32f4xx_rcc.o(i.RCC_AHB1PeriphClockCmd)
    i.RCC_AHB3PeriphClockCmd                 0x08002438   Section        0  stm32f4xx_rcc.o(i.RCC_AHB3PeriphClockCmd)
    i.RCC_APB1PeriphClockCmd                 0x08002450   Section        0  stm32f4xx_rcc.o(i.RCC_APB1PeriphClockCmd)
    i.RCC_APB1PeriphResetCmd                 0x08002468   Section        0  stm32f4xx_rcc.o(i.RCC_APB1PeriphResetCmd)
    i.RCC_APB2PeriphClockCmd                 0x08002480   Section        0  stm32f4xx_rcc.o(i.RCC_APB2PeriphClockCmd)
    i.RCC_APB2PeriphResetCmd                 0x08002498   Section        0  stm32f4xx_rcc.o(i.RCC_APB2PeriphResetCmd)
    i.RCC_GetClocksFreq                      0x080024b0   Section        0  stm32f4xx_rcc.o(i.RCC_GetClocksFreq)
    i.SD_Configuration                       0x08002540   Section        0  peripheral_init.o(i.SD_Configuration)
    i.SPI_Cmd                                0x0800266c   Section        0  stm32f4xx_spi.o(i.SPI_Cmd)
    i.SPI_I2S_GetFlagStatus                  0x08002680   Section        0  stm32f4xx_spi.o(i.SPI_I2S_GetFlagStatus)
    i.SPI_Init                               0x0800268e   Section        0  stm32f4xx_spi.o(i.SPI_Init)
    i.SPI_StructInit                         0x080026c6   Section        0  stm32f4xx_spi.o(i.SPI_StructInit)
    i.STM32f4_Discovery_LCD_Init             0x080026e0   Section        0  stm32f4_discovery_lcd.o(i.STM32f4_Discovery_LCD_Init)
    i.STM_EVAL_LEDInit                       0x08002740   Section        0  stm32f4_discovery.o(i.STM_EVAL_LEDInit)
    i.STM_EVAL_LEDOff                        0x08002788   Section        0  stm32f4_discovery.o(i.STM_EVAL_LEDOff)
    i.STM_EVAL_LEDOn                         0x080027a0   Section        0  stm32f4_discovery.o(i.STM_EVAL_LEDOn)
    i.SYSCFG_EXTILineConfig                  0x080027b8   Section        0  stm32f4xx_syscfg.o(i.SYSCFG_EXTILineConfig)
    i.SetSysClock                            0x080027e8   Section        0  system_stm32f4xx.o(i.SetSysClock)
    SetSysClock                              0x080027e9   Thumb Code   162  system_stm32f4xx.o(i.SetSysClock)
    i.Set_GPIO_on                            0x0800289c   Section        0  basicio.o(i.Set_GPIO_on)
    i.StartUpTask                            0x080028a0   Section        0  ecumain.o(i.StartUpTask)
    i.SystemInit                             0x080029c0   Section        0  system_stm32f4xx.o(i.SystemInit)
    i.TIM_Cmd                                0x08002a10   Section        0  stm32f4xx_tim.o(i.TIM_Cmd)
    i.TIM_GetCounter                         0x08002a24   Section        0  stm32f4xx_tim.o(i.TIM_GetCounter)
    i.TIM_SelectOnePulseMode                 0x08002a28   Section        0  stm32f4xx_tim.o(i.TIM_SelectOnePulseMode)
    i.TIM_SetCounter                         0x08002a38   Section        0  stm32f4xx_tim.o(i.TIM_SetCounter)
    i.TIM_TimeBaseInit                       0x08002a3c   Section        0  stm32f4xx_tim.o(i.TIM_TimeBaseInit)
    i.TM_FATFS_SD_disk_initialize            0x08002ab8   Section        0  fatfs_sd.o(i.TM_FATFS_SD_disk_initialize)
    i.TM_FATFS_SD_disk_ioctl                 0x08002b94   Section        0  fatfs_sd.o(i.TM_FATFS_SD_disk_ioctl)
    i.TM_FATFS_SD_disk_read                  0x08002d50   Section        0  fatfs_sd.o(i.TM_FATFS_SD_disk_read)
    i.TM_FATFS_SD_disk_status                0x08002dc8   Section        0  fatfs_sd.o(i.TM_FATFS_SD_disk_status)
    i.TM_FATFS_SD_disk_write                 0x08002ddc   Section        0  fatfs_sd.o(i.TM_FATFS_SD_disk_write)
    i.TM_SPI_ReadMulti                       0x08002e70   Section        0  sdlib.o(i.TM_SPI_ReadMulti)
    i.TM_SPI_Send                            0x08002e96   Section        0  sdlib.o(i.TM_SPI_Send)
    i.TM_SPI_WriteMulti                      0x08002ec6   Section        0  sdlib.o(i.TM_SPI_WriteMulti)
    i.Timer_Configuration                    0x08002ee8   Section        0  peripheral_init.o(i.Timer_Configuration)
    i.UI_Configuration                       0x08002f24   Section        0  peripheral_init.o(i.UI_Configuration)
    i.USART_Cmd                              0x08002fc8   Section        0  stm32f4xx_usart.o(i.USART_Cmd)
    i.USART_Configuration                    0x08002fdc   Section        0  peripheral_init.o(i.USART_Configuration)
    i.USART_Init                             0x08003080   Section        0  stm32f4xx_usart.o(i.USART_Init)
    i.USART_StructInit                       0x0800312c   Section        0  stm32f4xx_usart.o(i.USART_StructInit)
    i.UserTask_CANMsgRec                     0x08003144   Section        0  ecumain.o(i.UserTask_CANMsgRec)
    i.UserTask_CANMsgSend                    0x08003174   Section        0  ecumain.o(i.UserTask_CANMsgSend)
    i.UserTask_LCDOutput                     0x080031d8   Section        0  ecumain.o(i.UserTask_LCDOutput)
    i.UserTask_SDwrite                       0x080031e4   Section        0  ecumain.o(i.UserTask_SDwrite)
    i.UserTask_TerminalOutput                0x080033fc   Section        0  ecumain.o(i.UserTask_TerminalOutput)
    i.__scatterload_copy                     0x080035f8   Section       14  handlers.o(i.__scatterload_copy)
    i.__scatterload_null                     0x08003606   Section        2  handlers.o(i.__scatterload_null)
    i.__scatterload_zeroinit                 0x08003608   Section       14  handlers.o(i.__scatterload_zeroinit)
    i._putch                                 0x08003618   Section        0  bsp.o(i._putch)
    i.bin2ascii                              0x08003630   Section        0  basicio.o(i.bin2ascii)
    i.check_fs                               0x08003640   Section        0  ff.o(i.check_fs)
    check_fs                                 0x08003641   Thumb Code    86  ff.o(i.check_fs)
    i.chk_chr                                0x0800369c   Section        0  ff.o(i.chk_chr)
    chk_chr                                  0x0800369d   Thumb Code    16  ff.o(i.chk_chr)
    i.clust2sect                             0x080036ac   Section        0  ff.o(i.clust2sect)
    i.create_chain                           0x080036c4   Section        0  ff.o(i.create_chain)
    create_chain                             0x080036c5   Thumb Code   158  ff.o(i.create_chain)
    i.create_name                            0x08003764   Section        0  ff.o(i.create_name)
    create_name                              0x08003765   Thumb Code   244  ff.o(i.create_name)
    i.delay                                  0x0800386c   Section        0  stm32f4_discovery_lcd.o(i.delay)
    delay                                    0x0800386d   Thumb Code    24  stm32f4_discovery_lcd.o(i.delay)
    i.deselect                               0x08003884   Section        0  fatfs_sd.o(i.deselect)
    deselect                                 0x08003885   Thumb Code    12  fatfs_sd.o(i.deselect)
    i.dir_alloc                              0x08003894   Section        0  ff.o(i.dir_alloc)
    dir_alloc                                0x08003895   Thumb Code    66  ff.o(i.dir_alloc)
    i.dir_next                               0x080038d6   Section        0  ff.o(i.dir_next)
    dir_next                                 0x080038d7   Thumb Code   230  ff.o(i.dir_next)
    i.dir_register                           0x080039bc   Section        0  ff.o(i.dir_register)
    dir_register                             0x080039bd   Thumb Code    56  ff.o(i.dir_register)
    i.dir_sdi                                0x080039f4   Section        0  ff.o(i.dir_sdi)
    dir_sdi                                  0x080039f5   Thumb Code   126  ff.o(i.dir_sdi)
    i.disk_initialize                        0x08003a72   Section        0  diskio.o(i.disk_initialize)
    i.disk_ioctl                             0x08003a80   Section        0  diskio.o(i.disk_ioctl)
    i.disk_read                              0x08003a94   Section        0  diskio.o(i.disk_read)
    i.disk_status                            0x08003ab2   Section        0  diskio.o(i.disk_status)
    i.disk_write                             0x08003ac0   Section        0  diskio.o(i.disk_write)
    i.f_close                                0x08003ae2   Section        0  ff.o(i.f_close)
    i.f_lseek                                0x08003afe   Section        0  ff.o(i.f_lseek)
    i.f_mount                                0x08003c2c   Section        0  ff.o(i.f_mount)
    i.f_open                                 0x08003c78   Section        0  ff.o(i.f_open)
    i.f_printf                               0x08003db0   Section        0  ff.o(i.f_printf)
    i.f_puts                                 0x08003f98   Section        0  ff.o(i.f_puts)
    i.f_sync                                 0x08003fde   Section        0  ff.o(i.f_sync)
    i.f_write                                0x08004076   Section        0  ff.o(i.f_write)
    i.find_volume                            0x080041f4   Section        0  ff.o(i.find_volume)
    find_volume                              0x080041f5   Thumb Code   554  ff.o(i.find_volume)
    i.follow_path                            0x0800442c   Section        0  ff.o(i.follow_path)
    follow_path                              0x0800442d   Thumb Code   170  ff.o(i.follow_path)
    i.get_fat                                0x080044d6   Section        0  ff.o(i.get_fat)
    i.get_fattime                            0x0800458c   Section        0  diskio.o(i.get_fattime)
    i.get_ldnumber                           0x08004594   Section        0  ff.o(i.get_ldnumber)
    get_ldnumber                             0x08004595   Thumb Code    60  ff.o(i.get_ldnumber)
    i.ld_clust                               0x080045d0   Section        0  ff.o(i.ld_clust)
    ld_clust                                 0x080045d1   Thumb Code    18  ff.o(i.ld_clust)
    i.main                                   0x080045e4   Section        0  ecumain.o(i.main)
    i.mem_cpy                                0x0800468c   Section        0  ff.o(i.mem_cpy)
    mem_cpy                                  0x0800468d   Thumb Code    18  ff.o(i.mem_cpy)
    i.mem_set                                0x0800469e   Section        0  ff.o(i.mem_set)
    mem_set                                  0x0800469f   Thumb Code    14  ff.o(i.mem_set)
    i.move_window                            0x080046ac   Section        0  ff.o(i.move_window)
    move_window                              0x080046ad   Thumb Code    46  ff.o(i.move_window)
    i.print_hex16                            0x080046dc   Section        0  basicio.o(i.print_hex16)
    i.print_hexbyte                          0x080046fc   Section        0  basicio.o(i.print_hexbyte)
    i.print_int                              0x0800471a   Section        0  basicio.o(i.print_int)
    i.print_string                           0x08004738   Section        0  basicio.o(i.print_string)
    i.print_uint                             0x08004750   Section        0  basicio.o(i.print_uint)
    i.put_fat                                0x0800479c   Section        0  ff.o(i.put_fat)
    i.putc_bfd                               0x08004896   Section        0  ff.o(i.putc_bfd)
    putc_bfd                                 0x08004897   Thumb Code    70  ff.o(i.putc_bfd)
    i.rcvr_datablock                         0x080048dc   Section        0  fatfs_sd.o(i.rcvr_datablock)
    rcvr_datablock                           0x080048dd   Thumb Code    52  fatfs_sd.o(i.rcvr_datablock)
    i.remove_chain                           0x08004914   Section        0  ff.o(i.remove_chain)
    remove_chain                             0x08004915   Thumb Code    98  ff.o(i.remove_chain)
    i.select                                 0x08004978   Section        0  fatfs_sd.o(i.select)
    select                                   0x08004979   Thumb Code    36  fatfs_sd.o(i.select)
    i.send_cmd                               0x080049a0   Section        0  fatfs_sd.o(i.send_cmd)
    send_cmd                                 0x080049a1   Thumb Code   134  fatfs_sd.o(i.send_cmd)
    i.st_clust                               0x08004a26   Section        0  ff.o(i.st_clust)
    st_clust                                 0x08004a27   Thumb Code    16  ff.o(i.st_clust)
    i.sync_fs                                0x08004a36   Section        0  ff.o(i.sync_fs)
    sync_fs                                  0x08004a37   Thumb Code   176  ff.o(i.sync_fs)
    i.sync_window                            0x08004ae6   Section        0  ff.o(i.sync_window)
    sync_window                              0x08004ae7   Thumb Code    80  ff.o(i.sync_window)
    i.uint2str                               0x08004b38   Section        0  basicio.o(i.uint2str)
    i.validate                               0x08004b98   Section        0  ff.o(i.validate)
    validate                                 0x08004b99   Thumb Code    38  ff.o(i.validate)
    i.wait_ready                             0x08004bc0   Section        0  fatfs_sd.o(i.wait_ready)
    wait_ready                               0x08004bc1   Thumb Code    58  fatfs_sd.o(i.wait_ready)
    i.xchg_spi                               0x08004c00   Section        0  fatfs_sd.o(i.xchg_spi)
    xchg_spi                                 0x08004c01   Thumb Code     8  fatfs_sd.o(i.xchg_spi)
    i.xmit_datablock                         0x08004c0c   Section        0  fatfs_sd.o(i.xmit_datablock)
    xmit_datablock                           0x08004c0d   Thumb Code    74  fatfs_sd.o(i.xmit_datablock)
    .constdata                               0x08004c5c   Section      256  os_core.o(.constdata)
    .constdata                               0x08004d5c   Section       80  basicio.o(.constdata)
    .constdata                               0x08004dac   Section       36  stm32f4_discovery.o(.constdata)
    .constdata                               0x08004dd0   Section    10260  fonts.o(.constdata)
    .constdata                               0x080075e4   Section     7220  fonts.o(.constdata)
    .constdata                               0x08009218   Section     5700  fonts.o(.constdata)
    .constdata                               0x0800a85c   Section      128  ff.o(.constdata)
    ExCvt                                    0x0800a85c   Data         128  ff.o(.constdata)
    .conststring                             0x0800a8dc   Section      764  ecumain.o(.conststring)
    .data                                    0x20000000   Section       13  ecumain.o(.data)
    .data                                    0x20000010   Section        4  os_cpu_c.o(.data)
    .data                                    0x20000014   Section       52  os_core.o(.data)
    .data                                    0x20000048   Section       16  stm32f4xx_rcc.o(.data)
    APBAHBPrescTable                         0x20000048   Data          16  stm32f4xx_rcc.o(.data)
    .data                                    0x20000058   Section       20  stm32f4_discovery.o(.data)
    .data                                    0x2000006c   Section       13  stm32f4_discovery_lcd.o(.data)
    TextColor                                0x2000006c   Data           2  stm32f4_discovery_lcd.o(.data)
    BackColor                                0x2000006e   Data           2  stm32f4_discovery_lcd.o(.data)
    LCD_Currentfonts                         0x20000070   Data           4  stm32f4_discovery_lcd.o(.data)
    retptr                                   0x20000074   Data           5  stm32f4_discovery_lcd.o(.data)
    .data                                    0x2000007c   Section        8  fonts.o(.data)
    .data                                    0x20000084   Section        8  fonts.o(.data)
    .data                                    0x2000008c   Section        8  fonts.o(.data)
    .data                                    0x20000094   Section       12  lcdlib.o(.data)
    charge_state_hist                        0x20000098   Data           4  lcdlib.o(.data)
    throttle_state_hist                      0x2000009c   Data           4  lcdlib.o(.data)
    .data                                    0x200000a0   Section       12  ff.o(.data)
    Fsid                                     0x200000a0   Data           2  ff.o(.data)
    FatFs                                    0x200000a4   Data           8  ff.o(.data)
    .data                                    0x200000ac   Section        3  fatfs_sd.o(.data)
    TM_FATFS_SD_Stat                         0x200000ac   Data           1  fatfs_sd.o(.data)
    TM_FATFS_SD_CardType                     0x200000ad   Data           1  fatfs_sd.o(.data)
    .bss                                     0x200000b0   Section     4232  ecumain.o(.bss)
    .bss                                     0x20001138   Section      512  os_cpu_c.o(.bss)
    .bss                                     0x20001338   Section     1664  os_core.o(.bss)
    .bss                                     0x200019b8   Section       20  canlib.o(.bss)
    .bss                                     0x200019cc   Section       20  canlib.o(.bss)
    .bss                                     0x200019e0   Section       56  canlib.o(.bss)
    STACK                                    0x20001a18   Section     1024  startup_stm32f4xx.o(STACK)

    Global Symbols

    Symbol Name                              Value     Ov Type        Size  Object(Section)

    BuildAttributes$$THM_ISAv4$E$P$D$K$B$S$7EM$PE$A:L22UL41UL21$X:L11$S22US41US21$IEEE1$IW$USESV6$~STKCKD$USESV7$~SHL$OTIME$ROPI$EBA8$MICROLIB$REQ8$PRES8$EABIv2 0x00000000   Number         0  anon$$obj.o ABSOLUTE
    __ARM_use_no_argv                        0x00000000   Number         0  ecumain.o ABSOLUTE
    __cpp_initialize__aeabi_                  - Undefined Weak Reference
    __cxa_finalize                            - Undefined Weak Reference
    __decompress                              - Undefined Weak Reference
    _clock_init                               - Undefined Weak Reference
    _microlib_exit                            - Undefined Weak Reference
    __Vectors_Size                           0x00000188   Number         0  startup_stm32f4xx.o ABSOLUTE
    __Vectors                                0x08000000   Data           4  startup_stm32f4xx.o(RESET)
    __Vectors_End                            0x08000188   Data           0  startup_stm32f4xx.o(RESET)
    __main                                   0x08000189   Thumb Code     0  entry.o(.ARM.Collect$$$$00000000)
    _main_stk                                0x08000189   Thumb Code     0  entry2.o(.ARM.Collect$$$$00000001)
    _main_scatterload                        0x0800018d   Thumb Code     0  entry5.o(.ARM.Collect$$$$00000004)
    __main_after_scatterload                 0x08000191   Thumb Code     0  entry5.o(.ARM.Collect$$$$00000004)
    _main_clock                              0x08000191   Thumb Code     0  entry7b.o(.ARM.Collect$$$$00000008)
    _main_cpp_init                           0x08000191   Thumb Code     0  entry8b.o(.ARM.Collect$$$$0000000A)
    _main_init                               0x08000191   Thumb Code     0  entry9a.o(.ARM.Collect$$$$0000000B)
    __rt_final_cpp                           0x08000199   Thumb Code     0  entry10a.o(.ARM.Collect$$$$0000000D)
    __rt_final_exit                          0x08000199   Thumb Code     0  entry11a.o(.ARM.Collect$$$$0000000F)
    Reset_Handler                            0x0800019d   Thumb Code     8  startup_stm32f4xx.o(.text)
    NMI_Handler                              0x080001a5   Thumb Code     2  startup_stm32f4xx.o(.text)
    HardFault_Handler                        0x080001a7   Thumb Code     2  startup_stm32f4xx.o(.text)
    MemManage_Handler                        0x080001a9   Thumb Code     2  startup_stm32f4xx.o(.text)
    BusFault_Handler                         0x080001ab   Thumb Code     2  startup_stm32f4xx.o(.text)
    UsageFault_Handler                       0x080001ad   Thumb Code     2  startup_stm32f4xx.o(.text)
    SVC_Handler                              0x080001af   Thumb Code     2  startup_stm32f4xx.o(.text)
    DebugMon_Handler                         0x080001b1   Thumb Code     2  startup_stm32f4xx.o(.text)
    ADC_IRQHandler                           0x080001b7   Thumb Code     0  startup_stm32f4xx.o(.text)
    CAN1_RX0_IRQHandler                      0x080001b7   Thumb Code     0  startup_stm32f4xx.o(.text)
    CAN1_RX1_IRQHandler                      0x080001b7   Thumb Code     0  startup_stm32f4xx.o(.text)
    CAN1_SCE_IRQHandler                      0x080001b7   Thumb Code     0  startup_stm32f4xx.o(.text)
    CAN1_TX_IRQHandler                       0x080001b7   Thumb Code     0  startup_stm32f4xx.o(.text)
    CAN2_RX0_IRQHandler                      0x080001b7   Thumb Code     0  startup_stm32f4xx.o(.text)
    CAN2_RX1_IRQHandler                      0x080001b7   Thumb Code     0  startup_stm32f4xx.o(.text)
    CAN2_SCE_IRQHandler                      0x080001b7   Thumb Code     0  startup_stm32f4xx.o(.text)
    CAN2_TX_IRQHandler                       0x080001b7   Thumb Code     0  startup_stm32f4xx.o(.text)
    CRYP_IRQHandler                          0x080001b7   Thumb Code     0  startup_stm32f4xx.o(.text)
    DCMI_IRQHandler                          0x080001b7   Thumb Code     0  startup_stm32f4xx.o(.text)
    DMA1_Stream0_IRQHandler                  0x080001b7   Thumb Code     0  startup_stm32f4xx.o(.text)
    DMA1_Stream1_IRQHandler                  0x080001b7   Thumb Code     0  startup_stm32f4xx.o(.text)
    DMA1_Stream2_IRQHandler                  0x080001b7   Thumb Code     0  startup_stm32f4xx.o(.text)
    DMA1_Stream3_IRQHandler                  0x080001b7   Thumb Code     0  startup_stm32f4xx.o(.text)
    DMA1_Stream4_IRQHandler                  0x080001b7   Thumb Code     0  startup_stm32f4xx.o(.text)
    DMA1_Stream5_IRQHandler                  0x080001b7   Thumb Code     0  startup_stm32f4xx.o(.text)
    DMA1_Stream6_IRQHandler                  0x080001b7   Thumb Code     0  startup_stm32f4xx.o(.text)
    DMA1_Stream7_IRQHandler                  0x080001b7   Thumb Code     0  startup_stm32f4xx.o(.text)
    DMA2_Stream0_IRQHandler                  0x080001b7   Thumb Code     0  startup_stm32f4xx.o(.text)
    DMA2_Stream1_IRQHandler                  0x080001b7   Thumb Code     0  startup_stm32f4xx.o(.text)
    DMA2_Stream2_IRQHandler                  0x080001b7   Thumb Code     0  startup_stm32f4xx.o(.text)
    DMA2_Stream3_IRQHandler                  0x080001b7   Thumb Code     0  startup_stm32f4xx.o(.text)
    DMA2_Stream4_IRQHandler                  0x080001b7   Thumb Code     0  startup_stm32f4xx.o(.text)
    DMA2_Stream5_IRQHandler                  0x080001b7   Thumb Code     0  startup_stm32f4xx.o(.text)
    DMA2_Stream6_IRQHandler                  0x080001b7   Thumb Code     0  startup_stm32f4xx.o(.text)
    DMA2_Stream7_IRQHandler                  0x080001b7   Thumb Code     0  startup_stm32f4xx.o(.text)
    ETH_IRQHandler                           0x080001b7   Thumb Code     0  startup_stm32f4xx.o(.text)
    ETH_WKUP_IRQHandler                      0x080001b7   Thumb Code     0  startup_stm32f4xx.o(.text)
    EXTI15_10_IRQHandler                     0x080001b7   Thumb Code     0  startup_stm32f4xx.o(.text)
    EXTI1_IRQHandler                         0x080001b7   Thumb Code     0  startup_stm32f4xx.o(.text)
    EXTI2_IRQHandler                         0x080001b7   Thumb Code     0  startup_stm32f4xx.o(.text)
    EXTI3_IRQHandler                         0x080001b7   Thumb Code     0  startup_stm32f4xx.o(.text)
    EXTI4_IRQHandler                         0x080001b7   Thumb Code     0  startup_stm32f4xx.o(.text)
    EXTI9_5_IRQHandler                       0x080001b7   Thumb Code     0  startup_stm32f4xx.o(.text)
    FLASH_IRQHandler                         0x080001b7   Thumb Code     0  startup_stm32f4xx.o(.text)
    FPU_IRQHandler                           0x080001b7   Thumb Code     0  startup_stm32f4xx.o(.text)
    FSMC_IRQHandler                          0x080001b7   Thumb Code     0  startup_stm32f4xx.o(.text)
    HASH_RNG_IRQHandler                      0x080001b7   Thumb Code     0  startup_stm32f4xx.o(.text)
    I2C1_ER_IRQHandler                       0x080001b7   Thumb Code     0  startup_stm32f4xx.o(.text)
    I2C1_EV_IRQHandler                       0x080001b7   Thumb Code     0  startup_stm32f4xx.o(.text)
    I2C2_ER_IRQHandler                       0x080001b7   Thumb Code     0  startup_stm32f4xx.o(.text)
    I2C2_EV_IRQHandler                       0x080001b7   Thumb Code     0  startup_stm32f4xx.o(.text)
    I2C3_ER_IRQHandler                       0x080001b7   Thumb Code     0  startup_stm32f4xx.o(.text)
    I2C3_EV_IRQHandler                       0x080001b7   Thumb Code     0  startup_stm32f4xx.o(.text)
    OTG_FS_IRQHandler                        0x080001b7   Thumb Code     0  startup_stm32f4xx.o(.text)
    OTG_FS_WKUP_IRQHandler                   0x080001b7   Thumb Code     0  startup_stm32f4xx.o(.text)
    OTG_HS_EP1_IN_IRQHandler                 0x080001b7   Thumb Code     0  startup_stm32f4xx.o(.text)
    OTG_HS_EP1_OUT_IRQHandler                0x080001b7   Thumb Code     0  startup_stm32f4xx.o(.text)
    OTG_HS_IRQHandler                        0x080001b7   Thumb Code     0  startup_stm32f4xx.o(.text)
    OTG_HS_WKUP_IRQHandler                   0x080001b7   Thumb Code     0  startup_stm32f4xx.o(.text)
    PVD_IRQHandler                           0x080001b7   Thumb Code     0  startup_stm32f4xx.o(.text)
    RCC_IRQHandler                           0x080001b7   Thumb Code     0  startup_stm32f4xx.o(.text)
    RTC_Alarm_IRQHandler                     0x080001b7   Thumb Code     0  startup_stm32f4xx.o(.text)
    RTC_WKUP_IRQHandler                      0x080001b7   Thumb Code     0  startup_stm32f4xx.o(.text)
    SDIO_IRQHandler                          0x080001b7   Thumb Code     0  startup_stm32f4xx.o(.text)
    SPI1_IRQHandler                          0x080001b7   Thumb Code     0  startup_stm32f4xx.o(.text)
    SPI2_IRQHandler                          0x080001b7   Thumb Code     0  startup_stm32f4xx.o(.text)
    SPI3_IRQHandler                          0x080001b7   Thumb Code     0  startup_stm32f4xx.o(.text)
    TAMP_STAMP_IRQHandler                    0x080001b7   Thumb Code     0  startup_stm32f4xx.o(.text)
    TIM1_BRK_TIM9_IRQHandler                 0x080001b7   Thumb Code     0  startup_stm32f4xx.o(.text)
    TIM1_CC_IRQHandler                       0x080001b7   Thumb Code     0  startup_stm32f4xx.o(.text)
    TIM1_TRG_COM_TIM11_IRQHandler            0x080001b7   Thumb Code     0  startup_stm32f4xx.o(.text)
    TIM1_UP_TIM10_IRQHandler                 0x080001b7   Thumb Code     0  startup_stm32f4xx.o(.text)
    TIM2_IRQHandler                          0x080001b7   Thumb Code     0  startup_stm32f4xx.o(.text)
    TIM3_IRQHandler                          0x080001b7   Thumb Code     0  startup_stm32f4xx.o(.text)
    TIM4_IRQHandler                          0x080001b7   Thumb Code     0  startup_stm32f4xx.o(.text)
    TIM5_IRQHandler                          0x080001b7   Thumb Code     0  startup_stm32f4xx.o(.text)
    TIM6_DAC_IRQHandler                      0x080001b7   Thumb Code     0  startup_stm32f4xx.o(.text)
    TIM7_IRQHandler                          0x080001b7   Thumb Code     0  startup_stm32f4xx.o(.text)
    TIM8_BRK_TIM12_IRQHandler                0x080001b7   Thumb Code     0  startup_stm32f4xx.o(.text)
    TIM8_CC_IRQHandler                       0x080001b7   Thumb Code     0  startup_stm32f4xx.o(.text)
    TIM8_TRG_COM_TIM14_IRQHandler            0x080001b7   Thumb Code     0  startup_stm32f4xx.o(.text)
    TIM8_UP_TIM13_IRQHandler                 0x080001b7   Thumb Code     0  startup_stm32f4xx.o(.text)
    UART4_IRQHandler                         0x080001b7   Thumb Code     0  startup_stm32f4xx.o(.text)
    UART5_IRQHandler                         0x080001b7   Thumb Code     0  startup_stm32f4xx.o(.text)
    USART1_IRQHandler                        0x080001b7   Thumb Code     0  startup_stm32f4xx.o(.text)
    USART2_IRQHandler                        0x080001b7   Thumb Code     0  startup_stm32f4xx.o(.text)
    USART3_IRQHandler                        0x080001b7   Thumb Code     0  startup_stm32f4xx.o(.text)
    USART6_IRQHandler                        0x080001b7   Thumb Code     0  startup_stm32f4xx.o(.text)
    WWDG_IRQHandler                          0x080001b7   Thumb Code     0  startup_stm32f4xx.o(.text)
    OS_CPU_SR_Save                           0x080001c1   Thumb Code     0  os_cpu_a.o(.text)
    OS_CPU_SR_Restore                        0x080001c9   Thumb Code     0  os_cpu_a.o(.text)
    OSStartHighRdy                           0x080001cf   Thumb Code     0  os_cpu_a.o(.text)
    OSCtxSw                                  0x080001ef   Thumb Code     0  os_cpu_a.o(.text)
    OSIntCtxSw                               0x080001f9   Thumb Code     0  os_cpu_a.o(.text)
    OS_CPU_PendSVHandler                     0x08000203   Thumb Code     0  os_cpu_a.o(.text)
    __aeabi_memcpy                           0x08000265   Thumb Code    36  memcpya.o(.text)
    __aeabi_memcpy4                          0x08000265   Thumb Code     0  memcpya.o(.text)
    __aeabi_memcpy8                          0x08000265   Thumb Code     0  memcpya.o(.text)
    strlen                                   0x08000289   Thumb Code    14  strlen.o(.text)
    __aeabi_fadd                             0x08000297   Thumb Code   164  fadd.o(.text)
    __aeabi_fsub                             0x0800033b   Thumb Code     6  fadd.o(.text)
    __aeabi_frsub                            0x08000341   Thumb Code     6  fadd.o(.text)
    __aeabi_fmul                             0x08000347   Thumb Code   100  fmul.o(.text)
    __aeabi_fdiv                             0x080003ab   Thumb Code   124  fdiv.o(.text)
    __ARM_scalbnf                            0x08000427   Thumb Code    24  fscalb.o(.text)
    scalbnf                                  0x08000427   Thumb Code     0  fscalb.o(.text)
    __aeabi_ddiv                             0x0800043f   Thumb Code   222  ddiv.o(.text)
    __aeabi_ui2f                             0x0800051d   Thumb Code    10  ffltui.o(.text)
    __aeabi_ui2d                             0x08000527   Thumb Code    26  dfltui.o(.text)
    __aeabi_f2uiz                            0x08000541   Thumb Code    40  ffixui.o(.text)
    __aeabi_d2uiz                            0x08000569   Thumb Code    50  dfixui.o(.text)
    __aeabi_cfcmpeq                          0x0800059d   Thumb Code     0  cfcmple.o(.text)
    __aeabi_cfcmple                          0x0800059d   Thumb Code    20  cfcmple.o(.text)
    __aeabi_cfrcmple                         0x080005b1   Thumb Code    20  cfrcmple.o(.text)
    __aeabi_llsr                             0x080005c5   Thumb Code    32  llushr.o(.text)
    _ll_ushift_r                             0x080005c5   Thumb Code     0  llushr.o(.text)
    __I$use$fp                               0x080005e5   Thumb Code     0  iusefp.o(.text)
    _float_round                             0x080005e5   Thumb Code    18  fepilogue.o(.text)
    _float_epilogue                          0x080005f7   Thumb Code    92  fepilogue.o(.text)
    _double_round                            0x08000653   Thumb Code    26  depilogue.o(.text)
    _double_epilogue                         0x0800066d   Thumb Code   156  depilogue.o(.text)
    __scatterload                            0x08000709   Thumb Code    28  init.o(.text)
    __scatterload_rt2                        0x08000709   Thumb Code     0  init.o(.text)
    __aeabi_llsl                             0x0800072d   Thumb Code    30  llshl.o(.text)
    _ll_shift_l                              0x0800072d   Thumb Code     0  llshl.o(.text)
    ADC_Cmd                                  0x0800074b   Thumb Code    20  stm32f4xx_adc.o(i.ADC_Cmd)
    ADC_Configuration                        0x08000761   Thumb Code   106  peripheral_init.o(i.ADC_Configuration)
    ADC_DeInit                               0x080007d5   Thumb Code    24  stm32f4xx_adc.o(i.ADC_DeInit)
    ADC_GetConversionValue                   0x080007ed   Thumb Code     6  stm32f4xx_adc.o(i.ADC_GetConversionValue)
    ADC_GetFlagStatus                        0x080007f3   Thumb Code    14  stm32f4xx_adc.o(i.ADC_GetFlagStatus)
    ADC_Init                                 0x08000801   Thumb Code    66  stm32f4xx_adc.o(i.ADC_Init)
    ADC_RegularChannelConfig                 0x0800084d   Thumb Code   116  stm32f4xx_adc.o(i.ADC_RegularChannelConfig)
    ADC_SoftwareStartConv                    0x080008c1   Thumb Code    10  stm32f4xx_adc.o(i.ADC_SoftwareStartConv)
    ADC_StructInit                           0x080008cb   Thumb Code    20  stm32f4xx_adc.o(i.ADC_StructInit)
    BSP_CPU_ClkFreq                          0x080008df   Thumb Code    14  bsp.o(i.BSP_CPU_ClkFreq)
    CAN_Configuration                        0x080008ed   Thumb Code   194  peripheral_init.o(i.CAN_Configuration)
    CAN_DeInit                               0x080009b9   Thumb Code    38  stm32f4xx_can.o(i.CAN_DeInit)
    CAN_FillThrottlemsg                      0x080009e5   Thumb Code    78  canlib.o(i.CAN_FillThrottlemsg)
    CAN_FilterInit                           0x08000a3d   Thumb Code   194  stm32f4xx_can.o(i.CAN_FilterInit)
    CAN_Init                                 0x08000b09   Thumb Code   232  stm32f4xx_can.o(i.CAN_Init)
    CAN_Receive                              0x08000bf1   Thumb Code   144  stm32f4xx_can.o(i.CAN_Receive)
    CAN_ReceiveBatteryParameters             0x08000c81   Thumb Code   138  canlib.o(i.CAN_ReceiveBatteryParameters)
    CAN_ReceiveMessage                       0x08000d19   Thumb Code     8  canlib.o(i.CAN_ReceiveMessage)
    CAN_ReceiveMotorParameters               0x08000d21   Thumb Code   226  canlib.o(i.CAN_ReceiveMotorParameters)
    CAN_StructInit                           0x08000e15   Thumb Code    32  stm32f4xx_can.o(i.CAN_StructInit)
    CAN_Transmit                             0x08000e35   Thumb Code   164  stm32f4xx_can.o(i.CAN_Transmit)
    EXTI0_IRQHandler                         0x08000ed9   Thumb Code    38  ecumain.o(i.EXTI0_IRQHandler)
    EXTI_ClearITPendingBit                   0x08000f05   Thumb Code     6  stm32f4xx_exti.o(i.EXTI_ClearITPendingBit)
    EXTI_GetITStatus                         0x08000f11   Thumb Code    28  stm32f4xx_exti.o(i.EXTI_GetITStatus)
    EXTI_Init                                0x08000f31   Thumb Code   108  stm32f4xx_exti.o(i.EXTI_Init)
    FSMC_NORSRAMCmd                          0x08000fa1   Thumb Code    26  stm32f4xx_fsmc.o(i.FSMC_NORSRAMCmd)
    FSMC_NORSRAMInit                         0x08000fc1   Thumb Code   200  stm32f4xx_fsmc.o(i.FSMC_NORSRAMInit)
    GPIO_Init                                0x08001089   Thumb Code   162  stm32f4xx_gpio.o(i.GPIO_Init)
    GPIO_PinAFConfig                         0x0800112b   Thumb Code    32  stm32f4xx_gpio.o(i.GPIO_PinAFConfig)
    GPIO_ResetBits                           0x0800114b   Thumb Code     4  stm32f4xx_gpio.o(i.GPIO_ResetBits)
    GPIO_SetBits                             0x0800114f   Thumb Code     4  stm32f4xx_gpio.o(i.GPIO_SetBits)
    Get_Potvalue                             0x08001155   Thumb Code    32  adclib.o(i.Get_Potvalue)
    Initialize_LCDStructure                  0x08001179   Thumb Code    44  canlib.o(i.Initialize_LCDStructure)
    LCD_Clear                                0x080011a9   Thumb Code    38  stm32f4_discovery_lcd.o(i.LCD_Clear)
    LCD_CtrlLinesConfig                      0x080011d5   Thumb Code   358  stm32f4_discovery_lcd.o(i.LCD_CtrlLinesConfig)
    LCD_DisplayChar                          0x08001345   Thumb Code    26  stm32f4_discovery_lcd.o(i.LCD_DisplayChar)
    LCD_DisplayString_Col_Line_Align         0x08001365   Thumb Code   136  stm32f4_discovery_lcd.o(i.LCD_DisplayString_Col_Line_Align)
    LCD_DisplayString_Pos_Align              0x080013f1   Thumb Code    98  stm32f4_discovery_lcd.o(i.LCD_DisplayString_Pos_Align)
    LCD_Display_Measured_Values              0x08001459   Thumb Code   518  lcdlib.o(i.LCD_Display_Measured_Values)
    LCD_Display_Parameters                   0x08001695   Thumb Code   372  lcdlib.o(i.LCD_Display_Parameters)
    LCD_DrawChar                             0x08001851   Thumb Code   150  stm32f4_discovery_lcd.o(i.LCD_DrawChar)
    LCD_DrawFullRect                         0x080018f1   Thumb Code   138  stm32f4_discovery_lcd.o(i.LCD_DrawFullRect)
    LCD_DrawLine                             0x08001981   Thumb Code    90  stm32f4_discovery_lcd.o(i.LCD_DrawLine)
    LCD_DrawRect                             0x080019e5   Thumb Code    64  stm32f4_discovery_lcd.o(i.LCD_DrawRect)
    LCD_FSMCConfig                           0x08001a25   Thumb Code    86  stm32f4_discovery_lcd.o(i.LCD_FSMCConfig)
    LCD_Form_Str                             0x08001a7d   Thumb Code    94  stm32f4_discovery_lcd.o(i.LCD_Form_Str)
    LCD_Init                                 0x08001ae9   Thumb Code    14  lcdlib.o(i.LCD_Init)
    LCD_ReadReg                              0x08001af9   Thumb Code    12  stm32f4_discovery_lcd.o(i.LCD_ReadReg)
    LCD_SSD1289_InitChip                     0x08001b09   Thumb Code   416  stm32f4_discovery_lcd.o(i.LCD_SSD1289_InitChip)
    LCD_SetColors                            0x08001ca9   Thumb Code    18  stm32f4_discovery_lcd.o(i.LCD_SetColors)
    LCD_SetCursor                            0x08001cc1   Thumb Code    22  stm32f4_discovery_lcd.o(i.LCD_SetCursor)
    LCD_SetFont                              0x08001cd9   Thumb Code     6  stm32f4_discovery_lcd.o(i.LCD_SetFont)
    LCD_WriteReg                             0x08001ce5   Thumb Code    12  stm32f4_discovery_lcd.o(i.LCD_WriteReg)
    LED_Configuration                        0x08001cf5   Thumb Code    32  peripheral_init.o(i.LED_Configuration)
    LED_off                                  0x08001d15   Thumb Code     4  basicio.o(i.LED_off)
    LED_on                                   0x08001d19   Thumb Code     4  basicio.o(i.LED_on)
    NVIC_Init                                0x08001d1d   Thumb Code    96  misc.o(i.NVIC_Init)
    OSInit                                   0x08001d81   Thumb Code   110  os_core.o(i.OSInit)
    OSInitHookBegin                          0x08001e25   Thumb Code    20  os_cpu_c.o(i.OSInitHookBegin)
    OSInitHookEnd                            0x08001e45   Thumb Code     2  os_cpu_c.o(i.OSInitHookEnd)
    OSIntExit                                0x08001e49   Thumb Code    76  os_core.o(i.OSIntExit)
    OSStart                                  0x08001e9d   Thumb Code    38  os_core.o(i.OSStart)
    OSTCBInitHook                            0x08001ecd   Thumb Code     2  os_cpu_c.o(i.OSTCBInitHook)
    OSTaskCreate                             0x08001ed1   Thumb Code   124  os_task.o(i.OSTaskCreate)
    OSTaskCreateHook                         0x08001f59   Thumb Code     2  os_cpu_c.o(i.OSTaskCreateHook)
    OSTaskIdleHook                           0x08001f5b   Thumb Code     2  os_cpu_c.o(i.OSTaskIdleHook)
    OSTaskNameSet                            0x08001f5d   Thumb Code    74  os_task.o(i.OSTaskNameSet)
    OSTaskReturnHook                         0x08001fb5   Thumb Code     2  os_cpu_c.o(i.OSTaskReturnHook)
    OSTaskStatHook                           0x08001fb7   Thumb Code     2  os_cpu_c.o(i.OSTaskStatHook)
    OSTaskStkInit                            0x08001fb9   Thumb Code   114  os_cpu_c.o(i.OSTaskStkInit)
    OSTaskSuspend                            0x08002031   Thumb Code   116  os_task.o(i.OSTaskSuspend)
    OSTaskSwHook                             0x080020b5   Thumb Code     2  os_cpu_c.o(i.OSTaskSwHook)
    OSTimeDly                                0x080020b9   Thumb Code    76  os_time.o(i.OSTimeDly)
    OSTimeTick                               0x08002119   Thumb Code    94  os_core.o(i.OSTimeTick)
    OSVersion                                0x0800217d   Thumb Code     6  os_core.o(i.OSVersion)
    OS_CPU_SysTickClkFreq                    0x08002183   Thumb Code     4  bsp.o(i.OS_CPU_SysTickClkFreq)
    OS_CPU_SysTickHandler                    0x08002189   Thumb Code    30  os_cpu_c.o(i.OS_CPU_SysTickHandler)
    OS_CPU_SysTickInit                       0x080021ad   Thumb Code    38  os_cpu_c.o(i.OS_CPU_SysTickInit)
    OS_MemClr                                0x0800222d   Thumb Code    18  os_core.o(i.OS_MemClr)
    OS_Sched                                 0x08002241   Thumb Code    58  os_core.o(i.OS_Sched)
    OS_TCBInit                               0x080022a5   Thumb Code   174  os_core.o(i.OS_TCBInit)
    OS_TaskIdle                              0x08002361   Thumb Code    24  os_core.o(i.OS_TaskIdle)
    OS_TaskReturn                            0x0800237d   Thumb Code    16  os_task.o(i.OS_TaskReturn)
    OS_TaskStat                              0x08002391   Thumb Code    96  os_core.o(i.OS_TaskStat)
    Periph_Init                              0x080023f5   Thumb Code    42  peripheral_init.o(i.Periph_Init)
    RCC_AHB1PeriphClockCmd                   0x08002421   Thumb Code    18  stm32f4xx_rcc.o(i.RCC_AHB1PeriphClockCmd)
    RCC_AHB3PeriphClockCmd                   0x08002439   Thumb Code    18  stm32f4xx_rcc.o(i.RCC_AHB3PeriphClockCmd)
    RCC_APB1PeriphClockCmd                   0x08002451   Thumb Code    18  stm32f4xx_rcc.o(i.RCC_APB1PeriphClockCmd)
    RCC_APB1PeriphResetCmd                   0x08002469   Thumb Code    18  stm32f4xx_rcc.o(i.RCC_APB1PeriphResetCmd)
    RCC_APB2PeriphClockCmd                   0x08002481   Thumb Code    18  stm32f4xx_rcc.o(i.RCC_APB2PeriphClockCmd)
    RCC_APB2PeriphResetCmd                   0x08002499   Thumb Code    18  stm32f4xx_rcc.o(i.RCC_APB2PeriphResetCmd)
    RCC_GetClocksFreq                        0x080024b1   Thumb Code   132  stm32f4xx_rcc.o(i.RCC_GetClocksFreq)
    SD_Configuration                         0x08002541   Thumb Code   268  peripheral_init.o(i.SD_Configuration)
    SPI_Cmd                                  0x0800266d   Thumb Code    20  stm32f4xx_spi.o(i.SPI_Cmd)
    SPI_I2S_GetFlagStatus                    0x08002681   Thumb Code    14  stm32f4xx_spi.o(i.SPI_I2S_GetFlagStatus)
    SPI_Init                                 0x0800268f   Thumb Code    56  stm32f4xx_spi.o(i.SPI_Init)
    SPI_StructInit                           0x080026c7   Thumb Code    24  stm32f4xx_spi.o(i.SPI_StructInit)
    STM32f4_Discovery_LCD_Init               0x080026e1   Thumb Code    90  stm32f4_discovery_lcd.o(i.STM32f4_Discovery_LCD_Init)
    STM_EVAL_LEDInit                         0x08002741   Thumb Code    62  stm32f4_discovery.o(i.STM_EVAL_LEDInit)
    STM_EVAL_LEDOff                          0x08002789   Thumb Code    16  stm32f4_discovery.o(i.STM_EVAL_LEDOff)
    STM_EVAL_LEDOn                           0x080027a1   Thumb Code    16  stm32f4_discovery.o(i.STM_EVAL_LEDOn)
    SYSCFG_EXTILineConfig                    0x080027b9   Thumb Code    42  stm32f4xx_syscfg.o(i.SYSCFG_EXTILineConfig)
    Set_GPIO_on                              0x0800289d   Thumb Code     4  basicio.o(i.Set_GPIO_on)
    StartUpTask                              0x080028a1   Thumb Code   140  ecumain.o(i.StartUpTask)
    SystemInit                               0x080029c1   Thumb Code    62  system_stm32f4xx.o(i.SystemInit)
    TIM_Cmd                                  0x08002a11   Thumb Code    20  stm32f4xx_tim.o(i.TIM_Cmd)
    TIM_GetCounter                           0x08002a25   Thumb Code     4  stm32f4xx_tim.o(i.TIM_GetCounter)
    TIM_SelectOnePulseMode                   0x08002a29   Thumb Code    16  stm32f4xx_tim.o(i.TIM_SelectOnePulseMode)
    TIM_SetCounter                           0x08002a39   Thumb Code     4  stm32f4xx_tim.o(i.TIM_SetCounter)
    TIM_TimeBaseInit                         0x08002a3d   Thumb Code    96  stm32f4xx_tim.o(i.TIM_TimeBaseInit)
    TM_FATFS_SD_disk_initialize              0x08002ab9   Thumb Code   214  fatfs_sd.o(i.TM_FATFS_SD_disk_initialize)
    TM_FATFS_SD_disk_ioctl                   0x08002b95   Thumb Code   440  fatfs_sd.o(i.TM_FATFS_SD_disk_ioctl)
    TM_FATFS_SD_disk_read                    0x08002d51   Thumb Code   114  fatfs_sd.o(i.TM_FATFS_SD_disk_read)
    TM_FATFS_SD_disk_status                  0x08002dc9   Thumb Code    14  fatfs_sd.o(i.TM_FATFS_SD_disk_status)
    TM_FATFS_SD_disk_write                   0x08002ddd   Thumb Code   142  fatfs_sd.o(i.TM_FATFS_SD_disk_write)
    TM_SPI_ReadMulti                         0x08002e71   Thumb Code    38  sdlib.o(i.TM_SPI_ReadMulti)
    TM_SPI_Send                              0x08002e97   Thumb Code    48  sdlib.o(i.TM_SPI_Send)
    TM_SPI_WriteMulti                        0x08002ec7   Thumb Code    34  sdlib.o(i.TM_SPI_WriteMulti)
    Timer_Configuration                      0x08002ee9   Thumb Code    60  peripheral_init.o(i.Timer_Configuration)
    UI_Configuration                         0x08002f25   Thumb Code   158  peripheral_init.o(i.UI_Configuration)
    USART_Cmd                                0x08002fc9   Thumb Code    20  stm32f4xx_usart.o(i.USART_Cmd)
    USART_Configuration                      0x08002fdd   Thumb Code   156  peripheral_init.o(i.USART_Configuration)
    USART_Init                               0x08003081   Thumb Code   164  stm32f4xx_usart.o(i.USART_Init)
    USART_StructInit                         0x0800312d   Thumb Code    22  stm32f4xx_usart.o(i.USART_StructInit)
    UserTask_CANMsgRec                       0x08003145   Thumb Code    36  ecumain.o(i.UserTask_CANMsgRec)
    UserTask_CANMsgSend                      0x08003175   Thumb Code    86  ecumain.o(i.UserTask_CANMsgSend)
    UserTask_LCDOutput                       0x080031d9   Thumb Code    12  ecumain.o(i.UserTask_LCDOutput)
    UserTask_SDwrite                         0x080031e5   Thumb Code   476  ecumain.o(i.UserTask_SDwrite)
    UserTask_TerminalOutput                  0x080033fd   Thumb Code   306  ecumain.o(i.UserTask_TerminalOutput)
    __scatterload_copy                       0x080035f9   Thumb Code    14  handlers.o(i.__scatterload_copy)
    __scatterload_null                       0x08003607   Thumb Code     2  handlers.o(i.__scatterload_null)
    __scatterload_zeroinit                   0x08003609   Thumb Code    14  handlers.o(i.__scatterload_zeroinit)
    _putch                                   0x08003619   Thumb Code    18  bsp.o(i._putch)
    bin2ascii                                0x08003631   Thumb Code    16  basicio.o(i.bin2ascii)
    clust2sect                               0x080036ad   Thumb Code    24  ff.o(i.clust2sect)
    disk_initialize                          0x08003a73   Thumb Code    14  diskio.o(i.disk_initialize)
    disk_ioctl                               0x08003a81   Thumb Code    20  diskio.o(i.disk_ioctl)
    disk_read                                0x08003a95   Thumb Code    30  diskio.o(i.disk_read)
    disk_status                              0x08003ab3   Thumb Code    14  diskio.o(i.disk_status)
    disk_write                               0x08003ac1   Thumb Code    34  diskio.o(i.disk_write)
    f_close                                  0x08003ae3   Thumb Code    28  ff.o(i.f_close)
    f_lseek                                  0x08003aff   Thumb Code   302  ff.o(i.f_lseek)
    f_mount                                  0x08003c2d   Thumb Code    72  ff.o(i.f_mount)
    f_open                                   0x08003c79   Thumb Code   312  ff.o(i.f_open)
    f_printf                                 0x08003db1   Thumb Code   488  ff.o(i.f_printf)
    f_puts                                   0x08003f99   Thumb Code    70  ff.o(i.f_puts)
    f_sync                                   0x08003fdf   Thumb Code   152  ff.o(i.f_sync)
    f_write                                  0x08004077   Thumb Code   382  ff.o(i.f_write)
    get_fat                                  0x080044d7   Thumb Code   182  ff.o(i.get_fat)
    get_fattime                              0x0800458d   Thumb Code     4  diskio.o(i.get_fattime)
    main                                     0x080045e5   Thumb Code    66  ecumain.o(i.main)
    print_hex16                              0x080046dd   Thumb Code    26  basicio.o(i.print_hex16)
    print_hexbyte                            0x080046fd   Thumb Code    30  basicio.o(i.print_hexbyte)
    print_int                                0x0800471b   Thumb Code    30  basicio.o(i.print_int)
    print_string                             0x08004739   Thumb Code    22  basicio.o(i.print_string)
    print_uint                               0x08004751   Thumb Code    70  basicio.o(i.print_uint)
    put_fat                                  0x0800479d   Thumb Code   250  ff.o(i.put_fat)
    uint2str                                 0x08004b39   Thumb Code    90  basicio.o(i.uint2str)
    OSUnMapTbl                               0x08004c5c   Data         256  os_core.o(.constdata)
    BUTTON_PORT_SOURCE                       0x08004dac   Data           1  stm32f4_discovery.o(.constdata)
    BUTTON_PIN_SOURCE                        0x08004dad   Data           1  stm32f4_discovery.o(.constdata)
    BUTTON_IRQn                              0x08004dae   Data           1  stm32f4_discovery.o(.constdata)
    BUTTON_PIN                               0x08004db0   Data           2  stm32f4_discovery.o(.constdata)
    BUTTON_EXTI_LINE                         0x08004db2   Data           2  stm32f4_discovery.o(.constdata)
    BUTTON_CLK                               0x08004db4   Data           4  stm32f4_discovery.o(.constdata)
    GPIO_PIN                                 0x08004db8   Data           8  stm32f4_discovery.o(.constdata)
    GPIO_CLK                                 0x08004dc0   Data          16  stm32f4_discovery.o(.constdata)
    Arial_18x27_Table                        0x08004dd0   Data       10260  fonts.o(.constdata)
    Arial_13x19_Table                        0x080075e4   Data        7220  fonts.o(.constdata)
    Arial_10x15_Table                        0x08009218   Data        5700  fonts.o(.constdata)
    Region$$Table$$Base                      0x0800abd8   Number         0  anon$$obj.o(Region$$Table)
    Region$$Table$$Limit                     0x0800abf8   Number         0  anon$$obj.o(Region$$Table)
    res                                      0x20000000   Data           1  ecumain.o(.data)
    Potivalue                                0x20000002   Data           2  ecumain.o(.data)
    ThrottleCmdNew                           0x20000004   Data           4  ecumain.o(.data)
    ThrottleCmdNew_str                       0x20000008   Data           5  ecumain.o(.data)
    OS_CPU_ExceptStkBase                     0x20000010   Data           4  os_cpu_c.o(.data)
    OSCPUUsage                               0x20000014   Data           1  os_core.o(.data)
    OSStatRdy                                0x20000015   Data           1  os_core.o(.data)
    OSIntNesting                             0x20000016   Data           1  os_core.o(.data)
    OSLockNesting                            0x20000017   Data           1  os_core.o(.data)
    OSPrioCur                                0x20000018   Data           1  os_core.o(.data)
    OSPrioHighRdy                            0x20000019   Data           1  os_core.o(.data)
    OSRdyGrp                                 0x2000001a   Data           1  os_core.o(.data)
    OSRunning                                0x2000001b   Data           1  os_core.o(.data)
    OSTaskCtr                                0x2000001c   Data           1  os_core.o(.data)
    OSCtxSwCtr                               0x20000020   Data           4  os_core.o(.data)
    OSIdleCtrMax                             0x20000024   Data           4  os_core.o(.data)
    OSIdleCtrRun                             0x20000028   Data           4  os_core.o(.data)
    OSIdleCtr                                0x2000002c   Data           4  os_core.o(.data)
    OSTCBCur                                 0x20000030   Data           4  os_core.o(.data)
    OSTCBFreeList                            0x20000034   Data           4  os_core.o(.data)
    OSTCBHighRdy                             0x20000038   Data           4  os_core.o(.data)
    OSTCBList                                0x2000003c   Data           4  os_core.o(.data)
    OSRdyTbl                                 0x20000040   Data           8  os_core.o(.data)
    BUTTON_PORT                              0x20000058   Data           4  stm32f4_discovery.o(.data)
    GPIO_PORT                                0x2000005c   Data          16  stm32f4_discovery.o(.data)
    Arial_18x27                              0x2000007c   Data           8  fonts.o(.data)
    Arial_13x19                              0x20000084   Data           8  fonts.o(.data)
    Arial_10x15                              0x2000008c   Data           8  fonts.o(.data)
    LCD_state                                0x20000094   Data           1  lcdlib.o(.data)
    d                                        0x200000ae   Data           1  fatfs_sd.o(.data)
    UserTaskStk                              0x200000b0   Data        2560  ecumain.o(.bss)
    StartUpTaskStk                           0x20000ab0   Data         512  ecumain.o(.bss)
    MotorParam                               0x20000cb0   Data          32  ecumain.o(.bss)
    BatteryParam                             0x20000cd0   Data          18  ecumain.o(.bss)
    FatFs                                    0x20000ce4   Data         560  ecumain.o(.bss)
    fil                                      0x20000f14   Data         548  ecumain.o(.bss)
    OS_CPU_ExceptStk                         0x20001138   Data         512  os_cpu_c.o(.bss)
    OSTaskStatStk                            0x20001338   Data         512  os_core.o(.bss)
    OSTaskIdleStk                            0x20001538   Data         512  os_core.o(.bss)
    OSTCBPrioTbl                             0x20001738   Data         256  os_core.o(.bss)
    OSTCBTbl                                 0x20001838   Data         384  os_core.o(.bss)
    CanRecMsg                                0x200019b8   Data          20  canlib.o(.bss)
    CanSendMsg                               0x200019cc   Data          20  canlib.o(.bss)
    LCDParam                                 0x200019e0   Data          56  canlib.o(.bss)
    __initial_sp                             0x20001e18   Data           0  startup_stm32f4xx.o(STACK)



==============================================================================

Memory Map of the image

  Image Entry point : 0x08000189

  Load Region LR_IROM1 (Base: 0x08000000, Size: 0x0000aca8, Max: 0x00100000, ABSOLUTE)

    Execution Region ER_IROM1 (Base: 0x08000000, Size: 0x0000abf8, Max: 0x00100000, ABSOLUTE)

    Base Addr    Size         Type   Attr      Idx    E Section Name        Object

    0x08000000   0x00000188   Data   RO            3    RESET               startup_stm32f4xx.o
    0x08000188   0x00000000   Code   RO         3904  * .ARM.Collect$$$$00000000  mc_w.l(entry.o)
    0x08000188   0x00000004   Code   RO         3941    .ARM.Collect$$$$00000001  mc_w.l(entry2.o)
    0x0800018c   0x00000004   Code   RO         3944    .ARM.Collect$$$$00000004  mc_w.l(entry5.o)
    0x08000190   0x00000000   Code   RO         3946    .ARM.Collect$$$$00000008  mc_w.l(entry7b.o)
    0x08000190   0x00000000   Code   RO         3948    .ARM.Collect$$$$0000000A  mc_w.l(entry8b.o)
    0x08000190   0x00000008   Code   RO         3949    .ARM.Collect$$$$0000000B  mc_w.l(entry9a.o)
    0x08000198   0x00000000   Code   RO         3951    .ARM.Collect$$$$0000000D  mc_w.l(entry10a.o)
    0x08000198   0x00000000   Code   RO         3953    .ARM.Collect$$$$0000000F  mc_w.l(entry11a.o)
    0x08000198   0x00000004   Code   RO         3942    .ARM.Collect$$$$00002712  mc_w.l(entry2.o)
    0x0800019c   0x00000024   Code   RO            4    .text               startup_stm32f4xx.o
    0x080001c0   0x000000a4   Code   RO          353    .text               os_cpu_a.o
    0x08000264   0x00000024   Code   RO         3907    .text               mc_w.l(memcpya.o)
    0x08000288   0x0000000e   Code   RO         3909    .text               mc_w.l(strlen.o)
    0x08000296   0x000000b0   Code   RO         3913    .text               mf_w.l(fadd.o)
    0x08000346   0x00000064   Code   RO         3915    .text               mf_w.l(fmul.o)
    0x080003aa   0x0000007c   Code   RO         3917    .text               mf_w.l(fdiv.o)
    0x08000426   0x00000018   Code   RO         3919    .text               mf_w.l(fscalb.o)
    0x0800043e   0x000000de   Code   RO         3921    .text               mf_w.l(ddiv.o)
    0x0800051c   0x0000000a   Code   RO         3923    .text               mf_w.l(ffltui.o)
    0x08000526   0x0000001a   Code   RO         3927    .text               mf_w.l(dfltui.o)
    0x08000540   0x00000028   Code   RO         3929    .text               mf_w.l(ffixui.o)
    0x08000568   0x00000032   Code   RO         3931    .text               mf_w.l(dfixui.o)
    0x0800059a   0x00000002   PAD
    0x0800059c   0x00000014   Code   RO         3937    .text               mf_w.l(cfcmple.o)
    0x080005b0   0x00000014   Code   RO         3939    .text               mf_w.l(cfrcmple.o)
    0x080005c4   0x00000020   Code   RO         3955    .text               mc_w.l(llushr.o)
    0x080005e4   0x00000000   Code   RO         3957    .text               mc_w.l(iusefp.o)
    0x080005e4   0x0000006e   Code   RO         3958    .text               mf_w.l(fepilogue.o)
    0x08000652   0x000000b6   Code   RO         3960    .text               mf_w.l(depilogue.o)
    0x08000708   0x00000024   Code   RO         3962    .text               mc_w.l(init.o)
    0x0800072c   0x0000001e   Code   RO         3964    .text               mc_w.l(llshl.o)
    0x0800074a   0x00000014   Code   RO          660    i.ADC_Cmd           stm32f4xx_adc.o
    0x0800075e   0x00000002   PAD
    0x08000760   0x00000074   Code   RO         2720    i.ADC_Configuration  peripheral_init.o
    0x080007d4   0x00000018   Code   RO          666    i.ADC_DeInit        stm32f4xx_adc.o
    0x080007ec   0x00000006   Code   RO          672    i.ADC_GetConversionValue  stm32f4xx_adc.o
    0x080007f2   0x0000000e   Code   RO          673    i.ADC_GetFlagStatus  stm32f4xx_adc.o
    0x08000800   0x0000004c   Code   RO          680    i.ADC_Init          stm32f4xx_adc.o
    0x0800084c   0x00000074   Code   RO          685    i.ADC_RegularChannelConfig  stm32f4xx_adc.o
    0x080008c0   0x0000000a   Code   RO          687    i.ADC_SoftwareStartConv  stm32f4xx_adc.o
    0x080008ca   0x00000014   Code   RO          689    i.ADC_StructInit    stm32f4xx_adc.o
    0x080008de   0x0000000e   Code   RO         2806    i.BSP_CPU_ClkFreq   bsp.o
    0x080008ec   0x000000cc   Code   RO         2721    i.CAN_Configuration  peripheral_init.o
    0x080009b8   0x0000002c   Code   RO          900    i.CAN_DeInit        stm32f4xx_can.o
    0x080009e4   0x00000058   Code   RO         2951    i.CAN_FillThrottlemsg  canlib.o
    0x08000a3c   0x000000cc   Code   RO          902    i.CAN_FilterInit    stm32f4xx_can.o
    0x08000b08   0x000000e8   Code   RO          909    i.CAN_Init          stm32f4xx_can.o
    0x08000bf0   0x00000090   Code   RO          912    i.CAN_Receive       stm32f4xx_can.o
    0x08000c80   0x00000098   Code   RO         2953    i.CAN_ReceiveBatteryParameters  canlib.o
    0x08000d18   0x00000008   Code   RO         2954    i.CAN_ReceiveMessage  canlib.o
    0x08000d20   0x000000f4   Code   RO         2955    i.CAN_ReceiveMotorParameters  canlib.o
    0x08000e14   0x00000020   Code   RO          915    i.CAN_StructInit    stm32f4xx_can.o
    0x08000e34   0x000000a4   Code   RO          917    i.CAN_Transmit      stm32f4xx_can.o
    0x08000ed8   0x0000002c   Code   RO           12    i.EXTI0_IRQHandler  ecumain.o
    0x08000f04   0x0000000c   Code   RO         1060    i.EXTI_ClearITPendingBit  stm32f4xx_exti.o
    0x08000f10   0x00000020   Code   RO         1064    i.EXTI_GetITStatus  stm32f4xx_exti.o
    0x08000f30   0x00000070   Code   RO         1065    i.EXTI_Init         stm32f4xx_exti.o
    0x08000fa0   0x00000020   Code   RO         1132    i.FSMC_NORSRAMCmd   stm32f4xx_fsmc.o
    0x08000fc0   0x000000c8   Code   RO         1134    i.FSMC_NORSRAMInit  stm32f4xx_fsmc.o
    0x08001088   0x000000a2   Code   RO         1250    i.GPIO_Init         stm32f4xx_gpio.o
    0x0800112a   0x00000020   Code   RO         1251    i.GPIO_PinAFConfig  stm32f4xx_gpio.o
    0x0800114a   0x00000004   Code   RO         1257    i.GPIO_ResetBits    stm32f4xx_gpio.o
    0x0800114e   0x00000004   Code   RO         1258    i.GPIO_SetBits      stm32f4xx_gpio.o
    0x08001152   0x00000002   PAD
    0x08001154   0x00000024   Code   RO         3011    i.Get_Potvalue      adclib.o
    0x08001178   0x00000030   Code   RO         2956    i.Initialize_LCDStructure  canlib.o
    0x080011a8   0x0000002c   Code   RO         3031    i.LCD_Clear         stm32f4_discovery_lcd.o
    0x080011d4   0x00000170   Code   RO         3035    i.LCD_CtrlLinesConfig  stm32f4_discovery_lcd.o
    0x08001344   0x00000020   Code   RO         3036    i.LCD_DisplayChar   stm32f4_discovery_lcd.o
    0x08001364   0x0000008c   Code   RO         3040    i.LCD_DisplayString_Col_Line_Align  stm32f4_discovery_lcd.o
    0x080013f0   0x00000068   Code   RO         3041    i.LCD_DisplayString_Pos_Align  stm32f4_discovery_lcd.o
    0x08001458   0x0000023c   Code   RO         3342    i.LCD_Display_Measured_Values  lcdlib.o
    0x08001694   0x000001bc   Code   RO         3343    i.LCD_Display_Parameters  lcdlib.o
    0x08001850   0x000000a0   Code   RO         3042    i.LCD_DrawChar      stm32f4_discovery_lcd.o
    0x080018f0   0x00000090   Code   RO         3045    i.LCD_DrawFullRect  stm32f4_discovery_lcd.o
    0x08001980   0x00000064   Code   RO         3046    i.LCD_DrawLine      stm32f4_discovery_lcd.o
    0x080019e4   0x00000040   Code   RO         3048    i.LCD_DrawRect      stm32f4_discovery_lcd.o
    0x08001a24   0x00000056   Code   RO         3050    i.LCD_FSMCConfig    stm32f4_discovery_lcd.o
    0x08001a7a   0x00000002   PAD
    0x08001a7c   0x0000006c   Code   RO         3052    i.LCD_Form_Str      stm32f4_discovery_lcd.o
    0x08001ae8   0x0000000e   Code   RO         3344    i.LCD_Init          lcdlib.o
    0x08001af6   0x00000002   PAD
    0x08001af8   0x00000010   Code   RO         3060    i.LCD_ReadReg       stm32f4_discovery_lcd.o
    0x08001b08   0x000001a0   Code   RO         3061    i.LCD_SSD1289_InitChip  stm32f4_discovery_lcd.o
    0x08001ca8   0x00000018   Code   RO         3063    i.LCD_SetColors     stm32f4_discovery_lcd.o
    0x08001cc0   0x00000016   Code   RO         3064    i.LCD_SetCursor     stm32f4_discovery_lcd.o
    0x08001cd6   0x00000002   PAD
    0x08001cd8   0x0000000c   Code   RO         3066    i.LCD_SetFont       stm32f4_discovery_lcd.o
    0x08001ce4   0x00000010   Code   RO         3072    i.LCD_WriteReg      stm32f4_discovery_lcd.o
    0x08001cf4   0x00000020   Code   RO         2722    i.LED_Configuration  peripheral_init.o
    0x08001d14   0x00000004   Code   RO         2613    i.LED_off           basicio.o
    0x08001d18   0x00000004   Code   RO         2614    i.LED_on            basicio.o
    0x08001d1c   0x00000064   Code   RO          610    i.NVIC_Init         misc.o
    0x08001d80   0x000000a4   Code   RO          404    i.OSInit            os_core.o
    0x08001e24   0x00000020   Code   RO          255    i.OSInitHookBegin   os_cpu_c.o
    0x08001e44   0x00000002   Code   RO          256    i.OSInitHookEnd     os_cpu_c.o
    0x08001e46   0x00000002   PAD
    0x08001e48   0x00000054   Code   RO          406    i.OSIntExit         os_core.o
    0x08001e9c   0x00000030   Code   RO          407    i.OSStart           os_core.o
    0x08001ecc   0x00000002   Code   RO          257    i.OSTCBInitHook     os_cpu_c.o
    0x08001ece   0x00000002   PAD
    0x08001ed0   0x00000088   Code   RO          530    i.OSTaskCreate      os_task.o
    0x08001f58   0x00000002   Code   RO          258    i.OSTaskCreateHook  os_cpu_c.o
    0x08001f5a   0x00000002   Code   RO          260    i.OSTaskIdleHook    os_cpu_c.o
    0x08001f5c   0x00000058   Code   RO          532    i.OSTaskNameSet     os_task.o
    0x08001fb4   0x00000002   Code   RO          261    i.OSTaskReturnHook  os_cpu_c.o
    0x08001fb6   0x00000002   Code   RO          262    i.OSTaskStatHook    os_cpu_c.o
    0x08001fb8   0x00000078   Code   RO          263    i.OSTaskStkInit     os_cpu_c.o
    0x08002030   0x00000084   Code   RO          536    i.OSTaskSuspend     os_task.o
    0x080020b4   0x00000002   Code   RO          264    i.OSTaskSwHook      os_cpu_c.o
    0x080020b6   0x00000002   PAD
    0x080020b8   0x00000060   Code   RO          584    i.OSTimeDly         os_time.o
    0x08002118   0x00000064   Code   RO          409    i.OSTimeTick        os_core.o
    0x0800217c   0x00000006   Code   RO          410    i.OSVersion         os_core.o
    0x08002182   0x00000004   Code   RO         2810    i.OS_CPU_SysTickClkFreq  bsp.o
    0x08002186   0x00000002   PAD
    0x08002188   0x00000024   Code   RO          265    i.OS_CPU_SysTickHandler  os_cpu_c.o
    0x080021ac   0x00000026   Code   RO          266    i.OS_CPU_SysTickInit  os_cpu_c.o
    0x080021d2   0x00000002   PAD
    0x080021d4   0x00000058   Code   RO          411    i.OS_InitTCBList    os_core.o
    0x0800222c   0x00000012   Code   RO          412    i.OS_MemClr         os_core.o
    0x0800223e   0x00000002   PAD
    0x08002240   0x00000044   Code   RO          414    i.OS_Sched          os_core.o
    0x08002284   0x00000020   Code   RO          415    i.OS_SchedNew       os_core.o
    0x080022a4   0x000000bc   Code   RO          417    i.OS_TCBInit        os_core.o
    0x08002360   0x0000001c   Code   RO          418    i.OS_TaskIdle       os_core.o
    0x0800237c   0x00000014   Code   RO          537    i.OS_TaskReturn     os_task.o
    0x08002390   0x00000064   Code   RO          419    i.OS_TaskStat       os_core.o
    0x080023f4   0x0000002a   Code   RO         2723    i.Periph_Init       peripheral_init.o
    0x0800241e   0x00000002   PAD
    0x08002420   0x00000018   Code   RO         1347    i.RCC_AHB1PeriphClockCmd  stm32f4xx_rcc.o
    0x08002438   0x00000018   Code   RO         1353    i.RCC_AHB3PeriphClockCmd  stm32f4xx_rcc.o
    0x08002450   0x00000018   Code   RO         1356    i.RCC_APB1PeriphClockCmd  stm32f4xx_rcc.o
    0x08002468   0x00000018   Code   RO         1358    i.RCC_APB1PeriphResetCmd  stm32f4xx_rcc.o
    0x08002480   0x00000018   Code   RO         1359    i.RCC_APB2PeriphClockCmd  stm32f4xx_rcc.o
    0x08002498   0x00000018   Code   RO         1361    i.RCC_APB2PeriphResetCmd  stm32f4xx_rcc.o
    0x080024b0   0x00000090   Code   RO         1368    i.RCC_GetClocksFreq  stm32f4xx_rcc.o
    0x08002540   0x0000012c   Code   RO         2724    i.SD_Configuration  peripheral_init.o
    0x0800266c   0x00000014   Code   RO         1633    i.SPI_Cmd           stm32f4xx_spi.o
    0x08002680   0x0000000e   Code   RO         1641    i.SPI_I2S_GetFlagStatus  stm32f4xx_spi.o
    0x0800268e   0x00000038   Code   RO         1646    i.SPI_Init          stm32f4xx_spi.o
    0x080026c6   0x00000018   Code   RO         1649    i.SPI_StructInit    stm32f4xx_spi.o
    0x080026de   0x00000002   PAD
    0x080026e0   0x00000060   Code   RO         3074    i.STM32f4_Discovery_LCD_Init  stm32f4_discovery_lcd.o
    0x08002740   0x00000048   Code   RO         2896    i.STM_EVAL_LEDInit  stm32f4_discovery.o
    0x08002788   0x00000018   Code   RO         2897    i.STM_EVAL_LEDOff   stm32f4_discovery.o
    0x080027a0   0x00000018   Code   RO         2898    i.STM_EVAL_LEDOn    stm32f4_discovery.o
    0x080027b8   0x00000030   Code   RO         1794    i.SYSCFG_EXTILineConfig  stm32f4xx_syscfg.o
    0x080027e8   0x000000b4   Code   RO         2576    i.SetSysClock       system_stm32f4xx.o
    0x0800289c   0x00000004   Code   RO         2616    i.Set_GPIO_on       basicio.o
    0x080028a0   0x00000120   Code   RO           14    i.StartUpTask       ecumain.o
    0x080029c0   0x00000050   Code   RO         2578    i.SystemInit        system_stm32f4xx.o
    0x08002a10   0x00000014   Code   RO         1855    i.TIM_Cmd           stm32f4xx_tim.o
    0x08002a24   0x00000004   Code   RO         1874    i.TIM_GetCounter    stm32f4xx_tim.o
    0x08002a28   0x00000010   Code   RO         1912    i.TIM_SelectOnePulseMode  stm32f4xx_tim.o
    0x08002a38   0x00000004   Code   RO         1921    i.TIM_SetCounter    stm32f4xx_tim.o
    0x08002a3c   0x0000007c   Code   RO         1927    i.TIM_TimeBaseInit  stm32f4xx_tim.o
    0x08002ab8   0x000000dc   Code   RO         3804    i.TM_FATFS_SD_disk_initialize  fatfs_sd.o
    0x08002b94   0x000001bc   Code   RO         3805    i.TM_FATFS_SD_disk_ioctl  fatfs_sd.o
    0x08002d50   0x00000078   Code   RO         3806    i.TM_FATFS_SD_disk_read  fatfs_sd.o
    0x08002dc8   0x00000014   Code   RO         3807    i.TM_FATFS_SD_disk_status  fatfs_sd.o
    0x08002ddc   0x00000094   Code   RO         3808    i.TM_FATFS_SD_disk_write  fatfs_sd.o
    0x08002e70   0x00000026   Code   RO         3402    i.TM_SPI_ReadMulti  sdlib.o
    0x08002e96   0x00000030   Code   RO         3403    i.TM_SPI_Send       sdlib.o
    0x08002ec6   0x00000022   Code   RO         3405    i.TM_SPI_WriteMulti  sdlib.o
    0x08002ee8   0x0000003c   Code   RO         2725    i.Timer_Configuration  peripheral_init.o
    0x08002f24   0x000000a4   Code   RO         2726    i.UI_Configuration  peripheral_init.o
    0x08002fc8   0x00000014   Code   RO         2392    i.USART_Cmd         stm32f4xx_usart.o
    0x08002fdc   0x000000a4   Code   RO         2727    i.USART_Configuration  peripheral_init.o
    0x08003080   0x000000ac   Code   RO         2399    i.USART_Init        stm32f4xx_usart.o
    0x0800312c   0x00000016   Code   RO         2415    i.USART_StructInit  stm32f4xx_usart.o
    0x08003142   0x00000002   PAD
    0x08003144   0x00000030   Code   RO           15    i.UserTask_CANMsgRec  ecumain.o
    0x08003174   0x00000064   Code   RO           16    i.UserTask_CANMsgSend  ecumain.o
    0x080031d8   0x0000000c   Code   RO           17    i.UserTask_LCDOutput  ecumain.o
    0x080031e4   0x00000218   Code   RO           18    i.UserTask_SDwrite  ecumain.o
    0x080033fc   0x000001fc   Code   RO           19    i.UserTask_TerminalOutput  ecumain.o
    0x080035f8   0x0000000e   Code   RO         3968    i.__scatterload_copy  mc_w.l(handlers.o)
    0x08003606   0x00000002   Code   RO         3969    i.__scatterload_null  mc_w.l(handlers.o)
    0x08003608   0x0000000e   Code   RO         3970    i.__scatterload_zeroinit  mc_w.l(handlers.o)
    0x08003616   0x00000002   PAD
    0x08003618   0x00000018   Code   RO         2813    i._putch            bsp.o
    0x08003630   0x00000010   Code   RO         2618    i.bin2ascii         basicio.o
    0x08003640   0x0000005c   Code   RO         3507    i.check_fs          ff.o
    0x0800369c   0x00000010   Code   RO         3508    i.chk_chr           ff.o
    0x080036ac   0x00000018   Code   RO         3509    i.clust2sect        ff.o
    0x080036c4   0x0000009e   Code   RO         3510    i.create_chain      ff.o
    0x08003762   0x00000002   PAD
    0x08003764   0x00000108   Code   RO         3511    i.create_name       ff.o
    0x0800386c   0x00000018   Code   RO         3075    i.delay             stm32f4_discovery_lcd.o
    0x08003884   0x00000010   Code   RO         3810    i.deselect          fatfs_sd.o
    0x08003894   0x00000042   Code   RO         3512    i.dir_alloc         ff.o
    0x080038d6   0x000000e6   Code   RO         3513    i.dir_next          ff.o
    0x080039bc   0x00000038   Code   RO         3515    i.dir_register      ff.o
    0x080039f4   0x0000007e   Code   RO         3517    i.dir_sdi           ff.o
    0x08003a72   0x0000000e   Code   RO         3453    i.disk_initialize   diskio.o
    0x08003a80   0x00000014   Code   RO         3454    i.disk_ioctl        diskio.o
    0x08003a94   0x0000001e   Code   RO         3455    i.disk_read         diskio.o
    0x08003ab2   0x0000000e   Code   RO         3456    i.disk_status       diskio.o
    0x08003ac0   0x00000022   Code   RO         3457    i.disk_write        diskio.o
    0x08003ae2   0x0000001c   Code   RO         3519    i.f_close           ff.o
    0x08003afe   0x0000012e   Code   RO         3524    i.f_lseek           ff.o
    0x08003c2c   0x0000004c   Code   RO         3526    i.f_mount           ff.o
    0x08003c78   0x00000138   Code   RO         3527    i.f_open            ff.o
    0x08003db0   0x000001e8   Code   RO         3529    i.f_printf          ff.o
    0x08003f98   0x00000046   Code   RO         3531    i.f_puts            ff.o
    0x08003fde   0x00000098   Code   RO         3537    i.f_sync            ff.o
    0x08004076   0x0000017e   Code   RO         3541    i.f_write           ff.o
    0x080041f4   0x00000238   Code   RO         3542    i.find_volume       ff.o
    0x0800442c   0x000000aa   Code   RO         3543    i.follow_path       ff.o
    0x080044d6   0x000000b6   Code   RO         3544    i.get_fat           ff.o
    0x0800458c   0x00000008   Code   RO         3458    i.get_fattime       diskio.o
    0x08004594   0x0000003c   Code   RO         3546    i.get_ldnumber      ff.o
    0x080045d0   0x00000012   Code   RO         3547    i.ld_clust          ff.o
    0x080045e2   0x00000002   PAD
    0x080045e4   0x000000a8   Code   RO           20    i.main              ecumain.o
    0x0800468c   0x00000012   Code   RO         3548    i.mem_cpy           ff.o
    0x0800469e   0x0000000e   Code   RO         3549    i.mem_set           ff.o
    0x080046ac   0x0000002e   Code   RO         3550    i.move_window       ff.o
    0x080046da   0x00000002   PAD
    0x080046dc   0x00000020   Code   RO         2621    i.print_hex16       basicio.o
    0x080046fc   0x0000001e   Code   RO         2623    i.print_hexbyte     basicio.o
    0x0800471a   0x0000001e   Code   RO         2625    i.print_int         basicio.o
    0x08004738   0x00000016   Code   RO         2626    i.print_string      basicio.o
    0x0800474e   0x00000002   PAD
    0x08004750   0x0000004c   Code   RO         2627    i.print_uint        basicio.o
    0x0800479c   0x000000fa   Code   RO         3551    i.put_fat           ff.o
    0x08004896   0x00000046   Code   RO         3552    i.putc_bfd          ff.o
    0x080048dc   0x00000038   Code   RO         3811    i.rcvr_datablock    fatfs_sd.o
    0x08004914   0x00000062   Code   RO         3553    i.remove_chain      ff.o
    0x08004976   0x00000002   PAD
    0x08004978   0x00000028   Code   RO         3812    i.select            fatfs_sd.o
    0x080049a0   0x00000086   Code   RO         3813    i.send_cmd          fatfs_sd.o
    0x08004a26   0x00000010   Code   RO         3554    i.st_clust          ff.o
    0x08004a36   0x000000b0   Code   RO         3555    i.sync_fs           ff.o
    0x08004ae6   0x00000050   Code   RO         3556    i.sync_window       ff.o
    0x08004b36   0x00000002   PAD
    0x08004b38   0x00000060   Code   RO         2628    i.uint2str          basicio.o
    0x08004b98   0x00000026   Code   RO         3557    i.validate          ff.o
    0x08004bbe   0x00000002   PAD
    0x08004bc0   0x00000040   Code   RO         3814    i.wait_ready        fatfs_sd.o
    0x08004c00   0x0000000c   Code   RO         3815    i.xchg_spi          fatfs_sd.o
    0x08004c0c   0x00000050   Code   RO         3816    i.xmit_datablock    fatfs_sd.o
    0x08004c5c   0x00000100   Data   RO          421    .constdata          os_core.o
    0x08004d5c   0x00000050   Data   RO         2629    .constdata          basicio.o
    0x08004dac   0x00000024   Data   RO         2902    .constdata          stm32f4_discovery.o
    0x08004dd0   0x00002814   Data   RO         3314    .constdata          fonts.o
    0x080075e4   0x00001c34   Data   RO         3316    .constdata          fonts.o
    0x08009218   0x00001644   Data   RO         3318    .constdata          fonts.o
    0x0800a85c   0x00000080   Data   RO         3558    .constdata          ff.o
    0x0800a8dc   0x000002fc   Data   RO           22    .conststring        ecumain.o
    0x0800abd8   0x00000020   Data   RO         3966    Region$$Table       anon$$obj.o


    Execution Region RW_IRAM1 (Base: 0x20000000, Size: 0x00001e18, Max: 0x00020000, ABSOLUTE)

    Base Addr    Size         Type   Attr      Idx    E Section Name        Object

    0x20000000   0x0000000d   Data   RW           24    .data               ecumain.o
    0x2000000d   0x00000003   PAD
    0x20000010   0x00000004   Data   RW          268    .data               os_cpu_c.o
    0x20000014   0x00000034   Data   RW          422    .data               os_core.o
    0x20000048   0x00000010   Data   RW         1391    .data               stm32f4xx_rcc.o
    0x20000058   0x00000014   Data   RW         2903    .data               stm32f4_discovery.o
    0x2000006c   0x0000000d   Data   RW         3076    .data               stm32f4_discovery_lcd.o
    0x20000079   0x00000003   PAD
    0x2000007c   0x00000008   Data   RW         3321    .data               fonts.o
    0x20000084   0x00000008   Data   RW         3323    .data               fonts.o
    0x2000008c   0x00000008   Data   RW         3325    .data               fonts.o
    0x20000094   0x0000000c   Data   RW         3348    .data               lcdlib.o
    0x200000a0   0x0000000c   Data   RW         3559    .data               ff.o
    0x200000ac   0x00000003   Data   RW         3817    .data               fatfs_sd.o
    0x200000af   0x00000001   PAD
    0x200000b0   0x00001088   Zero   RW           21    .bss                ecumain.o
    0x20001138   0x00000200   Zero   RW          267    .bss                os_cpu_c.o
    0x20001338   0x00000680   Zero   RW          420    .bss                os_core.o
    0x200019b8   0x00000014   Zero   RW         2957    .bss                canlib.o
    0x200019cc   0x00000014   Zero   RW         2958    .bss                canlib.o
    0x200019e0   0x00000038   Zero   RW         2961    .bss                canlib.o
    0x20001a18   0x00000400   Zero   RW            1    STACK               startup_stm32f4xx.o


==============================================================================

Image component sizes


      Code (inc. data)   RO Data    RW Data    ZI Data      Debug   Object Name

        36          4          0          0          0        539   adclib.o
       314         18         80          0          0       5662   basicio.o
        42          6          0          0          0       2056   bsp.o
       540         46          0          0         96       5399   canlib.o
       120          4          0          0          0       4848   diskio.o
      1704        544        764         13       4232     357090   ecumain.o
      1354         56          0          3          0      10340   fatfs_sd.o
      4646         44        128         12          0      26507   ff.o
         0          0      23180         24          0       1872   fonts.o
      1030        126          0         12          0       2294   lcdlib.o
       100          4          0          0          0       1112   misc.o
       924        136        256         52       1664      13438   os_core.o
       164         32          0          0          0        384   os_cpu_a.o
       240         24          0          4        512      12680   os_cpu_c.o
       376         46          0          0          0       2967   os_task.o
        96         20          0          0          0        612   os_time.o
      1082         66          0          0          0       9452   peripheral_init.o
       120          0          0          0          0       4529   sdlib.o
        36          8        392          0       1024        848   startup_stm32f4xx.o
       120         26         36         20          0       2883   stm32f4_discovery.o
      1976         98          0         13          0      14607   stm32f4_discovery_lcd.o
       286         10          0          0          0       6195   stm32f4xx_adc.o
       820         16          0          0          0       5427   stm32f4xx_can.o
       156         14          0          0          0       2372   stm32f4xx_exti.o
       232          6          0          0          0       2049   stm32f4xx_fsmc.o
       202          0          0          0          0       2971   stm32f4xx_gpio.o
       288         48          0         16          0       6494   stm32f4xx_rcc.o
       114          0          0          0          0       3106   stm32f4xx_spi.o
        48          6          0          0          0        660   stm32f4xx_syscfg.o
       168         28          0          0          0       4679   stm32f4xx_tim.o
       214          8          0          0          0       2760   stm32f4xx_usart.o
       260         36          0          0          0       1801   system_stm32f4xx.o

    ----------------------------------------------------------------------
     17850       1480      24868        176       7528     518633   Object Totals
         0          0         32          0          0          0   (incl. Generated)
        42          0          0          7          0          0   (incl. Padding)

    ----------------------------------------------------------------------

      Code (inc. data)   RO Data    RW Data    ZI Data      Debug   Library Member Name

         0          0          0          0          0          0   entry.o
         0          0          0          0          0          0   entry10a.o
         0          0          0          0          0          0   entry11a.o
         8          4          0          0          0          0   entry2.o
         4          0          0          0          0          0   entry5.o
         0          0          0          0          0          0   entry7b.o
         0          0          0          0          0          0   entry8b.o
         8          4          0          0          0          0   entry9a.o
        30          0          0          0          0          0   handlers.o
        36          8          0          0          0         68   init.o
         0          0          0          0          0          0   iusefp.o
        30          0          0          0          0         68   llshl.o
        32          0          0          0          0         68   llushr.o
        36          0          0          0          0         68   memcpya.o
        14          0          0          0          0         68   strlen.o
        20          0          0          0          0         68   cfcmple.o
        20          0          0          0          0         68   cfrcmple.o
       222          0          0          0          0        100   ddiv.o
       182          0          0          0          0        176   depilogue.o
        50          0          0          0          0         76   dfixui.o
        26          0          0          0          0         76   dfltui.o
       176          0          0          0          0        140   fadd.o
       124          0          0          0          0         88   fdiv.o
       110          0          0          0          0        168   fepilogue.o
        40          0          0          0          0         68   ffixui.o
        10          0          0          0          0         68   ffltui.o
       100          0          0          0          0         76   fmul.o
        24          0          0          0          0         68   fscalb.o

    ----------------------------------------------------------------------
      1306         16          0          0          0       1580   Library Totals
         4          0          0          0          0          0   (incl. Padding)

    ----------------------------------------------------------------------

      Code (inc. data)   RO Data    RW Data    ZI Data      Debug   Library Name

       198         16          0          0          0        340   mc_w.l
      1104          0          0          0          0       1240   mf_w.l

    ----------------------------------------------------------------------
      1306         16          0          0          0       1580   Library Totals

    ----------------------------------------------------------------------

==============================================================================


      Code (inc. data)   RO Data    RW Data    ZI Data      Debug   

     19156       1496      24868        176       7528     509965   Grand Totals
     19156       1496      24868        176       7528     509965   ELF Image Totals
     19156       1496      24868        176          0          0   ROM Totals

==============================================================================

    Total RO  Size (Code + RO Data)                44024 (  42.99kB)
    Total RW  Size (RW Data + ZI Data)              7704 (   7.52kB)
    Total ROM Size (Code + RO Data + RW Data)      44200 (  43.16kB)

==============================================================================

