<html>
<body>
<pre>
<h1>µVision Build Log</h1>
<h2>Project:</h2>
C:\Users\mct\Desktop\STM32F4_150318\Work_STM32F4xx\BatteryElectricDrive.uvproj
Project File Date:  03/18/2015

<h2>Output:</h2>
Rebuild target 'STM32F4xx'
assembling startup_stm32f4xx.s...
compiling BatteryElectricDrive.c...
src\BatteryElectricDrive.c(215): warning:  #550-D: variable "PotiScale100" was set but never used
compiling os_cpu_c.c...
compiling os_dbg.c...
assembling os_cpu_a.asm...
compiling cpu_c.c...
assembling cpu_a.asm...
compiling os_core.c...
compiling os_flag.c...
compiling os_q.c...
compiling os_sem.c...
compiling os_task.c...
compiling os_time.c...
compiling os_mem.c...
compiling os_tmr.c...
compiling misc.c...
compiling stm32f4xx_adc.c...
compiling stm32f4xx_can.c...
compiling stm32f4xx_exti.c...
compiling stm32f4xx_fsmc.c...
compiling stm32f4xx_gpio.c...
compiling stm32f4xx_rcc.c...
compiling stm32f4xx_spi.c...
compiling stm32f4xx_syscfg.c...
compiling stm32f4xx_tim.c...
compiling stm32f4xx_usart.c...
compiling system_stm32f4xx.c...
compiling BasicIO.c...
compiling Peripheral_init.c...
compiling bsp.c...
compiling stm32f4_discovery.c...
compiling CanLib.c...
compiling AdcLib.c...
compiling stm32f4_discovery_lcd.c...
compiling fonts.c...
compiling LcdLib.c...
compiling SDlib.c...
compiling diskio.c...
compiling ff.c...
compiling fatfs_sd.c...
linking...
Program Size: Code=19160 RO-data=25224 RW-data=180 ZI-data=7532  
".\obj\BatteryElectricDrive_test.axf" - 0 Error(s), 1 Warning(s).
Rebuild target 'STM32F4xx'
assembling startup_stm32f4xx.s...
compiling BatteryElectricDrive.c...
src\BatteryElectricDrive.c(215): warning:  #550-D: variable "PotiScale100" was set but never used
compiling os_cpu_c.c...
compiling os_dbg.c...
assembling os_cpu_a.asm...
compiling cpu_c.c...
assembling cpu_a.asm...
compiling os_core.c...
compiling os_flag.c...
compiling os_q.c...
compiling os_sem.c...
compiling os_task.c...
compiling os_time.c...
compiling os_mem.c...
compiling os_tmr.c...
compiling misc.c...
compiling stm32f4xx_adc.c...
compiling stm32f4xx_can.c...
compiling stm32f4xx_exti.c...
compiling stm32f4xx_fsmc.c...
compiling stm32f4xx_gpio.c...
compiling stm32f4xx_rcc.c...
compiling stm32f4xx_spi.c...
compiling stm32f4xx_syscfg.c...
compiling stm32f4xx_tim.c...
compiling stm32f4xx_usart.c...
compiling system_stm32f4xx.c...
compiling BasicIO.c...
compiling Peripheral_init.c...
compiling bsp.c...
compiling stm32f4_discovery.c...
compiling CanLib.c...
compiling AdcLib.c...
compiling stm32f4_discovery_lcd.c...
compiling fonts.c...
compiling LcdLib.c...
compiling SDlib.c...
compiling diskio.c...
compiling ff.c...
compiling fatfs_sd.c...
linking...
Program Size: Code=19160 RO-data=25224 RW-data=180 ZI-data=7532  
".\obj\BatteryElectricDrive_test.axf" - 0 Error(s), 1 Warning(s).
Clean started: Project: 'BatteryElectricDrive'
   deleting intermediate output files for target 'STM32F4xx'
Rebuild target 'STM32F4xx'
assembling startup_stm32f4xx.s...
compiling BatteryElectricDrive.c...
src\BatteryElectricDrive.c(215): warning:  #550-D: variable "PotiScale100" was set but never used
compiling os_cpu_c.c...
compiling os_dbg.c...
assembling os_cpu_a.asm...
compiling cpu_c.c...
assembling cpu_a.asm...
compiling os_core.c...
compiling os_flag.c...
compiling os_q.c...
compiling os_sem.c...
compiling os_task.c...
compiling os_time.c...
compiling os_mem.c...
compiling os_tmr.c...
compiling misc.c...
compiling stm32f4xx_adc.c...
compiling stm32f4xx_can.c...
compiling stm32f4xx_exti.c...
compiling stm32f4xx_fsmc.c...
compiling stm32f4xx_gpio.c...
compiling stm32f4xx_rcc.c...
compiling stm32f4xx_spi.c...
compiling stm32f4xx_syscfg.c...
compiling stm32f4xx_tim.c...
compiling stm32f4xx_usart.c...
compiling system_stm32f4xx.c...
compiling BasicIO.c...
compiling Peripheral_init.c...
compiling bsp.c...
compiling stm32f4_discovery.c...
compiling CanLib.c...
compiling AdcLib.c...
compiling stm32f4_discovery_lcd.c...
compiling fonts.c...
compiling LcdLib.c...
compiling SDlib.c...
compiling diskio.c...
compiling ff.c...
compiling fatfs_sd.c...
linking...
Program Size: Code=19160 RO-data=25224 RW-data=180 ZI-data=7532  
".\obj\BatteryElectricDrive_test.axf" - 0 Error(s), 1 Warning(s).
Rebuild target 'STM32F4xx'
assembling startup_stm32f4xx.s...
compiling BatteryElectricDrive.c...
.\init\mctDefs.h(120): error:  #36: the #if for this directive is missing
src\BatteryElectricDrive.c(215): warning:  #550-D: variable "PotiScale100" was set but never used
compiling os_cpu_c.c...
compiling os_dbg.c...
assembling os_cpu_a.asm...
compiling cpu_c.c...
assembling cpu_a.asm...
compiling os_core.c...
compiling os_flag.c...
compiling os_q.c...
compiling os_sem.c...
compiling os_task.c...
compiling os_time.c...
compiling os_mem.c...
compiling os_tmr.c...
compiling misc.c...
compiling stm32f4xx_adc.c...
compiling stm32f4xx_can.c...
compiling stm32f4xx_exti.c...
compiling stm32f4xx_fsmc.c...
compiling stm32f4xx_gpio.c...
compiling stm32f4xx_rcc.c...
compiling stm32f4xx_spi.c...
compiling stm32f4xx_syscfg.c...
compiling stm32f4xx_tim.c...
compiling stm32f4xx_usart.c...
compiling system_stm32f4xx.c...
compiling BasicIO.c...
.\init\mctDefs.h(120): error:  #36: the #if for this directive is missing
compiling Peripheral_init.c...
.\init\mctdefs.h(120): error:  #36: the #if for this directive is missing
compiling bsp.c...
compiling stm32f4_discovery.c...
compiling CanLib.c...
.\init\mctDefs.h(120): error:  #36: the #if for this directive is missing
compiling AdcLib.c...
.\init\mctDefs.h(120): error:  #36: the #if for this directive is missing
compiling stm32f4_discovery_lcd.c...
.\init\mctdefs.h(120): error:  #36: the #if for this directive is missing
compiling fonts.c...
compiling LcdLib.c...
.\init\mctdefs.h(120): error:  #36: the #if for this directive is missing
compiling SDlib.c...
.\init\mctDefs.h(120): error:  #36: the #if for this directive is missing
compiling diskio.c...
.\init\mctDefs.h(120): error:  #36: the #if for this directive is missing
compiling ff.c...
.\init\mctDefs.h(120): error:  #36: the #if for this directive is missing
compiling fatfs_sd.c...
.\init\mctDefs.h(120): error:  #36: the #if for this directive is missing
Target not created
Rebuild target 'STM32F4xx'
assembling startup_stm32f4xx.s...
compiling BatteryElectricDrive.c...
src\BatteryElectricDrive.c(215): warning:  #550-D: variable "PotiScale100" was set but never used
compiling os_cpu_c.c...
compiling os_dbg.c...
assembling os_cpu_a.asm...
compiling cpu_c.c...
assembling cpu_a.asm...
compiling os_core.c...
compiling os_flag.c...
compiling os_q.c...
compiling os_sem.c...
compiling os_task.c...
compiling os_time.c...
compiling os_mem.c...
compiling os_tmr.c...
compiling misc.c...
compiling stm32f4xx_adc.c...
compiling stm32f4xx_can.c...
compiling stm32f4xx_exti.c...
compiling stm32f4xx_fsmc.c...
compiling stm32f4xx_gpio.c...
compiling stm32f4xx_rcc.c...
compiling stm32f4xx_spi.c...
compiling stm32f4xx_syscfg.c...
compiling stm32f4xx_tim.c...
compiling stm32f4xx_usart.c...
compiling system_stm32f4xx.c...
compiling BasicIO.c...
compiling Peripheral_init.c...
compiling bsp.c...
compiling stm32f4_discovery.c...
compiling CanLib.c...
compiling AdcLib.c...
compiling stm32f4_discovery_lcd.c...
compiling fonts.c...
compiling LcdLib.c...
compiling SDlib.c...
compiling diskio.c...
compiling ff.c...
compiling fatfs_sd.c...
linking...
Program Size: Code=19160 RO-data=25224 RW-data=180 ZI-data=7532  
".\obj\BatteryElectricDrive_test.axf" - 0 Error(s), 1 Warning(s).
